05-07 10:15:16.744 D/TelephonyRegistry(  923): validateEventsAndUserLocked: valid=false r.callerUid=0 foregroundUser=0 r.events=256 events=1024
05-07 10:15:16.744 D/TelephonyRegistry(  923): validateEventsAndUserLocked: valid=false r.callerUid=0 foregroundUser=0 r.events=256 events=1024
05-07 10:15:16.744 D/TelephonyRegistry(  923): validateEventsAndUserLocked: valid=false r.callerUid=0 foregroundUser=0 r.events=256 events=1024
05-07 10:15:16.744 D/TelephonyRegistry(  923): validateEventsAndUserLocked: valid=false r.callerUid=0 foregroundUser=0 r.events=256 events=1024
05-07 10:15:16.744 D/TelephonyRegistry(  923): validateEventsAndUserLocked: valid=false r.callerUid=0 foregroundUser=0 r.events=256 events=1024
05-07 10:15:16.744 D/TelephonyRegistry(  923): validateEventsAndUserLocked: valid=false r.callerUid=0 foregroundUser=0 r.events=256 events=1024
05-07 10:15:16.744 D/TelephonyRegistry(  923): validateEventsAndUserLocked: valid=false r.callerUid=0 foregroundUser=0 r.events=256 events=1024
05-07 10:15:16.744 D/TelephonyRegistry(  923): validateEventsAndUserLocked: valid=false r.callerUid=0 foregroundUser=0 r.events=256 events=1024
05-07 10:15:16.744 D/TelephonyRegistry(  923): validateEventsAndUserLocked: valid=false r.callerUid=0 foregroundUser=0 r.events=256 events=1024
05-07 10:15:16.744 D/TelephonyRegistry(  923): validateEventsAndUserLocked: valid=false r.callerUid=0 foregroundUser=0 r.events=256 events=1024
05-07 10:15:16.744 D/TelephonyRegistry(  923): validateEventsAndUserLocked: valid=false r.callerUid=0 foregroundUser=0 r.events=256 events=1024
05-07 10:15:16.744 D/TelephonyRegistry(  923): validateEventsAndUserLocked: valid=false r.callerUid=0 foregroundUser=0 r.events=256 events=1024
05-07 10:15:16.744 D/TelephonyRegistry(  923): validateEventsAndUserLocked: valid=false r.callerUid=0 foregroundUser=0 r.events=256 events=1024
05-07 10:15:16.744 D/TelephonyRegistry(  923): validateEventsAndUserLocked: valid=false r.callerUid=0 foregroundUser=0 r.events=256 events=1024
05-07 10:15:16.744 D/TelephonyRegistry(  923): validateEventsAndUserLocked: valid=false r.callerUid=0 foregroundUser=0 r.events=256 events=1024
05-07 10:15:16.744 D/TelephonyRegistry(  923): validateEventsAndUserLocked: valid=false r.callerUid=0 foregroundUser=0 r.events=256 events=1024
05-07 10:15:16.744 D/TelephonyRegistry(  923): validateEventsAndUserLocked: valid=false r.callerUid=0 foregroundUser=0 r.events=256 events=1024
05-07 10:15:16.744 D/TelephonyRegistry(  923): validateEventsAndUserLocked: valid=false r.callerUid=0 foregroundUser=0 r.events=256 events=1024
05-07 10:15:16.744 D/TelephonyRegistry(  923): validateEventsAndUserLocked: valid=false r.callerUid=0 foregroundUser=0 r.events=256 events=1024
05-07 10:15:16.744 D/TelephonyRegistry(  923): validateEventsAndUserLocked: valid=false r.callerUid=0 foregroundUser=0 r.events=256 events=1024
05-07 10:15:16.744 D/TelephonyRegistry(  923): validateEventsAndUserLocked: valid=false r.callerUid=0 foregroundUser=0 r.events=256 events=1024
05-07 10:15:16.744 D/TelephonyRegistry(  923): validateEventsAndUserLocked: valid=false r.callerUid=0 foregroundUser=0 r.events=256 events=1024
05-07 10:15:16.744 D/TelephonyRegistry(  923): validateEventsAndUserLocked: valid=false r.callerUid=0 foregroundUser=0 r.events=256 events=1024
05-07 10:15:16.744 D/TelephonyRegistry(  923): validateEventsAndUserLocked: valid=false r.callerUid=0 foregroundUser=0 r.events=256 events=1024
05-07 10:15:16.744 D/TelephonyRegistry(  923): validateEventsAndUserLocked: valid=false r.callerUid=0 foregroundUser=0 r.events=256 events=1024
05-07 10:15:16.744 D/TelephonyRegistry(  923): validateEventsAndUserLocked: valid=false r.callerUid=0 foregroundUser=0 r.events=256 events=1024
05-07 10:15:16.744 D/TelephonyRegistry(  923): validateEventsAndUserLocked: valid=false r.callerUid=0 foregroundUser=0 r.events=256 events=1024
05-07 10:15:16.744 D/TelephonyRegistry(  923): validateEventsAndUserLocked: valid=false r.callerUid=0 foregroundUser=0 r.events=256 events=1024
05-07 10:15:16.744 D/TelephonyRegistry(  923): validateEventsAndUserLocked: valid=false r.callerUid=0 foregroundUser=0 r.events=256 events=1024
05-07 10:15:16.744 D/TelephonyRegistry(  923): validateEventsAndUserLocked: valid=false r.callerUid=0 foregroundUser=0 r.events=256 events=1024
05-07 10:15:16.744 D/TelephonyRegistry(  923): validateEventsAndUserLocked: valid=false r.callerUid=0 foregroundUser=0 r.events=256 events=1024
05-07 10:15:16.744 D/TelephonyRegistry(  923): validateEventsAndUserLocked: valid=false r.callerUid=0 foregroundUser=0 r.events=256 events=1024
05-07 10:15:16.744 D/TelephonyRegistry(  923): validateEventsAndUserLocked: valid=false r.callerUid=0 foregroundUser=0 r.events=256 events=1024
05-07 10:15:16.744 D/TelephonyRegistry(  923): validateEventsAndUserLocked: valid=false r.callerUid=0 foregroundUser=0 r.events=256 events=1024
05-07 10:15:16.744 D/TelephonyRegistry(  923): validateEventsAndUserLocked: valid=false r.callerUid=0 foregroundUser=0 r.events=256 events=1024
05-07 10:15:16.744 D/TelephonyRegistry(  923): validateEventsAndUserLocked: valid=false r.callerUid=0 foregroundUser=0 r.events=256 events=1024
05-07 10:15:16.744 D/TelephonyRegistry(  923): validateEventsAndUserLocked: valid=false r.callerUid=0 foregroundUser=0 r.events=256 events=1024
05-07 10:15:16.744 D/TelephonyRegistry(  923): validateEventsAndUserLocked: valid=false r.callerUid=0 foregroundUser=0 r.events=256 events=1024
05-07 10:15:16.744 D/TelephonyRegistry(  923): validateEventsAndUserLocked: valid=false r.callerUid=0 foregroundUser=0 r.events=256 events=1024
05-07 10:15:16.744 D/TelephonyRegistry(  923): validateEventsAndUserLocked: valid=false r.callerUid=0 foregroundUser=0 r.events=256 events=1024
05-07 10:15:16.744 D/TelephonyRegistry(  923): validateEventsAndUserLocked: valid=false r.callerUid=0 foregroundUser=0 r.events=256 events=1024
05-07 10:15:16.744 D/TelephonyRegistry(  923): validateEventsAndUserLocked: valid=false r.callerUid=0 foregroundUser=0 r.events=256 events=1024
05-07 10:15:16.744 D/TelephonyRegistry(  923): validateEventsAndUserLocked: valid=false r.callerUid=0 foregroundUser=0 r.events=256 events=1024
05-07 10:15:16.744 D/TelephonyRegistry(  923): validateEventsAndUserLocked: valid=false r.callerUid=0 foregroundUser=0 r.events=256 events=1024
05-07 10:15:16.744 D/TelephonyRegistry(  923): validateEventsAndUserLocked: valid=false r.callerUid=0 foregroundUser=0 r.events=256 events=1024
05-07 10:15:16.744 D/TelephonyRegistry(  923): validateEventsAndUserLocked: valid=false r.callerUid=0 foregroundUser=0 r.events=256 events=1024
05-07 10:15:16.744 D/TelephonyRegistry(  923): validateEventsAndUserLocked: valid=false r.callerUid=0 foregroundUser=0 r.events=256 events=1024
05-07 10:15:16.744 D/TelephonyRegistry(  923): validateEventsAndUserLocked: valid=false r.callerUid=0 foregroundUser=0 r.events=256 events=1024
05-07 10:15:16.744 D/TelephonyRegistry(  923): validateEventsAndUserLocked: valid=false r.callerUid=0 foregroundUser=0 r.events=256 events=1024
05-07 10:15:16.744 D/TelephonyRegistry(  923): validateEventsAndUserLocked: valid=false r.callerUid=0 foregroundUser=0 r.events=256 events=1024
05-07 10:15:16.744 D/TelephonyRegistry(  923): validateEventsAndUserLocked: valid=false r.callerUid=0 foregroundUser=0 r.events=256 events=1024
05-07 10:15:16.744 D/TelephonyRegistry(  923): validateEventsAndUserLocked: valid=false r.callerUid=0 foregroundUser=0 r.events=256 events=1024
05-07 10:15:16.744 D/TelephonyRegistry(  923): validateEventsAndUserLocked: valid=false r.callerUid=0 foregroundUser=0 r.events=256 events=1024
05-07 10:15:16.744 D/TelephonyRegistry(  923): validateEventsAndUserLocked: valid=false r.callerUid=0 foregroundUser=0 r.events=256 events=1024
05-07 10:15:16.744 D/TelephonyRegistry(  923): validateEventsAndUserLocked: valid=false r.callerUid=0 foregroundUser=0 r.events=256 events=1024
05-07 10:15:16.744 D/TelephonyRegistry(  923): validateEventsAndUserLocked: valid=false r.callerUid=0 foregroundUser=0 r.events=256 events=1024
05-07 10:15:16.744 D/TelephonyRegistry(  923): validateEventsAndUserLocked: valid=false r.callerUid=0 foregroundUser=0 r.events=256 events=1024
05-07 10:15:16.744 D/TelephonyRegistry(  923): validateEventsAndUserLocked: valid=false r.callerUid=0 foregroundUser=0 r.events=256 events=1024
05-07 10:15:16.744 D/TelephonyRegistry(  923): validateEventsAndUserLocked: valid=false r.callerUid=0 foregroundUser=0 r.events=256 events=1024
05-07 10:15:16.744 D/TelephonyRegistry(  923): validateEventsAndUserLocked: valid=false r.callerUid=0 foregroundUser=0 r.events=256 events=1024
05-07 10:15:16.744 D/TelephonyRegistry(  923): validateEventsAndUserLocked: valid=false r.callerUid=0 foregroundUser=0 r.events=256 events=1024
05-07 10:15:16.744 D/TelephonyRegistry(  923): validateEventsAndUserLocked: valid=false r.callerUid=0 foregroundUser=0 r.events=256 events=1024
05-07 10:15:16.744 D/TelephonyRegistry(  923): validateEventsAndUserLocked: valid=false r.callerUid=0 foregroundUser=0 r.events=256 events=1024
05-07 10:15:16.744 D/TelephonyRegistry(  923): validateEventsAndUserLocked: valid=false r.callerUid=0 foregroundUser=0 r.events=256 events=1024
05-07 10:15:16.744 D/TelephonyRegistry(  923): validateEventsAndUserLocked: valid=false r.callerUid=0 foregroundUser=0 r.events=256 events=1024
05-07 10:15:16.744 D/TelephonyRegistry(  923): validateEventsAndUserLocked: valid=false r.callerUid=0 foregroundUser=0 r.events=256 events=1024
05-07 10:15:16.744 D/TelephonyRegistry(  923): validateEventsAndUserLocked: valid=false r.callerUid=0 foregroundUser=0 r.events=256 events=1024
05-07 10:15:16.744 D/TelephonyRegistry(  923): validateEventsAndUserLocked: valid=false r.callerUid=0 foregroundUser=0 r.events=256 events=1024
05-07 10:15:16.744 D/TelephonyRegistry(  923): validateEventsAndUserLocked: valid=false r.callerUid=0 foregroundUser=0 r.events=256 events=1024
05-07 10:15:16.754 D/AlarmManager(  923): add a alarm to a original batch
05-07 10:15:16.754 D/AlarmManager(  923): add a alarm to a original batch
05-07 10:15:16.754 D/AlarmManager(  923): add a alarm to a original batch
05-07 10:15:16.754 D/AlarmManager(  923): add a alarm to a original batch
05-07 10:15:16.754 D/AlarmManager(  923): add a alarm to a original batch
05-07 10:15:16.754 D/AlarmManager(  923): add a alarm to a original batch
05-07 10:15:16.754 D/AlarmManager(  923): add a alarm to a original batch
05-07 10:15:16.754 D/AlarmManager(  923): add a alarm to a original batch
05-07 10:15:16.754 D/AlarmManager(  923): add a alarm to a original batch
05-07 10:15:16.754 D/AlarmManager(  923): add a alarm to a original batch
05-07 10:15:16.754 D/AlarmManager(  923): add a alarm to a original batch
05-07 10:15:16.754 D/AlarmManager(  923): add a alarm to a original batch
05-07 10:15:16.754 D/AlarmManager(  923): add a alarm to a original batch
05-07 10:15:16.754 D/AlarmManager(  923): add a alarm to a original batch
05-07 10:15:16.774 D/SystemUI( 1143): StatusBar.MSimNetworkController refreshViews connected={ data } level=4 mMSimcombinedSignalIconId=0x7f030269/com.android.systemui:drawable/stat_sys_signal_4 mMSimcombinedActivityIconId=0x7f030281 mAirplaneMode=false mMSimDataActivity=0 mMSimPhoneSignalIconId=0x7f030269 mMSimDataDirectionIconId=0x7f0301ec mMSimDataSignalIconId=0x7f030269 mMSimDataTypeIconId=0x7f0301ec mNoSimIconVisible false mWifiIconId=0x0 mBluetoothTetherIconId=0x10805cc
05-07 10:15:16.774 D/SystemUI( 1143): MSimSignalClusterViewwifi: GONE sig=0 act=2130903746
05-07 10:15:16.774 D/SystemUI( 1143): MSimSignalClusterViewwifi: GONE sig=0 act=2130903746
05-07 10:15:16.774 D/SystemUI( 1143): MSimSignalClusterViewwifi: GONE sig=0 act=2130903746
05-07 10:15:16.774 D/AlarmManager(  923): add a alarm to a original batch
05-07 10:15:16.774 D/AlarmManager(  923): add a alarm to a original batch
05-07 10:15:16.774 D/AlarmManager(  923): add a alarm to a original batch
05-07 10:15:16.774 D/AlarmManager(  923): add a alarm to a original batch
05-07 10:15:16.774 D/AlarmManager(  923): add a alarm to a original batch
05-07 10:15:16.774 D/AlarmManager(  923): add a alarm to a original batch
05-07 10:15:16.774 D/AlarmManager(  923): add a alarm to a original batch
05-07 10:15:16.774 D/AlarmManager(  923): add a alarm to a original batch
05-07 10:15:16.774 D/AlarmManager(  923): add a alarm to a original batch
05-07 10:15:16.774 D/AlarmManager(  923): add a alarm to a original batch
05-07 10:15:16.774 D/AlarmManager(  923): add a alarm to a original batch
05-07 10:15:16.774 I/StatusBar.MSimNetworkController ( 1143): sub:0 phoneType:2 networktype:6 targetClass:2 isRoam:false masterLevel:4 slaveLevel:4
05-07 10:15:16.774 D/StatusBar.MSimNetworkController ( 1143): subscription:0 SlotId===0
05-07 10:15:16.774 D/StatusBar.MSimNetworkController ( 1143): refreshViews subscription=0 mMSimDataConnected=true
05-07 10:15:16.774 D/StatusBar.MSimNetworkController ( 1143): refreshViews mMSimDataActivity=0
05-07 10:15:16.774 D/StatusBar.MSimNetworkController ( 1143): updateDataNetType subscription =0mMSimDataNetType =6
05-07 10:15:16.774 D/StatusBar.MSimNetworkController ( 1143): refreshViews update icon subscription===0 mMSimPhoneSignalIconId[subscription]===2130903657 mMSimPhoneSignalTypeIconId[subscription]===2130903711 mMSimMobileActivityIconId[subscription]===2130903681 mMSimDataTypeIconId[subscription]===2130903532
05-07 10:15:16.794 D/cell strength( 1354): ===== cell singal strength changed : -64
05-07 10:15:16.794 D/SystemUI( 1143): MSimSignalClusterViewwifi: GONE sig=0 act=2130903746
05-07 10:15:16.794 D/SystemUI( 1143): MSimSignalClusterViewwifi: GONE sig=0 act=2130903746
05-07 10:15:16.794 D/SystemUI( 1143): MSimSignalClusterViewwifi: GONE sig=0 act=2130903746
05-07 10:15:16.794 D/SystemUI( 1143): MSimSignalClusterViewwifi: GONE sig=0 act=2130903746
05-07 10:15:16.794 D/SystemUI( 1143): MSimSignalClusterViewwifi: GONE sig=0 act=2130903746
05-07 10:15:16.794 D/SystemUI( 1143): StatusBar.MSimNetworkController changing data overlay icon id to 2130903681
05-07 10:15:16.794 D/SystemUI( 1143): StatusBar.MSimNetworkController onSignalStrengthsChanged received on subscription :0signalStrength=SignalStrength:GW:99 -1 -1 -1 0,CDMA:-64 -70,EVDO:-54 -10 8,LTE:99 2147483647 2147483647 2147483647 2147483647,TD:2147483647;cdma level=4
05-07 10:15:16.794 D/StatusBar.MSimNetworkController ( 1143): updateTelephonySignalStrength: subscription =0
05-07 10:15:16.804 D/SystemUI( 1143): StatusBar.MSimNetworkController refreshViews connected={ data } level=4 mMSimcombinedSignalIconId=0x7f030269/com.android.systemui:drawable/stat_sys_signal_4 mMSimcombinedActivityIconId=0x7f030281 mAirplaneMode=false mMSimDataActivity=0 mMSimPhoneSignalIconId=0x7f030269 mMSimDataDirectionIconId=0x7f0301ec mMSimDataSignalIconId=0x7f030269 mMSimDataTypeIconId=0x7f0301ec mNoSimIconVisible false mWifiIconId=0x0 mBluetoothTetherIconId=0x10805cc
05-07 10:15:16.804 D/SystemUI( 1143): StatusBar.MSimNetworkController changing data overlay icon id to 2130903681
05-07 10:15:16.804 D/SystemUI( 1143): StatusBar.MSimNetworkController onSignalStrengthsChanged received on subscription :0signalStrength=SignalStrength:GW:99 -1 -1 -1 0,CDMA:-64 -70,EVDO:-54 -10 8,LTE:99 2147483647 2147483647 2147483647 2147483647,TD:2147483647;cdma level=4
05-07 10:15:16.804 D/SystemUI( 1143): StatusBar.MSimNetworkController refreshViews connected={ data } level=4 mMSimcombinedSignalIconId=0x7f030269/com.android.systemui:drawable/stat_sys_signal_4 mMSimcombinedActivityIconId=0x7f030281 mAirplaneMode=false mMSimDataActivity=0 mMSimPhoneSignalIconId=0x7f030269 mMSimDataDirectionIconId=0x7f0301ec mMSimDataSignalIconId=0x7f030269 mMSimDataTypeIconId=0x7f0301ec mNoSimIconVisible false mWifiIconId=0x0 mBluetoothTetherIconId=0x10805cc
05-07 10:15:16.804 D/SystemUI( 1143): MSimSignalClusterViewwifi: GONE sig=0 act=2130903746
05-07 10:15:16.804 D/SystemUI( 1143): MSimSignalClusterViewwifi: GONE sig=0 act=2130903746
05-07 10:15:16.804 D/SystemUI( 1143): MSimSignalClusterViewwifi: GONE sig=0 act=2130903746
05-07 10:15:16.804 D/SystemUI( 1143): MSimSignalClusterViewwifi: GONE sig=0 act=2130903746
05-07 10:15:16.804 D/SystemUI( 1143): MSimSignalClusterViewwifi: GONE sig=0 act=2130903746
05-07 10:15:16.804 D/SystemUI( 1143): MSimSignalClusterViewwifi: GONE sig=0 act=2130903746
05-07 10:15:16.804 I/StatusBar.MSimNetworkController ( 1143): sub:0 phoneType:2 networktype:6 targetClass:2 isRoam:false masterLevel:4 slaveLevel:4
05-07 10:15:16.804 D/StatusBar.MSimNetworkController ( 1143): subscription:0 SlotId===0
05-07 10:15:16.804 D/StatusBar.MSimNetworkController ( 1143): refreshViews subscription=0 mMSimDataConnected=true
05-07 10:15:16.804 D/StatusBar.MSimNetworkController ( 1143): refreshViews mMSimDataActivity=0
05-07 10:15:16.804 D/StatusBar.MSimNetworkController ( 1143): updateDataNetType subscription =0mMSimDataNetType =6
05-07 10:15:16.804 D/StatusBar.MSimNetworkController ( 1143): refreshViews update icon subscription===0 mMSimPhoneSignalIconId[subscription]===2130903657 mMSimPhoneSignalTypeIconId[subscription]===2130903711 mMSimMobileActivityIconId[subscription]===2130903681 mMSimDataTypeIconId[subscription]===2130903532
05-07 10:15:16.804 D/StatusBar.MSimNetworkController ( 1143): updateTelephonySignalStrength: subscription =0
05-07 10:15:16.804 I/StatusBar.MSimNetworkController ( 1143): sub:0 phoneType:2 networktype:6 targetClass:2 isRoam:false masterLevel:4 slaveLevel:4
05-07 10:15:16.804 D/StatusBar.MSimNetworkController ( 1143): subscription:0 SlotId===0
05-07 10:15:16.804 D/StatusBar.MSimNetworkController ( 1143): refreshViews subscription=0 mMSimDataConnected=true
05-07 10:15:16.804 D/StatusBar.MSimNetworkController ( 1143): refreshViews mMSimDataActivity=0
05-07 10:15:16.804 D/StatusBar.MSimNetworkController ( 1143): updateDataNetType subscription =0mMSimDataNetType =6
05-07 10:15:16.804 D/StatusBar.MSimNetworkController ( 1143): refreshViews update icon subscription===0 mMSimPhoneSignalIconId[subscription]===2130903657 mMSimPhoneSignalTypeIconId[subscription]===2130903711 mMSimMobileActivityIconId[subscription]===2130903681 mMSimDataTypeIconId[subscription]===2130903532
05-07 10:15:16.814 D/SystemUI( 1143): MSimSignalClusterViewwifi: GONE sig=0 act=2130903746
05-07 10:15:16.814 D/SystemUI( 1143): MSimSignalClusterViewwifi: GONE sig=0 act=2130903746
05-07 10:15:16.814 D/SystemUI( 1143): StatusBar.MSimNetworkController onSignalStrengthsChanged received on subscription :0signalStrength=SignalStrength:GW:99 -1 -1 -1 0,CDMA:-64 -70,EVDO:-54 -10 8,LTE:99 2147483647 2147483647 2147483647 2147483647,TD:2147483647;cdma level=4
05-07 10:15:16.814 D/SystemUI( 1143): StatusBar.MSimNetworkController refreshViews connected={ data } level=4 mMSimcombinedSignalIconId=0x7f030269/com.android.systemui:drawable/stat_sys_signal_4 mMSimcombinedActivityIconId=0x7f030281 mAirplaneMode=false mMSimDataActivity=0 mMSimPhoneSignalIconId=0x7f030269 mMSimDataDirectionIconId=0x7f0301ec mMSimDataSignalIconId=0x7f030269 mMSimDataTypeIconId=0x7f0301ec mNoSimIconVisible false mWifiIconId=0x0 mBluetoothTetherIconId=0x10805cc
05-07 10:15:16.814 D/SystemUI( 1143): StatusBar.MSimNetworkController onSignalStrengthsChanged received on subscription :1signalStrength=SignalStrength:GW:25 -63 -1 -1 0,CDMA:-1 -1,EVDO:-1 -1 -1,LTE:99 2147483647 2147483647 2147483647 2147483647,TD:2147483647;gsm|lte level=4
05-07 10:15:16.814 D/SystemUI( 1143): StatusBar.MSimNetworkController refreshViews connected={ } level=4 mMSimcombinedSignalIconId=0x7f030269/com.android.systemui:drawable/stat_sys_signal_4 mMSimcombinedActivityIconId=0x7f0302c2 mAirplaneMode=false mMSimDataActivity=0 mMSimPhoneSignalIconId=0x7f030269 mMSimDataDirectionIconId=0x0 mMSimDataSignalIconId=0x7f030269 mMSimDataTypeIconId=0x0 mNoSimIconVisible false mWifiIconId=0x0 mBluetoothTetherIconId=0x10805cc
05-07 10:15:16.814 D/SystemUI( 1143): MSimSignalClusterViewwifi: GONE sig=0 act=2130903746
05-07 10:15:16.814 D/SystemUI( 1143): MSimSignalClusterViewwifi: GONE sig=0 act=2130903746
05-07 10:15:16.814 D/StatusBar.MSimNetworkController ( 1143): updateTelephonySignalStrength: subscription =0
05-07 10:15:16.814 I/StatusBar.MSimNetworkController ( 1143): sub:0 phoneType:2 networktype:6 targetClass:2 isRoam:false masterLevel:4 slaveLevel:4
05-07 10:15:16.814 D/StatusBar.MSimNetworkController ( 1143): subscription:0 SlotId===0
05-07 10:15:16.814 D/StatusBar.MSimNetworkController ( 1143): refreshViews subscription=0 mMSimDataConnected=true
05-07 10:15:16.814 D/StatusBar.MSimNetworkController ( 1143): refreshViews mMSimDataActivity=0
05-07 10:15:16.814 D/StatusBar.MSimNetworkController ( 1143): updateDataNetType subscription =0mMSimDataNetType =6
05-07 10:15:16.814 D/StatusBar.MSimNetworkController ( 1143): refreshViews update icon subscription===0 mMSimPhoneSignalIconId[subscription]===2130903657 mMSimPhoneSignalTypeIconId[subscription]===2130903711 mMSimMobileActivityIconId[subscription]===2130903681 mMSimDataTypeIconId[subscription]===2130903532
05-07 10:15:16.814 D/StatusBar.MSimNetworkController ( 1143): updateTelephonySignalStrength: subscription =1
05-07 10:15:16.814 I/StatusBar.MSimNetworkController ( 1143): sub:1 phoneType:1 networktype:16 targetClass:1 isRoam:false masterLevel:4 slaveLevel:-1
05-07 10:15:16.814 D/StatusBar.MSimNetworkController ( 1143): subscription:1 SlotId===1
05-07 10:15:16.814 D/StatusBar.MSimNetworkController ( 1143): refreshViews subscription=1 mMSimDataConnected=false
05-07 10:15:16.814 D/StatusBar.MSimNetworkController ( 1143): refreshViews mMSimDataActivity=0
05-07 10:15:16.814 D/StatusBar.MSimNetworkController ( 1143): refreshViews update icon subscription===1 mMSimPhoneSignalIconId[subscription]===2130903657 mMSimPhoneSignalTypeIconId[subscription]===2130903712 mMSimMobileActivityIconId[subscription]===0 mMSimDataTypeIconId[subscription]===0
05-07 10:15:16.824 D/SystemUI( 1143): MSimSignalClusterViewwifi: GONE sig=0 act=2130903746
05-07 10:15:16.824 D/SystemUI( 1143): MSimSignalClusterViewwifi: GONE sig=0 act=2130903746
05-07 10:15:16.824 D/SystemUI( 1143): MSimSignalClusterViewwifi: GONE sig=0 act=2130903746
05-07 10:15:16.824 D/SystemUI( 1143): MSimSignalClusterViewwifi: GONE sig=0 act=2130903746
05-07 10:15:16.824 D/SystemUI( 1143): MSimSignalClusterViewwifi: GONE sig=0 act=2130903746
05-07 10:15:16.824 D/SystemUI( 1143): MSimSignalClusterViewwifi: GONE sig=0 act=2130903746
05-07 10:15:16.824 D/SystemUI( 1143): StatusBar.MSimNetworkController changing data overlay icon id to 2130903746
05-07 10:15:16.824 D/SystemUI( 1143): StatusBar.MSimNetworkController onSignalStrengthsChanged received on subscription :1signalStrength=SignalStrength:GW:25 -63 -1 -1 0,CDMA:-1 -1,EVDO:-1 -1 -1,LTE:99 2147483647 2147483647 2147483647 2147483647,TD:2147483647;gsm|lte level=4
05-07 10:15:16.824 D/StatusBar.MSimNetworkController ( 1143): updateTelephonySignalStrength: subscription =1
05-07 10:15:16.824 I/StatusBar.MSimNetworkController ( 1143): sub:1 phoneType:1 networktype:16 targetClass:1 isRoam:false masterLevel:4 slaveLevel:-1
05-07 10:15:16.824 D/StatusBar.MSimNetworkController ( 1143): subscription:1 SlotId===1
05-07 10:15:16.834 D/SystemUI( 1143): StatusBar.MSimNetworkController refreshViews connected={ } level=4 mMSimcombinedSignalIconId=0x7f030269/com.android.systemui:drawable/stat_sys_signal_4 mMSimcombinedActivityIconId=0x7f0302c2 mAirplaneMode=false mMSimDataActivity=0 mMSimPhoneSignalIconId=0x7f030269 mMSimDataDirectionIconId=0x0 mMSimDataSignalIconId=0x7f030269 mMSimDataTypeIconId=0x0 mNoSimIconVisible false mWifiIconId=0x0 mBluetoothTetherIconId=0x10805cc
05-07 10:15:16.834 D/SystemUI( 1143): StatusBar.MSimNetworkController changing data overlay icon id to 2130903746
05-07 10:15:16.834 W/Settings( 1143): Setting multi_sim_data_call has moved from android.provider.Settings.System to android.provider.Settings.Global, returning read-only value.
05-07 10:15:16.834 D/SystemUI( 1143): StatusBar.MSimNetworkController onDataActivity received on subscription:0 direction=4 dataSub=0
05-07 10:15:16.834 W/Settings( 1143): Setting multi_sim_data_call has moved from android.provider.Settings.System to android.provider.Settings.Global, returning read-only value.
05-07 10:15:16.834 D/SystemUI( 1143): StatusBar.MSimNetworkController updateDataIcon subscription=0 dataSub=0 simState=UNKNOWN
05-07 10:15:16.834 D/SystemUI( 1143): StatusBar.MSimNetworkController refreshViews connected={ data } level=4 mMSimcombinedSignalIconId=0x7f030269/com.android.systemui:drawable/stat_sys_signal_4 mMSimcombinedActivityIconId=0x7f030281 mAirplaneMode=false mMSimDataActivity=4 mMSimPhoneSignalIconId=0x7f030269 mMSimDataDirectionIconId=0x7f0301ec mMSimDataSignalIconId=0x7f030269 mMSimDataTypeIconId=0x7f0301ec mNoSimIconVisible false mWifiIconId=0x0 mBluetoothTetherIconId=0x10805cc
05-07 10:15:16.834 D/SystemUI( 1143): MSimSignalClusterViewwifi: GONE sig=0 act=2130903746
05-07 10:15:16.834 D/SystemUI( 1143): MSimSignalClusterViewwifi: GONE sig=0 act=2130903746
05-07 10:15:16.834 D/SystemUI( 1143): MSimSignalClusterViewwifi: GONE sig=0 act=2130903746
05-07 10:15:16.834 D/SystemUI( 1143): MSimSignalClusterViewwifi: GONE sig=0 act=2130903746
05-07 10:15:16.834 D/SystemUI( 1143): MSimSignalClusterViewwifi: GONE sig=0 act=2130903746
05-07 10:15:16.834 D/SystemUI( 1143): MSimSignalClusterViewwifi: GONE sig=0 act=2130903746
05-07 10:15:16.834 D/SystemUI( 1143): MSimSignalClusterViewwifi: GONE sig=0 act=2130903746
05-07 10:15:16.834 D/SystemUI( 1143): MSimSignalClusterViewwifi: GONE sig=0 act=2130903746
05-07 10:15:16.834 D/SystemUI( 1143): StatusBar.MSimNetworkController changing data overlay icon id to 2130903681
05-07 10:15:16.834 W/Settings( 1143): Setting multi_sim_data_call has moved from android.provider.Settings.System to android.provider.Settings.Global, returning read-only value.
05-07 10:15:16.834 D/SystemUI( 1143): StatusBar.MSimNetworkController onDataActivity received on subscription:1 direction=4 dataSub=0
05-07 10:15:16.834 W/Settings( 1143): Setting multi_sim_data_call has moved from android.provider.Settings.System to android.provider.Settings.Global, returning read-only value.
05-07 10:15:16.834 D/SystemUI( 1143): StatusBar.MSimNetworkController updateDataIcon subscription=1 dataSub=0 simState=UNKNOWN
05-07 10:15:16.834 D/StatusBar.MSimNetworkController ( 1143): refreshViews subscription=1 mMSimDataConnected=false
05-07 10:15:16.834 D/StatusBar.MSimNetworkController ( 1143): refreshViews mMSimDataActivity=0
05-07 10:15:16.834 D/StatusBar.MSimNetworkController ( 1143): refreshViews update icon subscription===1 mMSimPhoneSignalIconId[subscription]===2130903657 mMSimPhoneSignalTypeIconId[subscription]===2130903712 mMSimMobileActivityIconId[subscription]===0 mMSimDataTypeIconId[subscription]===0
05-07 10:15:16.834 D/StatusBar.MSimNetworkController ( 1143): updateDataIcon mMSimDataConnected=true
05-07 10:15:16.834 D/StatusBar.MSimNetworkController ( 1143): refreshViews subscription=0 mMSimDataConnected=true
05-07 10:15:16.834 D/StatusBar.MSimNetworkController ( 1143): refreshViews mMSimDataActivity=4
05-07 10:15:16.834 D/StatusBar.MSimNetworkController ( 1143): updateDataNetType subscription =0mMSimDataNetType =6
05-07 10:15:16.834 D/StatusBar.MSimNetworkController ( 1143): refreshViews update icon subscription===0 mMSimPhoneSignalIconId[subscription]===2130903657 mMSimPhoneSignalTypeIconId[subscription]===2130903711 mMSimMobileActivityIconId[subscription]===2130903681 mMSimDataTypeIconId[subscription]===2130903532
05-07 10:15:16.834 D/StatusBar.MSimNetworkController ( 1143): updateDataIconi: SUB1 is not DDS.  Clear the mMSimDataConnected Flag and return
05-07 10:15:16.834 D/StatusBar.MSimNetworkController ( 1143): refreshViews subscription=1 mMSimDataConnected=false
05-07 10:15:16.834 D/StatusBar.MSimNetworkController ( 1143): refreshViews mMSimDataActivity=4
05-07 10:15:16.844 D/SystemUI( 1143): StatusBar.MSimNetworkController refreshViews connected={ } level=4 mMSimcombinedSignalIconId=0x7f030269/com.android.systemui:drawable/stat_sys_signal_4 mMSimcombinedActivityIconId=0x7f0302c2 mAirplaneMode=false mMSimDataActivity=4 mMSimPhoneSignalIconId=0x7f030269 mMSimDataDirectionIconId=0x0 mMSimDataSignalIconId=0x7f030269 mMSimDataTypeIconId=0x0 mNoSimIconVisible false mWifiIconId=0x0 mBluetoothTetherIconId=0x10805cc
05-07 10:15:16.844 D/SystemUI( 1143): MSimSignalClusterViewwifi: GONE sig=0 act=2130903746
05-07 10:15:16.844 D/SystemUI( 1143): MSimSignalClusterViewwifi: GONE sig=0 act=2130903746
05-07 10:15:16.844 D/SystemUI( 1143): MSimSignalClusterViewwifi: GONE sig=0 act=2130903746
05-07 10:15:16.844 D/SystemUI( 1143): MSimSignalClusterViewwifi: GONE sig=0 act=2130903746
05-07 10:15:16.844 D/SystemUI( 1143): MSimSignalClusterViewwifi: GONE sig=0 act=2130903746
05-07 10:15:16.844 D/SystemUI( 1143): MSimSignalClusterViewwifi: GONE sig=0 act=2130903746
05-07 10:15:16.844 D/SystemUI( 1143): MSimSignalClusterViewwifi: GONE sig=0 act=2130903746
05-07 10:15:16.844 D/SystemUI( 1143): MSimSignalClusterViewwifi: GONE sig=0 act=2130903746
05-07 10:15:16.844 D/SystemUI( 1143): StatusBar.MSimNetworkController changing data overlay icon id to 2130903746
05-07 10:15:16.844 W/Settings( 1143): Setting multi_sim_data_call has moved from android.provider.Settings.System to android.provider.Settings.Global, returning read-only value.
05-07 10:15:16.844 D/SystemUI( 1143): StatusBar.MSimNetworkController onDataActivity received on subscription:0 direction=4 dataSub=0
05-07 10:15:16.844 W/Settings( 1143): Setting multi_sim_data_call has moved from android.provider.Settings.System to android.provider.Settings.Global, returning read-only value.
05-07 10:15:16.844 D/SystemUI( 1143): StatusBar.MSimNetworkController updateDataIcon subscription=0 dataSub=0 simState=UNKNOWN
05-07 10:15:16.844 D/StatusBar.MSimNetworkController ( 1143): refreshViews update icon subscription===1 mMSimPhoneSignalIconId[subscription]===2130903657 mMSimPhoneSignalTypeIconId[subscription]===2130903712 mMSimMobileActivityIconId[subscription]===0 mMSimDataTypeIconId[subscription]===0
05-07 10:15:16.844 D/StatusBar.MSimNetworkController ( 1143): updateDataIcon mMSimDataConnected=true
05-07 10:15:16.844 D/StatusBar.MSimNetworkController ( 1143): refreshViews subscription=0 mMSimDataConnected=true
05-07 10:15:16.844 D/StatusBar.MSimNetworkController ( 1143): refreshViews mMSimDataActivity=4
05-07 10:15:16.844 D/StatusBar.MSimNetworkController ( 1143): updateDataNetType subscription =0mMSimDataNetType =6
05-07 10:15:16.854 D/SystemUI( 1143): StatusBar.MSimNetworkController refreshViews connected={ data } level=4 mMSimcombinedSignalIconId=0x7f030269/com.android.systemui:drawable/stat_sys_signal_4 mMSimcombinedActivityIconId=0x7f030281 mAirplaneMode=false mMSimDataActivity=4 mMSimPhoneSignalIconId=0x7f030269 mMSimDataDirectionIconId=0x7f0301ec mMSimDataSignalIconId=0x7f030269 mMSimDataTypeIconId=0x7f0301ec mNoSimIconVisible false mWifiIconId=0x0 mBluetoothTetherIconId=0x10805cc
05-07 10:15:16.854 D/SystemUI( 1143): StatusBar.MSimNetworkController changing data overlay icon id to 2130903681
05-07 10:15:16.854 W/Settings( 1143): Setting multi_sim_data_call has moved from android.provider.Settings.System to android.provider.Settings.Global, returning read-only value.
05-07 10:15:16.854 D/SystemUI( 1143): StatusBar.MSimNetworkController onDataActivity received on subscription:1 direction=4 dataSub=0
05-07 10:15:16.854 W/Settings( 1143): Setting multi_sim_data_call has moved from android.provider.Settings.System to android.provider.Settings.Global, returning read-only value.
05-07 10:15:16.854 D/SystemUI( 1143): StatusBar.MSimNetworkController updateDataIcon subscription=1 dataSub=0 simState=UNKNOWN
05-07 10:15:16.854 D/SystemUI( 1143): StatusBar.MSimNetworkController refreshViews connected={ } level=4 mMSimcombinedSignalIconId=0x7f030269/com.android.systemui:drawable/stat_sys_signal_4 mMSimcombinedActivityIconId=0x7f0302c2 mAirplaneMode=false mMSimDataActivity=4 mMSimPhoneSignalIconId=0x7f030269 mMSimDataDirectionIconId=0x0 mMSimDataSignalIconId=0x7f030269 mMSimDataTypeIconId=0x0 mNoSimIconVisible false mWifiIconId=0x0 mBluetoothTetherIconId=0x10805cc
05-07 10:15:16.854 D/SystemUI( 1143): StatusBar.MSimNetworkController changing data overlay icon id to 2130903746
05-07 10:15:16.854 D/StatusBar.MSimNetworkController ( 1143): refreshViews update icon subscription===0 mMSimPhoneSignalIconId[subscription]===2130903657 mMSimPhoneSignalTypeIconId[subscription]===2130903711 mMSimMobileActivityIconId[subscription]===2130903681 mMSimDataTypeIconId[subscription]===2130903532
05-07 10:15:16.854 D/StatusBar.MSimNetworkController ( 1143): updateDataIconi: SUB1 is not DDS.  Clear the mMSimDataConnected Flag and return
05-07 10:15:16.854 D/StatusBar.MSimNetworkController ( 1143): refreshViews subscription=1 mMSimDataConnected=false
05-07 10:15:16.854 D/StatusBar.MSimNetworkController ( 1143): refreshViews mMSimDataActivity=4
05-07 10:15:16.854 D/StatusBar.MSimNetworkController ( 1143): refreshViews update icon subscription===1 mMSimPhoneSignalIconId[subscription]===2130903657 mMSimPhoneSignalTypeIconId[subscription]===2130903712 mMSimMobileActivityIconId[subscription]===0 mMSimDataTypeIconId[subscription]===0
05-07 10:15:19.164 W/System.err(28538): android.os.DeadObjectException
05-07 10:15:19.164 W/System.err(28538): 	at android.os.BinderProxy.transact(Native Method)
05-07 10:15:19.164 W/System.err(28538): 	at android.os.IMessenger$Stub$Proxy.send(IMessenger.java:89)
05-07 10:15:19.164 W/System.err(28538): 	at android.os.Messenger.send(Messenger.java:50)
05-07 10:15:19.164 W/System.err(28538): 	at com.baidu.location.LocationClient.byte(Unknown Source)
05-07 10:15:19.164 W/System.err(28538): 	at com.baidu.location.LocationClient.a(Unknown Source)
05-07 10:15:19.164 W/System.err(28538): 	at com.baidu.location.LocationClient$a.handleMessage(Unknown Source)
05-07 10:15:19.164 W/System.err(28538): 	at android.os.Handler.dispatchMessage(Handler.java:102)
05-07 10:15:19.164 W/System.err(28538): 	at android.os.Looper.loop(Looper.java:136)
05-07 10:15:19.164 W/System.err(28538): 	at android.app.ActivityThread.main(ActivityThread.java:5291)
05-07 10:15:19.164 W/System.err(28538): 	at java.lang.reflect.Method.invokeNative(Native Method)
05-07 10:15:19.164 W/System.err(28538): 	at java.lang.reflect.Method.invoke(Method.java:515)
05-07 10:15:19.164 W/System.err(28538): 	at com.android.internal.os.ZygoteInit$MethodAndArgsCaller.run(ZygoteInit.java:865)
05-07 10:15:19.164 W/System.err(28538): 	at com.android.internal.os.ZygoteInit.main(ZygoteInit.java:681)
05-07 10:15:19.164 W/System.err(28538): 	at dalvik.system.NativeStart.main(Native Method)
05-07 10:15:19.654 D/WifiStateMachine(  923): RouteDetect receive msg EVENT_ROUTE_CHECK 
05-07 10:15:19.654 D/WifiStateMachine(  923): RouteDetect mRouteDetectCnt is 0
05-07 10:15:21.324 D/ThermalStateManager( 1395): Thermal type: 0 cur_temperature:40
05-07 10:15:21.324 D/ThermalStateManager( 1395): Thermal type: 1 cur_temperature:40
05-07 10:15:21.324 W/ThermalStateManager( 1395): warning: no config thermal type:1 temperature:40
05-07 10:15:23.464 D/SystemUI( 1143): StatusBar.MSimNetworkController onSignalStrengthsChanged received on subscription :1signalStrength=SignalStrength:GW:27 -60 -1 -1 0,CDMA:-1 -1,EVDO:-1 -1 -1,LTE:99 2147483647 2147483647 2147483647 2147483647,TD:2147483647;gsm|lte level=4
05-07 10:15:23.464 D/StatusBar.MSimNetworkController ( 1143): updateTelephonySignalStrength: subscription =1
05-07 10:15:23.474 D/SystemUI( 1143): StatusBar.MSimNetworkController refreshViews connected={ } level=4 mMSimcombinedSignalIconId=0x7f030269/com.android.systemui:drawable/stat_sys_signal_4 mMSimcombinedActivityIconId=0x7f0302c2 mAirplaneMode=false mMSimDataActivity=4 mMSimPhoneSignalIconId=0x7f030269 mMSimDataDirectionIconId=0x0 mMSimDataSignalIconId=0x7f030269 mMSimDataTypeIconId=0x0 mNoSimIconVisible false mWifiIconId=0x0 mBluetoothTetherIconId=0x10805cc
05-07 10:15:23.474 D/SystemUI( 1143): MSimSignalClusterViewwifi: GONE sig=0 act=2130903746
05-07 10:15:23.474 I/StatusBar.MSimNetworkController ( 1143): sub:1 phoneType:1 networktype:16 targetClass:1 isRoam:false masterLevel:4 slaveLevel:-1
05-07 10:15:23.474 D/StatusBar.MSimNetworkController ( 1143): subscription:1 SlotId===1
05-07 10:15:23.474 D/StatusBar.MSimNetworkController ( 1143): refreshViews subscription=1 mMSimDataConnected=false
05-07 10:15:23.474 D/StatusBar.MSimNetworkController ( 1143): refreshViews mMSimDataActivity=4
05-07 10:15:23.474 D/StatusBar.MSimNetworkController ( 1143): refreshViews update icon subscription===1 mMSimPhoneSignalIconId[subscription]===2130903657 mMSimPhoneSignalTypeIconId[subscription]===2130903712 mMSimMobileActivityIconId[subscription]===0 mMSimDataTypeIconId[subscription]===0
05-07 10:15:23.484 D/SystemUI( 1143): MSimSignalClusterViewwifi: GONE sig=0 act=2130903746
05-07 10:15:23.484 D/SystemUI( 1143): MSimSignalClusterViewwifi: GONE sig=0 act=2130903746
05-07 10:15:23.484 D/SystemUI( 1143): MSimSignalClusterViewwifi: GONE sig=0 act=2130903746
05-07 10:15:23.494 D/SystemUI( 1143): MSimSignalClusterViewwifi: GONE sig=0 act=2130903746
05-07 10:15:23.494 D/SystemUI( 1143): MSimSignalClusterViewwifi: GONE sig=0 act=2130903746
05-07 10:15:23.504 D/SystemUI( 1143): MSimSignalClusterViewwifi: GONE sig=0 act=2130903746
05-07 10:15:23.504 D/SystemUI( 1143): MSimSignalClusterViewwifi: GONE sig=0 act=2130903746
05-07 10:15:23.504 D/SystemUI( 1143): StatusBar.MSimNetworkController onSignalStrengthsChanged received on subscription :1signalStrength=SignalStrength:GW:27 -60 -1 -1 0,CDMA:-1 -1,EVDO:-1 -1 -1,LTE:99 2147483647 2147483647 2147483647 2147483647,TD:2147483647;gsm|lte level=4
05-07 10:15:23.504 D/StatusBar.MSimNetworkController ( 1143): updateTelephonySignalStrength: subscription =1
05-07 10:15:23.514 D/SystemUI( 1143): StatusBar.MSimNetworkController refreshViews connected={ } level=4 mMSimcombinedSignalIconId=0x7f030269/com.android.systemui:drawable/stat_sys_signal_4 mMSimcombinedActivityIconId=0x7f0302c2 mAirplaneMode=false mMSimDataActivity=4 mMSimPhoneSignalIconId=0x7f030269 mMSimDataDirectionIconId=0x0 mMSimDataSignalIconId=0x7f030269 mMSimDataTypeIconId=0x0 mNoSimIconVisible false mWifiIconId=0x0 mBluetoothTetherIconId=0x10805cc
05-07 10:15:23.514 I/StatusBar.MSimNetworkController ( 1143): sub:1 phoneType:1 networktype:16 targetClass:1 isRoam:false masterLevel:4 slaveLevel:-1
05-07 10:15:23.514 D/StatusBar.MSimNetworkController ( 1143): subscription:1 SlotId===1
05-07 10:15:23.514 D/StatusBar.MSimNetworkController ( 1143): refreshViews subscription=1 mMSimDataConnected=false
05-07 10:15:23.514 D/StatusBar.MSimNetworkController ( 1143): refreshViews mMSimDataActivity=4
05-07 10:15:23.514 D/StatusBar.MSimNetworkController ( 1143): refreshViews update icon subscription===1 mMSimPhoneSignalIconId[subscription]===2130903657 mMSimPhoneSignalTypeIconId[subscription]===2130903712 mMSimMobileActivityIconId[subscription]===0 mMSimDataTypeIconId[subscription]===0
05-07 10:15:24.174 W/System.err(28538): android.os.DeadObjectException
05-07 10:15:24.174 W/System.err(28538): 	at android.os.BinderProxy.transact(Native Method)
05-07 10:15:24.174 W/System.err(28538): 	at android.os.IMessenger$Stub$Proxy.send(IMessenger.java:89)
05-07 10:15:24.174 W/System.err(28538): 	at android.os.Messenger.send(Messenger.java:50)
05-07 10:15:24.174 W/System.err(28538): 	at com.baidu.location.LocationClient.byte(Unknown Source)
05-07 10:15:24.174 W/System.err(28538): 	at com.baidu.location.LocationClient.a(Unknown Source)
05-07 10:15:24.174 W/System.err(28538): 	at com.baidu.location.LocationClient$a.handleMessage(Unknown Source)
05-07 10:15:24.174 W/System.err(28538): 	at android.os.Handler.dispatchMessage(Handler.java:102)
05-07 10:15:24.174 W/System.err(28538): 	at android.os.Looper.loop(Looper.java:136)
05-07 10:15:24.174 W/System.err(28538): 	at android.app.ActivityThread.main(ActivityThread.java:5291)
05-07 10:15:24.174 W/System.err(28538): 	at java.lang.reflect.Method.invokeNative(Native Method)
05-07 10:15:24.174 W/System.err(28538): 	at java.lang.reflect.Method.invoke(Method.java:515)
05-07 10:15:24.174 W/System.err(28538): 	at com.android.internal.os.ZygoteInit$MethodAndArgsCaller.run(ZygoteInit.java:865)
05-07 10:15:24.174 W/System.err(28538): 	at com.android.internal.os.ZygoteInit.main(ZygoteInit.java:681)
05-07 10:15:24.174 W/System.err(28538): 	at dalvik.system.NativeStart.main(Native Method)
05-07 10:15:29.184 W/System.err(28538): android.os.DeadObjectException
05-07 10:15:29.184 W/System.err(28538): 	at android.os.BinderProxy.transact(Native Method)
05-07 10:15:29.184 W/System.err(28538): 	at android.os.IMessenger$Stub$Proxy.send(IMessenger.java:89)
05-07 10:15:29.184 W/System.err(28538): 	at android.os.Messenger.send(Messenger.java:50)
05-07 10:15:29.184 W/System.err(28538): 	at com.baidu.location.LocationClient.byte(Unknown Source)
05-07 10:15:29.184 W/System.err(28538): 	at com.baidu.location.LocationClient.a(Unknown Source)
05-07 10:15:29.184 W/System.err(28538): 	at com.baidu.location.LocationClient$a.handleMessage(Unknown Source)
05-07 10:15:29.184 W/System.err(28538): 	at android.os.Handler.dispatchMessage(Handler.java:102)
05-07 10:15:29.184 W/System.err(28538): 	at android.os.Looper.loop(Looper.java:136)
05-07 10:15:29.184 W/System.err(28538): 	at android.app.ActivityThread.main(ActivityThread.java:5291)
05-07 10:15:29.184 W/System.err(28538): 	at java.lang.reflect.Method.invokeNative(Native Method)
05-07 10:15:29.184 W/System.err(28538): 	at java.lang.reflect.Method.invoke(Method.java:515)
05-07 10:15:29.184 W/System.err(28538): 	at com.android.internal.os.ZygoteInit$MethodAndArgsCaller.run(ZygoteInit.java:865)
05-07 10:15:29.184 W/System.err(28538): 	at com.android.internal.os.ZygoteInit.main(ZygoteInit.java:681)
05-07 10:15:29.184 W/System.err(28538): 	at dalvik.system.NativeStart.main(Native Method)
05-07 10:15:30.124 D/PowerManagerService(  923): handleUserActivityTimeout
05-07 10:15:30.124 D/PowerManagerService(  923): updateUserActivitySummaryLocked: mWakefulness=Awake, mUserActivitySummary=0x2, nextTimeout=53328879 (in 5981 ms)
05-07 10:15:30.124 D/PowerManagerService(  923): updateScreenStateLocked: mDisplayReady=false, newScreenState=1, mWakefulness=1, mWakeLockSummary=0x0, mUserActivitySummary=0x2, mBootCompleted=true, useProximitySensor=false, blockScreenOn=false, mRequestWaitForNegativeProximity=false
05-07 10:15:30.124 D/PowerManagerNotifier(  923): onScreenBrightness: brightness=6
05-07 10:15:30.124 D/PowerManagerService(  923): updateScreenStateLocked: mDisplayReady=true, newScreenState=1, mWakefulness=1, mWakeLockSummary=0x0, mUserActivitySummary=0x2, mBootCompleted=true, useProximitySensor=false, blockScreenOn=false, mRequestWaitForNegativeProximity=false
05-07 10:15:30.164 D/PowerManagerService(  923): handleSandman: canDream=false, mWakefulness=Awake
05-07 10:15:30.264 V/LightsService(  923): LIGHT_ID_BACKLIGHT setBrightness brightness=28
05-07 10:15:30.304 V/LightsService(  923): LIGHT_ID_BACKLIGHT setBrightness brightness=21
05-07 10:15:30.334 V/LightsService(  923): LIGHT_ID_BACKLIGHT setBrightness brightness=15
05-07 10:15:30.364 V/LightsService(  923): LIGHT_ID_BACKLIGHT setBrightness brightness=8
05-07 10:15:30.404 V/LightsService(  923): LIGHT_ID_BACKLIGHT setBrightness brightness=6
05-07 10:15:32.064 D/SystemUI( 1143): StatusBar.MSimNetworkController onSignalStrengthsChanged received on subscription :0signalStrength=SignalStrength:GW:99 -1 -1 -1 0,CDMA:-60 -70,EVDO:-50 -10 8,LTE:99 2147483647 2147483647 2147483647 2147483647,TD:2147483647;cdma level=4
05-07 10:15:32.064 D/StatusBar.MSimNetworkController ( 1143): updateTelephonySignalStrength: subscription =0
05-07 10:15:32.074 I/StatusBar.MSimNetworkController ( 1143): sub:0 phoneType:2 networktype:6 targetClass:2 isRoam:false masterLevel:4 slaveLevel:4
05-07 10:15:32.084 D/SystemUI( 1143): StatusBar.MSimNetworkController refreshViews connected={ data } level=4 mMSimcombinedSignalIconId=0x7f030269/com.android.systemui:drawable/stat_sys_signal_4 mMSimcombinedActivityIconId=0x7f030281 mAirplaneMode=false mMSimDataActivity=4 mMSimPhoneSignalIconId=0x7f030269 mMSimDataDirectionIconId=0x7f0301ec mMSimDataSignalIconId=0x7f030269 mMSimDataTypeIconId=0x7f0301ec mNoSimIconVisible false mWifiIconId=0x0 mBluetoothTetherIconId=0x10805cc
05-07 10:15:32.084 D/SystemUI( 1143): MSimSignalClusterViewwifi: GONE sig=0 act=2130903746
05-07 10:15:32.084 D/StatusBar.MSimNetworkController ( 1143): subscription:0 SlotId===0
05-07 10:15:32.084 D/StatusBar.MSimNetworkController ( 1143): refreshViews subscription=0 mMSimDataConnected=true
05-07 10:15:32.084 D/StatusBar.MSimNetworkController ( 1143): refreshViews mMSimDataActivity=4
05-07 10:15:32.084 D/StatusBar.MSimNetworkController ( 1143): updateDataNetType subscription =0mMSimDataNetType =6
05-07 10:15:32.084 D/StatusBar.MSimNetworkController ( 1143): refreshViews update icon subscription===0 mMSimPhoneSignalIconId[subscription]===2130903657 mMSimPhoneSignalTypeIconId[subscription]===2130903711 mMSimMobileActivityIconId[subscription]===2130903681 mMSimDataTypeIconId[subscription]===2130903532
05-07 10:15:32.104 D/SystemUI( 1143): MSimSignalClusterViewwifi: GONE sig=0 act=2130903746
05-07 10:15:32.114 D/cell strength( 1354): ===== cell singal strength changed : -60
05-07 10:15:32.114 D/SystemUI( 1143): MSimSignalClusterViewwifi: GONE sig=0 act=2130903746
05-07 10:15:32.114 D/SystemUI( 1143): MSimSignalClusterViewwifi: GONE sig=0 act=2130903746
05-07 10:15:32.124 D/SystemUI( 1143): MSimSignalClusterViewwifi: GONE sig=0 act=2130903746
05-07 10:15:32.134 D/MSimTelephonyRegistry(  923): validateEventsAndUserLocked: valid=false r.callerUid=0 foregroundUser=0 r.events=1 events=1024
05-07 10:15:32.134 D/MSimTelephonyRegistry(  923): validateEventsAndUserLocked: valid=false r.callerUid=0 foregroundUser=0 r.events=1 events=1024
05-07 10:15:32.134 D/MSimTelephonyRegistry(  923): validateEventsAndUserLocked: valid=false r.callerUid=0 foregroundUser=0 r.events=481 events=1024
05-07 10:15:32.134 D/MSimTelephonyRegistry(  923): validateEventsAndUserLocked: valid=false r.callerUid=0 foregroundUser=0 r.events=481 events=1024
05-07 10:15:32.134 D/MSimTelephonyRegistry(  923): validateEventsAndUserLocked: valid=false r.callerUid=0 foregroundUser=0 r.events=481 events=1024
05-07 10:15:32.134 D/MSimTelephonyRegistry(  923): validateEventsAndUserLocked: valid=false r.callerUid=0 foregroundUser=0 r.events=481 events=1024
05-07 10:15:32.134 D/MSimTelephonyRegistry(  923): validateEventsAndUserLocked: valid=false r.callerUid=0 foregroundUser=0 r.events=12 events=1024
05-07 10:15:32.134 D/MSimTelephonyRegistry(  923): validateEventsAndUserLocked: valid=false r.callerUid=0 foregroundUser=0 r.events=12 events=1024
05-07 10:15:32.134 D/TelephonyRegistry(  923): validateEventsAndUserLocked: valid=false r.callerUid=0 foregroundUser=0 r.events=256 events=1024
05-07 10:15:32.134 D/TelephonyRegistry(  923): validateEventsAndUserLocked: valid=false r.callerUid=0 foregroundUser=0 r.events=256 events=1024
05-07 10:15:32.134 D/TelephonyRegistry(  923): validateEventsAndUserLocked: valid=false r.callerUid=0 foregroundUser=0 r.events=256 events=1024
05-07 10:15:32.134 D/TelephonyRegistry(  923): validateEventsAndUserLocked: valid=false r.callerUid=0 foregroundUser=0 r.events=256 events=1024
05-07 10:15:32.134 D/TelephonyRegistry(  923): validateEventsAndUserLocked: valid=false r.callerUid=0 foregroundUser=0 r.events=256 events=1024
05-07 10:15:32.134 D/TelephonyRegistry(  923): validateEventsAndUserLocked: valid=false r.callerUid=0 foregroundUser=0 r.events=256 events=1024
05-07 10:15:32.134 D/TelephonyRegistry(  923): validateEventsAndUserLocked: valid=false r.callerUid=0 foregroundUser=0 r.events=256 events=1024
05-07 10:15:32.134 D/TelephonyRegistry(  923): validateEventsAndUserLocked: valid=false r.callerUid=0 foregroundUser=0 r.events=256 events=1024
05-07 10:15:32.134 D/TelephonyRegistry(  923): validateEventsAndUserLocked: valid=false r.callerUid=0 foregroundUser=0 r.events=449 events=1024
05-07 10:15:32.134 D/TelephonyRegistry(  923): validateEventsAndUserLocked: valid=false r.callerUid=0 foregroundUser=0 r.events=32 events=1024
05-07 10:15:32.134 D/TelephonyRegistry(  923): validateEventsAndUserLocked: valid=false r.callerUid=0 foregroundUser=0 r.events=32 events=1024
05-07 10:15:32.134 D/TelephonyRegistry(  923): validateEventsAndUserLocked: valid=false r.callerUid=0 foregroundUser=0 r.events=64 events=1024
05-07 10:15:32.134 D/TelephonyRegistry(  923): validateEventsAndUserLocked: valid=false r.callerUid=0 foregroundUser=0 r.events=1 events=1024
05-07 10:15:32.134 D/TelephonyRegistry(  923): validateEventsAndUserLocked: valid=false r.callerUid=0 foregroundUser=0 r.events=1 events=1024
05-07 10:15:32.134 D/TelephonyRegistry(  923): validateEventsAndUserLocked: valid=false r.callerUid=0 foregroundUser=0 r.events=32 events=1024
05-07 10:15:32.134 D/TelephonyRegistry(  923): validateEventsAndUserLocked: valid=false r.callerUid=0 foregroundUser=0 r.events=1 events=1024
05-07 10:15:32.134 D/TelephonyRegistry(  923): validateEventsAndUserLocked: valid=false r.callerUid=0 foregroundUser=0 r.events=33 events=1024
05-07 10:15:32.134 D/TelephonyRegistry(  923): validateEventsAndUserLocked: valid=false r.callerUid=0 foregroundUser=0 r.events=225 events=1024
05-07 10:15:32.134 D/TelephonyRegistry(  923): validateEventsAndUserLocked: valid=false r.callerUid=0 foregroundUser=0 r.events=512 events=1024
