05-07 10:14:52.014 I/PackageManager(  923):   Scheme: "smsto"
05-07 10:14:52.014 D/Documents(  421): Used cached roots for com.android.providers.downloads.documents
05-07 10:14:52.014 D/Documents(  421): Used cached roots for com.android.externalstorage.documents
05-07 10:14:52.014 D/Documents(  421): Used cached roots for com.android.providers.media.documents
05-07 10:14:52.014 D/Documents(  421): Update found 7 roots in 19ms
05-07 10:14:52.014 D/HwCust  ( 1421): Create obj success use class com.huawei.android.launcher.HwCustIconCacheImpl
05-07 10:14:52.014 I/HwLauncher( 1421): Launcher.IconCache, cacheLocked end Utilities.createIconBitmap entry.title = Gif助手
05-07 10:14:52.024 I/HwLauncher( 1421): Workspace addAppToDesktop itemInfo=ShortcutInfo(title=Gif助手) success=true isInstalled=true checkPage=2 mCoordinates=3,3 view=null
05-07 10:14:52.024 I/HwSystemManager( 7527): HsmPackageManager:Receive intent:Intent { act=android.intent.action.PACKAGE_ADDED dat=package:com.wind.gifassistant flg=0x4000010 (has extras) }
05-07 10:14:52.024 I/HwSystemManager( 7527): HsmPackageManager:replacing:false
05-07 10:14:52.024 I/HwSystemManager( 7527): HsmPackageManager:pkgName:com.wind.gifassistant
05-07 10:14:52.034 V/SMCSAMSHelper(  923): SMCSAMSHelper.addSTPEvent: cost 0 ms end.
05-07 10:14:52.034 V/SMCSAMSHelper(  923): SMCSAMSHelper.smartTrimAddProcessRelation: cost 0 ms end.
05-07 10:14:52.044 I/PackageManager(  923):   Action: "android.intent.action.SENDTO"
05-07 10:14:52.044 I/PackageManager(  923):   Category: "android.intent.category.DEFAULT"
05-07 10:14:52.044 I/PackageManager(  923):   Scheme: "mms"
05-07 10:14:52.044 D/HwLauncher( 1421): Launcher.LauncherProvider  launcher-restore insert - insert:content://com.huawei.android.launcher.settings/favorites4x5?notify=false 
05-07 10:14:52.064 W/System.err(  923): java.io.IOException: No such file or directory
05-07 10:14:52.064 W/System.err(  923): 	at android.net.LocalSocketImpl.connectLocal(Native Method)
05-07 10:14:52.064 W/System.err(  923): 	at android.net.LocalSocketImpl.connect(LocalSocketImpl.java:292)
05-07 10:14:52.064 W/System.err(  923): 	at android.net.LocalSocket.connect(LocalSocket.java:130)
05-07 10:14:52.064 W/System.err(  923): 	at huawei.com.android.server.SmartHeartBeat$HeartBeatNetwork.sendNetMonitorData(SmartHeartBeat.java:1269)
05-07 10:14:52.064 W/System.err(  923): 	at huawei.com.android.server.SmartHeartBeat$HeartBeatNetwork.delNetMonitor(SmartHeartBeat.java:1190)
05-07 10:14:52.064 W/System.err(  923): 	at huawei.com.android.server.SmartHeartBeat$HeartBeatHandler.updatePackageMessage(SmartHeartBeat.java:757)
05-07 10:14:52.064 W/System.err(  923): 	at huawei.com.android.server.SmartHeartBeat$HeartBeatHandler.handleMessage(SmartHeartBeat.java:506)
05-07 10:14:52.064 W/System.err(  923): 	at android.os.Handler.dispatchMessage(Handler.java:102)
05-07 10:14:52.064 W/System.err(  923): 	at android.os.Looper.loop(Looper.java:136)
05-07 10:14:52.064 W/System.err(  923): 	at android.os.HandlerThread.run(HandlerThread.java:61)
05-07 10:14:52.064 W/System.err(  923): java.io.IOException: Transport endpoint is not connected
05-07 10:14:52.064 W/System.err(  923): 	at android.net.LocalSocketImpl.writeba_native(Native Method)
05-07 10:14:52.064 W/System.err(  923): 	at android.net.LocalSocketImpl.access$600(LocalSocketImpl.java:33)
05-07 10:14:52.064 W/System.err(  923): 	at android.net.LocalSocketImpl$SocketOutputStream.write(LocalSocketImpl.java:137)
05-07 10:14:52.064 W/System.err(  923): 	at android.net.LocalSocketImpl$SocketOutputStream.write(LocalSocketImpl.java:124)
05-07 10:14:52.064 W/System.err(  923): 	at huawei.com.android.server.SmartHeartBeat$HeartBeatNetwork.sendNetMonitorData(SmartHeartBeat.java:1262)
05-07 10:14:52.064 W/System.err(  923): 	at huawei.com.android.server.SmartHeartBeat$HeartBeatNetwork.delNetMonitor(SmartHeartBeat.java:1190)
05-07 10:14:52.064 W/System.err(  923): 	at huawei.com.android.server.SmartHeartBeat$HeartBeatHandler.updatePackageMessage(SmartHeartBeat.java:757)
05-07 10:14:52.064 W/System.err(  923): 	at huawei.com.android.server.SmartHeartBeat$HeartBeatHandler.handleMessage(SmartHeartBeat.java:506)
05-07 10:14:52.064 W/System.err(  923): 	at android.os.Handler.dispatchMessage(Handler.java:102)
05-07 10:14:52.064 W/System.err(  923): 	at android.os.Looper.loop(Looper.java:136)
05-07 10:14:52.064 W/System.err(  923): 	at android.os.HandlerThread.run(HandlerThread.java:61)
05-07 10:14:52.074 D/dalvikvm( 1421): GC_CONCURRENT freed 1255K, 39% free 13680K/22368K, paused 13ms+9ms, total 70ms
05-07 10:14:52.074 I/PackageManager(  923):   Action: "android.intent.action.SENDTO"
05-07 10:14:52.074 I/PackageManager(  923):   Category: "android.intent.category.DEFAULT"
05-07 10:14:52.074 I/PackageManager(  923):   Scheme: "mmsto"
05-07 10:14:52.074 I/HwSystemManager( 7527): HsmPackageManager:doAppInstalled, installed: com.wind.gifassistant
05-07 10:14:52.094 W/AESUtil (28775): key len is more than 16, cut out
05-07 10:14:52.094 W/AESUtil (28775): key len is more than 16, cut out
05-07 10:14:52.104 D/AccountTypeManager(15078): Registering external account type=com.tencent.mobileqq.account, packageName=com.tencent.mobileqq
05-07 10:14:52.104 W/AESUtil (28775): key len is more than 16, cut out
05-07 10:14:52.114 I/PackageManager(  923):   Action: "android.intent.action.SENDTO"
05-07 10:14:52.114 I/PackageManager(  923):   Category: "android.intent.category.DEFAULT"
05-07 10:14:52.114 I/PackageManager(  923):   Scheme: "sms"
05-07 10:14:52.114 W/ResourceType(15078): getEntry failing because entryIndex 2134 is beyond type entryCount 1025
05-07 10:14:52.114 W/ResourceType(15078): Failure getting entry for 0x7f020856 (t=1 e=2134) in package 0 (error -2147483647)
05-07 10:14:52.124 W/ResourceType(15078): getEntry failing because entryIndex 2133 is beyond type entryCount 1025
05-07 10:14:52.124 W/ResourceType(15078): Failure getting entry for 0x7f020855 (t=1 e=2133) in package 0 (error -2147483647)
05-07 10:14:52.124 I/AccountTypeManager(15078): Adding account type = com.android.contacts.model.account.ExternalAccountType@4278a308 in the cache
05-07 10:14:52.124 I/AccountTypeManager(15078): Adding account type = com.android.contacts.model.account.ExchangeAccountType@42789020 in the cache
05-07 10:14:52.134 W/AESUtil (28775): key len is more than 16, cut out
05-07 10:14:52.134 I/PackageManager(  923):   Action: "android.intent.action.SENDTO"
05-07 10:14:52.134 I/PackageManager(  923):   Category: "android.intent.category.DEFAULT"
05-07 10:14:52.134 I/PackageManager(  923):   Scheme: "smsto"
05-07 10:14:52.144 I/AccountTypeManager(15078): Adding account type = com.android.contacts.hap.sim.advanced.AdvancedSimAccountType@42480790 in the cache
05-07 10:14:52.144 D/AccountTypeManager(15078): Registering external account type=com.tencent.mm.account, packageName=com.tencent.mm
05-07 10:14:52.164 D/dalvikvm(  290): GC_EXPLICIT freed 43K, 78% free 3331K/14888K, paused 2ms+3ms, total 22ms
05-07 10:14:52.184 D/dalvikvm(  290): GC_EXPLICIT freed <1K, 78% free 3331K/14888K, paused 2ms+3ms, total 19ms
05-07 10:14:52.204 D/dalvikvm(  290): GC_EXPLICIT freed <1K, 78% free 3331K/14888K, paused 2ms+3ms, total 20ms
05-07 10:14:52.204 D/dalvikvm( 8693): GC_CONCURRENT freed 418K, 46% free 9808K/18064K, paused 4ms+6ms, total 50ms
05-07 10:14:52.244 I/PackageManager(  923):   Action: "android.intent.action.SENDTO"
05-07 10:14:52.244 I/PackageManager(  923):   Category: "android.intent.category.DEFAULT"
05-07 10:14:52.244 I/PackageManager(  923):   Scheme: "mms"
05-07 10:14:52.244 D/ActivityThread(  606): setTargetHeapUtilization:0.75
05-07 10:14:52.244 D/ActivityThread(  606): setTargetHeapConcurrentStart:2097152
05-07 10:14:52.254 I/AccountTypeManager(15078): Adding account type = com.android.contacts.model.account.ExternalAccountType@4279b8a0 in the cache
05-07 10:14:52.254 I/AccountTypeManager(15078): Adding account type = com.android.contacts.hap.sim.advanced.AdvancedSimAccountType@42548840 in the cache
05-07 10:14:52.254 D/AccountTypeManager(15078): Registering external account type=com.android.huawei.phone, packageName=com.android.contacts
05-07 10:14:52.284 D/dalvikvm(  923): GC_EXPLICIT freed 2120K, 29% free 23309K/32756K, paused 5ms+20ms, total 340ms
05-07 10:14:52.284 D/AndroidRuntime(  551): Shutting down VM
05-07 10:14:52.284 D/dalvikvm(  551): GC_CONCURRENT freed 96K, 15% free 578K/676K, paused 0ms+0ms, total 3ms
05-07 10:14:52.294 I/DbHelper(28775): DbHelper:insert()
05-07 10:14:52.464 I/PackageManager(  923):   Action: "android.intent.action.SENDTO"
05-07 10:14:52.464 I/PackageManager(  923):   Category: "android.intent.category.DEFAULT"
05-07 10:14:52.464 I/PackageManager(  923):   Scheme: "mmsto"
05-07 10:14:52.464 D/MSimTelephonyManager( 8693): mapDualCardSubID, input subscription = 0
05-07 10:14:52.464 D/MSimTelephonyManager( 8693): getDeviceId, subscription=0
05-07 10:14:52.474 I/AccountTypeManager(15078): Adding account type = com.android.contacts.model.account.ExternalAccountType@423447d0 in the cache
05-07 10:14:52.474 D/AccountTypeManager(15078): Registering external account type=com.sina.weibo.account, packageName=com.sina.weibo
05-07 10:14:52.474 D/KeyguardUpdateMonitor( 1117): received broadcast android.intent.action.BATTERY_CHANGED
05-07 10:14:52.474 D/KeyguardUpdateMonitor( 1117): handleBatteryUpdate
05-07 10:14:52.474 D/HeadsetStateMachine( 4397): Disconnected process message: 10
05-07 10:14:52.474 D/WifiController(  923): handleMessage: E msg.what=155652
05-07 10:14:52.474 D/WifiController(  923): processMsg: ApStaDisabledState
05-07 10:14:52.474 D/WifiController(  923): processMsg: DefaultState
05-07 10:14:52.474 D/WifiController(  923): handleMessage: X
05-07 10:14:52.484 D/HwSystemManager( 1687): BgPowerManagerService:BgPowerManagerSerivce plugged =2 currentThreshold = 8 mRawLevel = 56mLastRawLevel56
05-07 10:14:52.484 D/BgPowerManagerService( 1687):  mTimes = 299871 firstTime = 136780622 firstmBatteryCapacity =1650
05-07 10:14:52.494 D/IconMerger( 1143): moreView.visibility = GONE
05-07 10:14:52.524 D/KeyguardUpdateMonitor( 1117): received broadcast android.intent.action.BATTERY_CHANGED
05-07 10:14:52.524 D/KeyguardUpdateMonitor( 1117): handleBatteryUpdate
05-07 10:14:52.524 D/WifiController(  923): handleMessage: E msg.what=155652
05-07 10:14:52.524 D/WifiController(  923): processMsg: ApStaDisabledState
05-07 10:14:52.524 D/HeadsetStateMachine( 4397): Disconnected process message: 10
05-07 10:14:52.524 D/WifiController(  923): processMsg: DefaultState
05-07 10:14:52.524 D/WifiController(  923): handleMessage: X
05-07 10:14:52.534 D/IconMerger( 1143): moreView.visibility = GONE
05-07 10:14:52.534 D/HwSystemManager( 1687): BgPowerManagerService:BgPowerManagerSerivce plugged =2 currentThreshold = 8 mRawLevel = 56mLastRawLevel56
05-07 10:14:52.534 D/BgPowerManagerService( 1687):  mTimes = 299919 firstTime = 136780622 firstmBatteryCapacity =1650
05-07 10:14:53.554 W/HwLauncher( 1421): BubbleTextView mAnimateRunnable.run()
05-07 10:14:53.554 W/HwLauncher( 1421): BubbleTextView BubbleTextView.run
05-07 10:14:54.104 W/System.err(28538): android.os.DeadObjectException
05-07 10:14:54.104 W/System.err(28538): 	at android.os.BinderProxy.transact(Native Method)
05-07 10:14:54.104 W/System.err(28538): 	at android.os.IMessenger$Stub$Proxy.send(IMessenger.java:89)
05-07 10:14:54.104 W/System.err(28538): 	at android.os.Messenger.send(Messenger.java:50)
05-07 10:14:54.104 W/System.err(28538): 	at com.baidu.location.LocationClient.byte(Unknown Source)
05-07 10:14:54.104 W/System.err(28538): 	at com.baidu.location.LocationClient.a(Unknown Source)
05-07 10:14:54.104 W/System.err(28538): 	at com.baidu.location.LocationClient$a.handleMessage(Unknown Source)
05-07 10:14:54.104 W/System.err(28538): 	at android.os.Handler.dispatchMessage(Handler.java:102)
05-07 10:14:54.104 W/System.err(28538): 	at android.os.Looper.loop(Looper.java:136)
05-07 10:14:54.104 W/System.err(28538): 	at android.app.ActivityThread.main(ActivityThread.java:5291)
05-07 10:14:54.104 W/System.err(28538): 	at java.lang.reflect.Method.invokeNative(Native Method)
05-07 10:14:54.104 W/System.err(28538): 	at java.lang.reflect.Method.invoke(Method.java:515)
05-07 10:14:54.104 W/System.err(28538): 	at com.android.internal.os.ZygoteInit$MethodAndArgsCaller.run(ZygoteInit.java:865)
05-07 10:14:54.104 W/System.err(28538): 	at com.android.internal.os.ZygoteInit.main(ZygoteInit.java:681)
05-07 10:14:54.104 W/System.err(28538): 	at dalvik.system.NativeStart.main(Native Method)
05-07 10:14:55.604 D/StubController( 1384): holdAndGetPermissionType permissionType:16 uid:10105 pid:8693
05-07 10:14:55.604 D/StubController( 1384): addRequestCount, mRequestCount =1 mPhoneIDRequestCount: 1 mLocationRequestCount: 0 permissionType is: 16
05-07 10:14:55.604 D/StubController( 1384): holdForGetPermissionSelection  mRequestCount:1
05-07 10:14:55.604 D/HwActivityManagerService(  923): handleANRFilterFIFO,uid = 10105cmd = 0
05-07 10:14:55.604 D/HwSystemManager( 1687): HoldService:checkBeforeShowDialog: uid:10105, permissionType:16, desAddr:null
05-07 10:14:55.604 D/HwSystemManager( 1687): OverseaCfgHelper:permissionStatus is 0
05-07 10:14:55.614 W/Settings( 1143): Setting multi_sim_data_call has moved from android.provider.Settings.System to android.provider.Settings.Global, returning read-only value.
05-07 10:14:55.614 D/SystemUI( 1143): StatusBar.MSimNetworkController onDataActivity received on subscription:0 direction=3 dataSub=0
05-07 10:14:55.614 W/Settings( 1143): Setting multi_sim_data_call has moved from android.provider.Settings.System to android.provider.Settings.Global, returning read-only value.
05-07 10:14:55.614 D/SystemUI( 1143): StatusBar.MSimNetworkController updateDataIcon subscription=0 dataSub=0 simState=UNKNOWN
05-07 10:14:55.614 D/SystemUI( 1143): StatusBar.MSimNetworkController refreshViews connected={ data } level=4 mMSimcombinedSignalIconId=0x7f030269/com.android.systemui:drawable/stat_sys_signal_4 mMSimcombinedActivityIconId=0x7f030286 mAirplaneMode=false mMSimDataActivity=3 mMSimPhoneSignalIconId=0x7f030269 mMSimDataDirectionIconId=0x7f0301ec mMSimDataSignalIconId=0x7f030269 mMSimDataTypeIconId=0x7f0301ec mNoSimIconVisible false mWifiIconId=0x0 mBluetoothTetherIconId=0x10805cc
05-07 10:14:55.614 D/SystemUI( 1143): MSimSignalClusterViewwifi: GONE sig=0 act=2130903746
05-07 10:14:55.614 W/ResourceType(15078): getEntry failing because entryIndex 1992 is beyond type entryCount 1025
05-07 10:14:55.614 W/ResourceType(15078): Failure getting entry for 0x7f0207c8 (t=1 e=1992) in package 0 (error -2147483647)
05-07 10:14:55.614 W/ResourceType(15078): getEntry failing because entryIndex 1992 is beyond type entryCount 1025
05-07 10:14:55.614 W/ResourceType(15078): Failure getting entry for 0x7f0207c8 (t=1 e=1992) in package 0 (error -2147483647)
05-07 10:14:55.614 W/ResourceType(15078): getEntry failing because entryIndex 1992 is beyond type entryCount 1025
05-07 10:14:55.614 W/ResourceType(15078): Failure getting entry for 0x7f0207c8 (t=1 e=1992) in package 0 (error -2147483647)
05-07 10:14:55.614 I/AccountTypeManager(15078): Adding account type = com.android.contacts.model.account.ExternalAccountType@425f5300 in the cache
05-07 10:14:55.634 D/SystemUI( 1143): MSimSignalClusterViewwifi: GONE sig=0 act=2130903746
05-07 10:14:55.634 D/SystemUI( 1143): MSimSignalClusterViewwifi: GONE sig=0 act=2130903746
05-07 10:14:55.634 D/SystemUI( 1143): MSimSignalClusterViewwifi: GONE sig=0 act=2130903746
05-07 10:14:55.634 D/SystemUI( 1143): MSimSignalClusterViewwifi: GONE sig=0 act=2130903746
05-07 10:14:55.634 D/SystemUI( 1143): MSimSignalClusterViewwifi: GONE sig=0 act=2130903746
05-07 10:14:55.634 D/SystemUI( 1143): MSimSignalClusterViewwifi: GONE sig=0 act=2130903746
05-07 10:14:55.634 D/SystemUI( 1143): MSimSignalClusterViewwifi: GONE sig=0 act=2130903746
05-07 10:14:55.634 D/SystemUI( 1143): StatusBar.MSimNetworkController changing data overlay icon id to 2130903686
05-07 10:14:55.634 W/Settings( 1143): Setting multi_sim_data_call has moved from android.provider.Settings.System to android.provider.Settings.Global, returning read-only value.
05-07 10:14:55.634 D/SystemUI( 1143): StatusBar.MSimNetworkController onDataActivity received on subscription:1 direction=3 dataSub=0
05-07 10:14:55.634 W/Settings( 1143): Setting multi_sim_data_call has moved from android.provider.Settings.System to android.provider.Settings.Global, returning read-only value.
05-07 10:14:55.634 D/SystemUI( 1143): StatusBar.MSimNetworkController updateDataIcon subscription=1 dataSub=0 simState=UNKNOWN
05-07 10:14:55.644 D/SystemUI( 1143): StatusBar.MSimNetworkController refreshViews connected={ } level=4 mMSimcombinedSignalIconId=0x7f030269/com.android.systemui:drawable/stat_sys_signal_4 mMSimcombinedActivityIconId=0x7f0302c2 mAirplaneMode=false mMSimDataActivity=3 mMSimPhoneSignalIconId=0x7f030269 mMSimDataDirectionIconId=0x0 mMSimDataSignalIconId=0x7f030269 mMSimDataTypeIconId=0x0 mNoSimIconVisible false mWifiIconId=0x0 mBluetoothTetherIconId=0x10805cc
05-07 10:14:55.644 D/SystemUI( 1143): MSimSignalClusterViewwifi: GONE sig=0 act=2130903746
05-07 10:14:55.644 D/SystemUI( 1143): MSimSignalClusterViewwifi: GONE sig=0 act=2130903746
05-07 10:14:55.644 D/SystemUI( 1143): MSimSignalClusterViewwifi: GONE sig=0 act=2130903746
05-07 10:14:55.654 D/SystemUI( 1143): MSimSignalClusterViewwifi: GONE sig=0 act=2130903746
05-07 10:14:55.654 D/SystemUI( 1143): MSimSignalClusterViewwifi: GONE sig=0 act=2130903746
05-07 10:14:55.654 D/HwLauncher( 1421): GetOemName.getOemName:metadata is null and the app is 书签
05-07 10:14:55.664 D/SystemUI( 1143): MSimSignalClusterViewwifi: GONE sig=0 act=2130903746
05-07 10:14:55.664 I/HwSystemManager( 1687): HoldService:preHoldShow start!
05-07 10:14:55.664 I/HwSystemManager( 1687): HoldService:The prePermissionType is: 1
05-07 10:14:55.664 D/StubController( 1384): beforeShowDialogCheckResult:1
05-07 10:14:55.664 D/StubController( 1384): minusRequestCount, mRequestCount =0 mPhoneIDRequestCount: 0 mLocationRequestCount: 0 permissionType is: 16
05-07 10:14:55.664 D/HwActivityManagerService(  923): handleANRFilterFIFO,uid = 10105cmd = 1
05-07 10:14:55.664 D/HwLauncher( 1421): GetOemName.getOemName:metadata is null and the app is 联系人快捷方式
05-07 10:14:55.664 D/SystemUI( 1143): MSimSignalClusterViewwifi: GONE sig=0 act=2130903746
05-07 10:14:55.664 E/MSimTelephonyManager( 8693): NullPointerException in getPreferredSmsSubscription()
05-07 10:14:55.664 D/HwLauncher( 1421): GetOemName.getOemName:metadata is null and the app is 快速拨号
05-07 10:14:55.664 D/HwLauncher( 1421): GetOemName.getOemName:metadata is null and the app is 快速发送信息
05-07 10:14:55.664 D/SystemUI( 1143): MSimSignalClusterViewwifi: GONE sig=0 act=2130903746
05-07 10:14:55.664 D/SystemUI( 1143): StatusBar.MSimNetworkController changing data overlay icon id to 2130903746
05-07 10:14:55.664 W/Settings( 1143): Setting multi_sim_data_call has moved from android.provider.Settings.System to android.provider.Settings.Global, returning read-only value.
05-07 10:14:55.664 D/SystemUI( 1143): StatusBar.MSimNetworkController onDataActivity received on subscription:0 direction=3 dataSub=0
05-07 10:14:55.664 W/Settings( 1143): Setting multi_sim_data_call has moved from android.provider.Settings.System to android.provider.Settings.Global, returning read-only value.
05-07 10:14:55.664 D/SystemUI( 1143): StatusBar.MSimNetworkController updateDataIcon subscription=0 dataSub=0 simState=UNKNOWN
05-07 10:14:55.664 D/SystemUI( 1143): StatusBar.MSimNetworkController refreshViews connected={ data } level=4 mMSimcombinedSignalIconId=0x7f030269/com.android.systemui:drawable/stat_sys_signal_4 mMSimcombinedActivityIconId=0x7f030286 mAirplaneMode=false mMSimDataActivity=3 mMSimPhoneSignalIconId=0x7f030269 mMSimDataDirectionIconId=0x7f0301ec mMSimDataSignalIconId=0x7f030269 mMSimDataTypeIconId=0x7f0301ec mNoSimIconVisible false mWifiIconId=0x0 mBluetoothTetherIconId=0x10805cc
05-07 10:14:55.664 D/SystemUI( 1143): StatusBar.MSimNetworkController changing data overlay icon id to 2130903686
05-07 10:14:55.664 W/Settings( 1143): Setting multi_sim_data_call has moved from android.provider.Settings.System to android.provider.Settings.Global, returning read-only value.
05-07 10:14:55.664 D/SystemUI( 1143): StatusBar.MSimNetworkController onDataActivity received on subscription:1 direction=3 dataSub=0
05-07 10:14:55.664 W/Settings( 1143): Setting multi_sim_data_call has moved from android.provider.Settings.System to android.provider.Settings.Global, returning read-only value.
05-07 10:14:55.664 D/SystemUI( 1143): StatusBar.MSimNetworkController updateDataIcon subscription=1 dataSub=0 simState=UNKNOWN
05-07 10:14:55.664 D/SystemUI( 1143): StatusBar.MSimNetworkController refreshViews connected={ } level=4 mMSimcombinedSignalIconId=0x7f030269/com.android.systemui:drawable/stat_sys_signal_4 mMSimcombinedActivityIconId=0x7f0302c2 mAirplaneMode=false mMSimDataActivity=3 mMSimPhoneSignalIconId=0x7f030269 mMSimDataDirectionIconId=0x0 mMSimDataSignalIconId=0x7f030269 mMSimDataTypeIconId=0x0 mNoSimIconVisible false mWifiIconId=0x0 mBluetoothTetherIconId=0x10805cc
05-07 10:14:55.664 D/SystemUI( 1143): StatusBar.MSimNetworkController changing data overlay icon id to 2130903746
05-07 10:14:55.674 D/HwLauncher( 1421): GetOemName.getOemName:metadata is null and the app is 我查查
05-07 10:14:55.674 D/StubController( 1384): holdAndGetPermissionType permissionType:16 uid:10105 pid:8693
05-07 10:14:55.674 D/StubController( 1384): addRequestCount, mRequestCount =1 mPhoneIDRequestCount: 1 mLocationRequestCount: 0 permissionType is: 16
05-07 10:14:55.674 D/StubController( 1384): holdForGetPermissionSelection  mRequestCount:1
05-07 10:14:55.674 D/HwActivityManagerService(  923): handleANRFilterFIFO,uid = 10105cmd = 0
05-07 10:14:55.684 D/HwSystemManager( 1687): HoldService:checkBeforeShowDialog: uid:10105, permissionType:16, desAddr:null
05-07 10:14:55.684 D/HwSystemManager( 1687): OverseaCfgHelper:permissionStatus is 0
05-07 10:14:55.684 I/HwSystemManager( 1687): HoldService:preHoldShow start!
05-07 10:14:55.684 I/HwSystemManager( 1687): HoldService:The prePermissionType is: 1
05-07 10:14:55.684 D/StubController( 1384): beforeShowDialogCheckResult:1
05-07 10:14:55.684 D/StubController( 1384): minusRequestCount, mRequestCount =0 mPhoneIDRequestCount: 0 mLocationRequestCount: 0 permissionType is: 16
05-07 10:14:55.684 D/HwActivityManagerService(  923): handleANRFilterFIFO,uid = 10105cmd = 1
05-07 10:14:55.684 I/AccountTypeManager(15078): Loaded meta-data for 7 account types, 4 accounts in 3696ms(wall) 31ms(cpu)
05-07 10:14:55.684 D/IconMerger( 1143): moreView.visibility = GONE
05-07 10:14:55.694 I/PushLogAC2550(28880): [main-1]action is android.intent.action.PACKAGE_ADDED(pushagent/null:-1)
05-07 10:14:55.694 I/PushLogAC2550(28880): [main-1]run push selfshow(pushagent/null:-1)
05-07 10:14:55.734 I/PushLogAC2550(28880): [Thread-8014-8014]framework push exist, use framework push first(pushagent/null:-1)
05-07 10:14:55.734 D/charger_monitor(  400): vchg_loop stable: 0, is_settled = 0,usb_target_ua = 500000, usbin_current_now = 500000,fastchg_sts = 1, num_attempts = 0
05-07 10:14:55.744 I/PushLogSC2539(28311): [main-1]action is android.intent.action.PACKAGE_ADDED(ds/null:-1)
05-07 10:14:55.744 I/PushLogSC2539(28311): [main-1]run push selfshow(ds/null:-1)
05-07 10:14:55.744 I/PushLogSC2539(28311): [Thread-7971-7971]framework push exist, use framework push first(ds/null:-1)
05-07 10:14:55.744 I/HwSystemManager( 1687): NotificationManagerReceiver:onReceive action = android.intent.action.PACKAGE_ADDED
05-07 10:14:55.744 D/HwSystemManager( 1687): NotificationManagerReceiver:onReceive, send action to background
05-07 10:14:55.754 V/HwSystemManager( 1687): HsmIntentService:created. this:com.huawei.systemmanager.util.content.HsmIntentService_bg@427722e0
05-07 10:14:55.754 V/HwSystemManager( 1687): HsmIntentService:started for intent:Intent { act=android.intent.action.PACKAGE_ADDED dat=package:com.wind.gifassistant flg=0x4000010 cmp=com.huawei.systemmanager/com.huawei.notificationmanager.receiver.Receiver (has extras) }, action:android.intent.action.PACKAGE_ADDED, class:com.huawei.notificationmanager.receiver.Receiver
05-07 10:14:55.754 V/HwSystemManager( 1687): HsmIntentService:invoked com.huawei.notificationmanager.receiver.Receiver
05-07 10:14:55.754 D/HwSystemManager( 1687): CloudDBAdapter:The pkgName is: com.wind.gifassistant md5 is: FE50652C0BC46C96184FFA1D214F43C6
05-07 10:14:55.754 D/HwSystemManager( 7527): AppInstallationReceiver:AppInstallationReceiver onReceive action = android.intent.action.PACKAGE_ADDED
05-07 10:14:55.764 D/HwSystemManager( 1687): CloudDBAdapter:Can't get the valid match!
05-07 10:14:55.764 V/HwSystemManager( 7527): HsmIntentService:created. this:com.huawei.systemmanager.util.content.HsmIntentService_ui@42330788
05-07 10:14:55.764 V/HwSystemManager( 7527): HsmIntentService:started for intent:Intent { act=android.intent.action.PACKAGE_ADDED dat=package:com.wind.gifassistant flg=0x4000010 cmp=com.huawei.systemmanager/com.huawei.permissionmanager.ui.AppInstallationReceiver (has extras) }, action:android.intent.action.PACKAGE_ADDED, class:com.huawei.permissionmanager.ui.AppInstallationReceiver
05-07 10:14:55.764 V/HwSystemManager( 7527): HsmIntentService:invoked com.huawei.permissionmanager.ui.AppInstallationReceiver
05-07 10:14:55.764 I/HwSystemManager( 7527): OptimizeReceiver:OptimizeReceiver received action:android.intent.action.PACKAGE_ADDED
05-07 10:14:55.764 D/HwSystemManager( 7527): OverseaCfgHelper:permissionStatus is 0
05-07 10:14:55.774 D/HwSystemManager( 7527): AppInstallationReceiver:compareCode = 0
05-07 10:14:55.774 D/HwSystemManager( 7527): CloudDBAdapter:The pkgName is: com.wind.gifassistant md5 is: B94FF64A44957DB4D8265A98D0FB53A1
05-07 10:14:55.774 D/HwSystemManager( 7527): CloudDBAdapter:Can't get the valid match!
05-07 10:14:55.794 V/HwSystemManager( 1687): HsmIntentService:task completed for intent:Intent { act=android.intent.action.PACKAGE_ADDED dat=package:com.wind.gifassistant flg=0x4000010 cmp=com.huawei.systemmanager/com.huawei.notificationmanager.receiver.Receiver (has extras) }, action:android.intent.action.PACKAGE_ADDED
05-07 10:14:55.794 D/HwSystemManager( 1687): HsmIntentService:in thread:Thread[HsmIntentServiceTask #5,5,main], current active tasksize:1, queue size:0
05-07 10:14:55.794 D/HwSystemManager( 1687): HsmIntentService:last work complete! lets stop service.
05-07 10:14:55.804 I/HwSystemManager( 7527): HsmPackageManager:get all installed packages, flag:8192, size:145
05-07 10:14:55.804 E/HwSystemManager( 7527): PermissionDBAdapter:appcationsList size:145
05-07 10:14:55.834 D/HwCust  ( 7527): Create obj success use class com.huawei.systemmanager.optimize.HwCustOptimizeReceiverImpl
05-07 10:14:55.834 D/HwSystemManager( 7527): CloudDBAdapter:The pkgName is: com.wind.gifassistant md5 is: B94FF64A44957DB4D8265A98D0FB53A1
05-07 10:14:55.834 D/HwSystemManager( 1687): AppCleanUpService:onStartCommand() in!
05-07 10:14:55.834 D/HwSystemManager( 1687): AppCleanUpService:onStartCommand() out!
05-07 10:14:55.834 E/HwSystemManager( 1687): AppCleanUpService:msg is 0
05-07 10:14:55.844 V/HwSystemManager( 7527): HsmIntentService:started for intent:Intent { act=android.intent.action.PACKAGE_ADDED dat=package:com.wind.gifassistant flg=0x4000010 cmp=com.huawei.systemmanager/.power.BootBroadcastReceiver (has extras) }, action:android.intent.action.PACKAGE_ADDED, class:com.huawei.systemmanager.power.BootBroadcastReceiver
05-07 10:14:55.844 V/HwSystemManager( 7527): HsmIntentService:invoked com.huawei.systemmanager.power.BootBroadcastReceiver
05-07 10:14:55.844 I/HwSystemManager( 7527): SavingSettingUtil:setAlarm and high_level_standard is 10 msg_send_interval is 240 count_frequency is 60 dangerous_level_standard is 25 dangerous_current_level is 30 min_interval_time is 3 average_current_fg is 350 count_frequency_fg is 5 app_show_level is 1
05-07 10:14:55.854 V/HwSystemManager( 7527): HsmIntentService:task completed for intent:Intent { act=android.intent.action.PACKAGE_ADDED dat=package:com.wind.gifassistant flg=0x4000010 cmp=com.huawei.systemmanager/.power.BootBroadcastReceiver (has extras) }, action:android.intent.action.PACKAGE_ADDED
05-07 10:14:55.854 D/HwSystemManager( 7527): HsmIntentService:in thread:Thread[HsmIntentServiceTask #6,5,main], current active tasksize:2, queue size:0
05-07 10:14:55.854 D/HwSystemManager( 7527): NetAppListPrepareReceiver:NetAppListPrepareReceiver:  onReceive(), action = android.intent.action.PACKAGE_ADDED
05-07 10:14:55.854 D/HwSystemManager( 7527): CloudDBAdapter:Can't get the valid match!
05-07 10:14:55.864 W/Searchables(  923): No global search activity found
05-07 10:14:55.864 D/HwSystemManager( 7527): AntiVirusReceiver:android.intent.action.PACKAGE_ADDED
05-07 10:14:55.864 D/HwSystemManager( 7527): CloudDBAdapter:The pkgName is: com.wind.gifassistant md5 is: B94FF64A44957DB4D8265A98D0FB53A1
05-07 10:14:55.864 I/HwSystemManager( 1687): MainService:on startCommand,flags:0,startId:83
05-07 10:14:55.874 D/HwSystemManager( 1687): AntiVirusEngineManager:scan the installed apk package name = com.wind.gifassistant
05-07 10:14:55.874 I/HwSystemManager( 1687): HsmIntentService:destroyed. this:com.huawei.systemmanager.util.content.HsmIntentService_bg@427722e0
05-07 10:14:55.874 D/dalvikvm( 7527): GC_CONCURRENT freed 1231K, 69% free 4654K/14888K, paused 2ms+4ms, total 56ms
05-07 10:14:55.874 D/HwSystemManager( 7527): CloudDBAdapter:Can't get the valid match!
05-07 10:14:55.884 I/HwSystemManager( 7527): DX-Optimizer:[PackageChangeReceiver] Received: android.intent.action.PACKAGE_ADDED, data: package:com.wind.gifassistant, replacing: false
05-07 10:14:55.884 I/YhdsEngine( 7527): [EngineIntentService] Received: com.dianxinos.optimizer.engine.action.PKG_CHANGE
05-07 10:14:55.894 D/HwSystemManager( 7527): AppChangeReceiver:AppChangeReceiver:  onReceive(), action = android.intent.action.PACKAGE_ADDED
05-07 10:14:55.894 I/HwSystemManager( 7527): DX-Optimizer:[CommonIntentService] Received: com.dianxinos.optimizer.action.PKG_CHANGE
05-07 10:14:55.894 W/HwSystemManager( 7527): AddViewAppManager:Current installed app not apply system_alert_window or applicationInfo null!
05-07 10:14:55.894 I/PushLogSC2554(28357): [main-1]action is android.intent.action.PACKAGE_ADDED(appmarket/null:-1)
05-07 10:14:55.894 I/PushLogSC2554(28357): [main-1]run push selfshow(appmarket/null:-1)
05-07 10:14:55.904 E/HwSystemManager( 7527): FirewallCheckBox:shouldCloseSocket isshould =true
05-07 10:14:55.904 D/HwSystemManager( 7527): PermissionDBAdapter:DBAdapter refreshAllCachedData!
05-07 10:14:55.914 V/HwSystemManager( 7527): HsmIntentService:task completed for intent:Intent { act=android.intent.action.PACKAGE_ADDED dat=package:com.wind.gifassistant flg=0x4000010 cmp=com.huawei.systemmanager/com.huawei.permissionmanager.ui.AppInstallationReceiver (has extras) }, action:android.intent.action.PACKAGE_ADDED
05-07 10:14:55.914 D/HwSystemManager( 7527): HsmIntentService:in thread:Thread[HsmIntentServiceTask #3,5,main], current active tasksize:1, queue size:0
05-07 10:14:55.914 D/HwSystemManager( 7527): HsmIntentService:last work complete! lets stop service.
05-07 10:14:55.914 I/PushLogSC2554(28357): [Thread-7975-7975]framework push exist, use framework push first(appmarket/null:-1)
05-07 10:14:55.914 E/HwSystemManager( 7527): FirewallCheckBox:shouldCloseSocket isshould =true
05-07 10:14:55.914 I/PushLogSC2545(28377): [main-1]action is android.intent.action.PACKAGE_ADDED(remoteassistant/null:-1)
05-07 10:14:55.914 I/PushLogSC2545(28377): [main-1]run push selfshow(remoteassistant/null:-1)
05-07 10:14:55.924 I/PushLogSC2545(28377): [Thread-7978-7978]framework push exist, use framework push first(remoteassistant/null:-1)
05-07 10:14:55.924 I/AndroidRuntime(  370): VM exiting with result code 0, cleanup skipped.
05-07 10:14:55.924 D/MSimTelephonyManager( 1354): mapDualCardSubID, input subscription = 0
05-07 10:14:55.924 D/MSimTelephonyManager( 1354): getDeviceId, subscription=0
05-07 10:14:55.934 I/NLP     ( 1354): result:[location successful], reason:[network location]
05-07 10:14:55.944 E/HwSystemManager( 7527): FirewallCheckBox:onPostExecute result=false, shouldCloseSocket =true
05-07 10:14:55.944 E/HwSystemManager( 7527): FirewallCheckBox:closeSocket socket.
05-07 10:14:55.944 E/HwSystemManager( 7527): FirewallCheckBox:closeSocket socket close success.
05-07 10:14:55.954 E/LocSvc_eng(  923): I/===> int loc_eng_inject_location(loc_eng_data_s_type&, double, double, float) line 1844 
05-07 10:14:55.954 E/LocSvc_eng(  923): W/int loc_eng_inject_location(loc_eng_data_s_type&, double, double, float): log_eng state error: instance not initialized
05-07 10:14:55.954 E/HwSystemManager( 7527): FirewallCheckBox:onPostExecute result=false, shouldCloseSocket =true
05-07 10:14:55.954 E/HwSystemManager( 7527): FirewallCheckBox:closeSocket socket.
05-07 10:14:55.954 E/HwSystemManager( 7527): FirewallCheckBox:closeSocket socket close success.
05-07 10:14:55.954 I/HwSystemManager( 1687): ProtectAppService:send unprotect list broadcast,unprotect list:[com.android.calculator2, com.huawei.hidisk, cn.wps.moffice_i18n, com.sina.weibo, com.sohu.sohuvideo, com.taobao.taobao, com.UCMobile, com.wochacha, com.alipay.android.app, com.tencent.qqpim, com.baidu.BaiduMap, com.baidu.netdisk, com.chaozh.iReaderFree, com.eg.android.AlipayGphone, com.funcity.taxi.passenger, com.alibaba.mobileim, com.realarcade.tuyajump, com.firebear.androil, com.chediandian.customer, com.android.zjtelecom.lenjoy, com.dianping.v1, com.tudou.android, com.blizzard.bma, com.daimajia.androidanimations, cn.pedant.SweetAlert.sample, com.zhihu.android, com.coolapk.market, com.circuitjam, com.wind.gifassistant]
05-07 10:14:55.974 I/HwSystemManager( 7527): HsmIntentService:destroyed. this:com.huawei.systemmanager.util.content.HsmIntentService_ui@42330788
05-07 10:14:56.244 D/ThermalStateManager( 1395): Thermal type: 0 cur_temperature:41
05-07 10:14:56.254 I/ThermalStateManager( 1395): thermal action: battery policy:600
05-07 10:14:56.254 D/ThermalStateManager( 1395): Thermal type: 1 cur_temperature:41
05-07 10:14:56.254 W/ThermalStateManager( 1395): warning: no config thermal type:1 temperature:41
05-07 10:14:56.434 D/HeadsetStateMachine( 4397): Disconnected process message: 10
05-07 10:14:56.434 D/KeyguardUpdateMonitor( 1117): received broadcast android.intent.action.BATTERY_CHANGED
05-07 10:14:56.434 D/KeyguardUpdateMonitor( 1117): handleBatteryUpdate
05-07 10:14:56.434 D/WifiController(  923): handleMessage: E msg.what=155652
05-07 10:14:56.434 D/WifiController(  923): processMsg: ApStaDisabledState
05-07 10:14:56.434 D/WifiController(  923): processMsg: DefaultState
05-07 10:14:56.434 D/WifiController(  923): handleMessage: X
05-07 10:14:56.434 D/HwSystemManager( 1687): BgPowerManagerService:BgPowerManagerSerivce plugged =2 currentThreshold = 8 mRawLevel = 56mLastRawLevel56
05-07 10:14:56.434 D/BgPowerManagerService( 1687):  mTimes = 303820 firstTime = 136780622 firstmBatteryCapacity =1650
05-07 10:14:56.434 E/HwSystemManager( 1687): BgPowerManagerService: conusmPower = -30 result = -355 flag1 =false flag2 = false
05-07 10:14:56.464 D/IconMerger( 1143): moreView.visibility = GONE
05-07 10:14:56.464 D/charger_monitor(  400): vchg_loop stable: 0, is_settled = 0,usb_target_ua = 500000, usbin_current_now = 500000,fastchg_sts = 1, num_attempts = 0
05-07 10:14:56.904 I/HwSystemManager( 7527): PermissionDBAdapter:preInstalledAppsPermissionEmendation no need emendation!
05-07 10:14:56.904 I/HwSystemManager( 7527): PermissionDBAdapter:checkDBErrorBecauseofHOTA packageNameDBList size 33
05-07 10:14:56.904 I/HwSystemManager( 7527): PermissionDBAdapter:checkDBErrorBecauseofHOTA nameList is0
05-07 10:14:57.004 I/ApplicationsProvider(15112): System.gc()
05-07 10:14:57.624 W/Settings( 1143): Setting multi_sim_data_call has moved from android.provider.Settings.System to android.provider.Settings.Global, returning read-only value.
05-07 10:14:57.634 D/SystemUI( 1143): StatusBar.MSimNetworkController onDataActivity received on subscription:0 direction=0 dataSub=0
05-07 10:14:57.634 W/Settings( 1143): Setting multi_sim_data_call has moved from android.provider.Settings.System to android.provider.Settings.Global, returning read-only value.
05-07 10:14:57.634 D/SystemUI( 1143): StatusBar.MSimNetworkController updateDataIcon subscription=0 dataSub=0 simState=UNKNOWN
05-07 10:14:57.634 D/SystemUI( 1143): StatusBar.MSimNetworkController refreshViews connected={ data } level=4 mMSimcombinedSignalIconId=0x7f030269/com.android.systemui:drawable/stat_sys_signal_4 mMSimcombinedActivityIconId=0x7f030281 mAirplaneMode=false mMSimDataActivity=0 mMSimPhoneSignalIconId=0x7f030269 mMSimDataDirectionIconId=0x7f0301ec mMSimDataSignalIconId=0x7f030269 mMSimDataTypeIconId=0x7f0301ec mNoSimIconVisible false mWifiIconId=0x0 mBluetoothTetherIconId=0x10805cc
05-07 10:14:57.634 D/SystemUI( 1143): MSimSignalClusterViewwifi: GONE sig=0 act=2130903746
05-07 10:14:57.634 D/SystemUI( 1143): MSimSignalClusterViewwifi: GONE sig=0 act=2130903746
05-07 10:14:57.644 D/SystemUI( 1143): MSimSignalClusterViewwifi: GONE sig=0 act=2130903746
05-07 10:14:57.644 D/SystemUI( 1143): MSimSignalClusterViewwifi: GONE sig=0 act=2130903746
05-07 10:14:57.644 D/SystemUI( 1143): MSimSignalClusterViewwifi: GONE sig=0 act=2130903746
05-07 10:14:57.654 D/SystemUI( 1143): MSimSignalClusterViewwifi: GONE sig=0 act=2130903746
05-07 10:14:57.654 D/SystemUI( 1143): MSimSignalClusterViewwifi: GONE sig=0 act=2130903746
05-07 10:14:57.654 D/SystemUI( 1143): MSimSignalClusterViewwifi: GONE sig=0 act=2130903746
05-07 10:14:57.664 D/SystemUI( 1143): StatusBar.MSimNetworkController changing data overlay icon id to 2130903681
05-07 10:14:57.664 W/Settings( 1143): Setting multi_sim_data_call has moved from android.provider.Settings.System to android.provider.Settings.Global, returning read-only value.
05-07 10:14:57.664 D/SystemUI( 1143): StatusBar.MSimNetworkController onDataActivity received on subscription:1 direction=0 dataSub=0
05-07 10:14:57.664 W/Settings( 1143): Setting multi_sim_data_call has moved from android.provider.Settings.System to android.provider.Settings.Global, returning read-only value.
05-07 10:14:57.664 D/SystemUI( 1143): StatusBar.MSimNetworkController updateDataIcon subscription=1 dataSub=0 simState=UNKNOWN
05-07 10:14:57.664 D/SystemUI( 1143): StatusBar.MSimNetworkController refreshViews connected={ } level=4 mMSimcombinedSignalIconId=0x7f030269/com.android.systemui:drawable/stat_sys_signal_4 mMSimcombinedActivityIconId=0x7f0302c2 mAirplaneMode=false mMSimDataActivity=0 mMSimPhoneSignalIconId=0x7f030269 mMSimDataDirectionIconId=0x0 mMSimDataSignalIconId=0x7f030269 mMSimDataTypeIconId=0x0 mNoSimIconVisible false mWifiIconId=0x0 mBluetoothTetherIconId=0x10805cc
05-07 10:14:57.664 D/SystemUI( 1143): MSimSignalClusterViewwifi: GONE sig=0 act=2130903746
05-07 10:14:57.664 D/SystemUI( 1143): MSimSignalClusterViewwifi: GONE sig=0 act=2130903746
05-07 10:14:57.674 D/SystemUI( 1143): MSimSignalClusterViewwifi: GONE sig=0 act=2130903746
05-07 10:14:57.674 D/SystemUI( 1143): MSimSignalClusterViewwifi: GONE sig=0 act=2130903746
05-07 10:14:57.674 D/SystemUI( 1143): MSimSignalClusterViewwifi: GONE sig=0 act=2130903746
05-07 10:14:57.674 D/SystemUI( 1143): MSimSignalClusterViewwifi: GONE sig=0 act=2130903746
05-07 10:14:57.674 D/SystemUI( 1143): MSimSignalClusterViewwifi: GONE sig=0 act=2130903746
05-07 10:14:57.674 D/SystemUI( 1143): MSimSignalClusterViewwifi: GONE sig=0 act=2130903746
05-07 10:14:57.674 D/SystemUI( 1143): StatusBar.MSimNetworkController changing data overlay icon id to 2130903746
05-07 10:14:57.674 W/Settings( 1143): Setting multi_sim_data_call has moved from android.provider.Settings.System to android.provider.Settings.Global, returning read-only value.
05-07 10:14:57.684 D/SystemUI( 1143): StatusBar.MSimNetworkController onDataActivity received on subscription:0 direction=0 dataSub=0
05-07 10:14:57.684 W/Settings( 1143): Setting multi_sim_data_call has moved from android.provider.Settings.System to android.provider.Settings.Global, returning read-only value.
05-07 10:14:57.684 D/SystemUI( 1143): StatusBar.MSimNetworkController updateDataIcon subscription=0 dataSub=0 simState=UNKNOWN
05-07 10:14:57.684 D/SystemUI( 1143): StatusBar.MSimNetworkController refreshViews connected={ data } level=4 mMSimcombinedSignalIconId=0x7f030269/com.android.systemui:drawable/stat_sys_signal_4 mMSimcombinedActivityIconId=0x7f030281 mAirplaneMode=false mMSimDataActivity=0 mMSimPhoneSignalIconId=0x7f030269 mMSimDataDirectionIconId=0x7f0301ec mMSimDataSignalIconId=0x7f030269 mMSimDataTypeIconId=0x7f0301ec mNoSimIconVisible false mWifiIconId=0x0 mBluetoothTetherIconId=0x10805cc
05-07 10:14:57.684 D/SystemUI( 1143): StatusBar.MSimNetworkController changing data overlay icon id to 2130903681
05-07 10:14:57.684 W/Settings( 1143): Setting multi_sim_data_call has moved from android.provider.Settings.System to android.provider.Settings.Global, returning read-only value.
05-07 10:14:57.684 D/SystemUI( 1143): StatusBar.MSimNetworkController onDataActivity received on subscription:1 direction=0 dataSub=0
05-07 10:14:57.684 W/Settings( 1143): Setting multi_sim_data_call has moved from android.provider.Settings.System to android.provider.Settings.Global, returning read-only value.
05-07 10:14:57.684 D/SystemUI( 1143): StatusBar.MSimNetworkController updateDataIcon subscription=1 dataSub=0 simState=UNKNOWN
05-07 10:14:57.684 D/SystemUI( 1143): StatusBar.MSimNetworkController refreshViews connected={ } level=4 mMSimcombinedSignalIconId=0x7f030269/com.android.systemui:drawable/stat_sys_signal_4 mMSimcombinedActivityIconId=0x7f0302c2 mAirplaneMode=false mMSimDataActivity=0 mMSimPhoneSignalIconId=0x7f030269 mMSimDataDirectionIconId=0x0 mMSimDataSignalIconId=0x7f030269 mMSimDataTypeIconId=0x0 mNoSimIconVisible false mWifiIconId=0x0 mBluetoothTetherIconId=0x10805cc
05-07 10:14:57.684 D/SystemUI( 1143): StatusBar.MSimNetworkController changing data overlay icon id to 2130903746
05-07 10:14:57.694 D/IconMerger( 1143): moreView.visibility = GONE
05-07 10:14:59.114 W/System.err(28538): android.os.DeadObjectException
05-07 10:14:59.114 W/System.err(28538): 	at android.os.BinderProxy.transact(Native Method)
05-07 10:14:59.114 W/System.err(28538): 	at android.os.IMessenger$Stub$Proxy.send(IMessenger.java:89)
05-07 10:14:59.114 W/System.err(28538): 	at android.os.Messenger.send(Messenger.java:50)
05-07 10:14:59.114 W/System.err(28538): 	at com.baidu.location.LocationClient.byte(Unknown Source)
05-07 10:14:59.114 W/System.err(28538): 	at com.baidu.location.LocationClient.a(Unknown Source)
05-07 10:14:59.114 W/System.err(28538): 	at com.baidu.location.LocationClient$a.handleMessage(Unknown Source)
05-07 10:14:59.114 W/System.err(28538): 	at android.os.Handler.dispatchMessage(Handler.java:102)
05-07 10:14:59.114 W/System.err(28538): 	at android.os.Looper.loop(Looper.java:136)
05-07 10:14:59.114 W/System.err(28538): 	at android.app.ActivityThread.main(ActivityThread.java:5291)
05-07 10:14:59.114 W/System.err(28538): 	at java.lang.reflect.Method.invokeNative(Native Method)
05-07 10:14:59.114 W/System.err(28538): 	at java.lang.reflect.Method.invoke(Method.java:515)
05-07 10:14:59.114 W/System.err(28538): 	at com.android.internal.os.ZygoteInit$MethodAndArgsCaller.run(ZygoteInit.java:865)
05-07 10:14:59.114 W/System.err(28538): 	at com.android.internal.os.ZygoteInit.main(ZygoteInit.java:681)
05-07 10:14:59.124 W/System.err(28538): 	at dalvik.system.NativeStart.main(Native Method)
05-07 10:14:59.994 D/KeyguardUpdateMonitor( 1117): received broadcast android.intent.action.TIME_TICK
05-07 10:14:59.994 D/KeyguardUpdateMonitor( 1117): handleTimeUpdate
05-07 10:15:00.004 D/IconMerger( 1143): moreView.visibility = GONE
05-07 10:15:00.014 I/HwLauncher( 1421): Model  onReceive intent=Intent { act=android.intent.action.TIME_TICK flg=0x50000014 (has extras) }
05-07 10:15:00.044 I/HwLauncher( 1421): ClockDynamicUpdater date changed!!!!!!
05-07 10:15:00.044 I/HwLauncher( 1421): DynamicIconData , getDrawableForDynamic begin, pkg = com.android.deskclock, picName = deskclock_bg
05-07 10:15:00.044 I/HwLauncher( 1421): DynamicIconData , getDrawableForDynamic end, pkg = com.android.deskclock, picName = deskclock_bg
05-07 10:15:00.044 I/HwLauncher( 1421): Launcher.IconCache, cacheLocked begin Utilities.createIconBitmap entry.title = 时钟
05-07 10:15:00.044 I/HwLauncher( 1421): Launcher.IconCache, getDrawableForDensity begin, iconId = 2130903040
05-07 10:15:00.044 I/HwLauncher( 1421): Launcher.IconCache, getDrawableForDensity end,iconId = 2130903040
05-07 10:15:00.044 I/HwLauncher( 1421): Launcher.Utilities createIconBitmap sourceWidth = 112sourceHeight = 112
05-07 10:15:00.054 D/HwCust  ( 1421): Create obj success use class com.huawei.android.launcher.HwCustIconCacheImpl
05-07 10:15:00.054 I/HwLauncher( 1421): Launcher.IconCache, cacheLocked end Utilities.createIconBitmap entry.title = 时钟
05-07 10:15:00.054 I/HwLauncher( 1421): ClockDynamicUpdater calender update folder at CalenderDynamicUpdater
05-07 10:15:00.054 I/HwLauncher( 1421): DynamicUpdater call updateFolder
05-07 10:15:00.054 I/HwLauncher( 1421): ClockDynamicUpdater Calender update and call updateFolder
05-07 10:15:00.064 I/HwLauncher( 1421): CalenderDynamicUpdater date changed!!!!!!
05-07 10:15:00.064 I/HwLauncher( 1421): CalenderDynamicUpdater Calender update and call updateFolder
05-07 10:15:00.074 I/HwLauncher( 1421): PagedView snapToPage.getChildOffset(): 1440
05-07 10:15:00.074 I/HwLauncher( 1421): PagedView snapToPage.getRelativeChildOffset(): 720, 720
05-07 10:15:00.084 V/AudioManager( 1421): playSoundEffect   effectType: 0
05-07 10:15:00.084 V/AudioManager( 1421): querySoundEffectsEnabled...
05-07 10:15:00.084 I/Timeline( 1421): Timeline: Activity_launch_request id:com.wind.gifassistant time:53292868
05-07 10:15:00.104 D/KeyguardViewMediator( 1117): setHidden false
05-07 10:15:00.104 D/KeyguardUpdateMonitor( 1117): sendKeyguardVisibilityChanged(true)
05-07 10:15:00.104 D/KeyguardUpdateMonitor( 1117): handleKeyguardVisibilityChanged(1)
05-07 10:15:00.104 I/HwLauncher( 1421): Launcher onPause()
05-07 10:15:00.104 I/HwLauncher( 1421): Launcher.MotionManager stopShakeMotion shakeChangeWallpaper = false
05-07 10:15:00.114 D/KeyguardViewMediator( 1117): setHidden false
05-07 10:15:00.114 D/KeyguardUpdateMonitor( 1117): sendKeyguardVisibilityChanged(true)
05-07 10:15:00.114 D/KeyguardUpdateMonitor( 1117): handleKeyguardVisibilityChanged(1)
05-07 10:15:00.124 I/TotemWeather( 1421): DualWeatherWidgetView onWindowFocusChanged, hasWindowFocus= false
05-07 10:15:00.134 V/SMCSAMSHelper(  923): SMCSAMSHelper.addSTPEvent: cost 0 ms end.
05-07 10:15:00.134 V/SMCSAMSHelper(  923): SMCSAMSHelper.smartTrimProcessPackageResume: cost time 0 ms end.
05-07 10:15:00.134 D/KeyguardViewMediator( 1117): setHidden false
05-07 10:15:00.134 D/KeyguardUpdateMonitor( 1117): sendKeyguardVisibilityChanged(true)
05-07 10:15:00.134 D/KeyguardUpdateMonitor( 1117): handleKeyguardVisibilityChanged(1)
05-07 10:15:00.144 V/HwSystemManager( 1687): AppLockService:applock password not initial or function is closed
05-07 10:15:00.144 D/KeyguardViewMediator( 1117): setHidden false
05-07 10:15:00.144 D/KeyguardUpdateMonitor( 1117): sendKeyguardVisibilityChanged(true)
05-07 10:15:00.144 D/KeyguardUpdateMonitor( 1117): handleKeyguardVisibilityChanged(1)
05-07 10:15:00.144 D/KeyguardViewMediator( 1117): setHidden false
05-07 10:15:00.144 D/KeyguardUpdateMonitor( 1117): sendKeyguardVisibilityChanged(true)
05-07 10:15:00.144 I/PhoneStatusBar( 1143): hw_status_bar_operators = true, setSystemUIVisibily(SHOW_OPERATOR = false)
05-07 10:15:00.144 D/KeyguardUpdateMonitor( 1117): handleKeyguardVisibilityChanged(1)
05-07 10:15:00.144 D/KeyguardViewMediator( 1117): setHidden false
05-07 10:15:00.144 D/KeyguardUpdateMonitor( 1117): sendKeyguardVisibilityChanged(true)
05-07 10:15:00.144 D/KeyguardUpdateMonitor( 1117): handleKeyguardVisibilityChanged(1)
05-07 10:15:00.154 D/KeyguardViewMediator( 1117): setHidden false
05-07 10:15:00.154 D/KeyguardUpdateMonitor( 1117): sendKeyguardVisibilityChanged(true)
05-07 10:15:00.154 D/KeyguardUpdateMonitor( 1117): handleKeyguardVisibilityChanged(1)
05-07 10:15:00.154 D/ActivityThread(  698): setTargetHeapUtilization:0.75
05-07 10:15:00.154 D/PhoneStatusBar( 1143): Status bar WINDOW_STATE_HIDING
05-07 10:15:00.154 D/ActivityThread(  698): setTargetHeapConcurrentStart:2097152
05-07 10:15:00.174 V/HwPolicyFactory(  698): : success to get AllImpl object and return....
05-07 10:15:00.184 I/HwLauncher( 1421): Launcher onStop()
05-07 10:15:00.184 E/HwLauncher( 1421): Launcher dialog dismiss failed : java.lang.IllegalArgumentException: no dialog with id 1 was ever shown via Activity#showDialog
05-07 10:15:00.184 I/HwLauncher( 1421): Launcher dynamicIconsUnregister
05-07 10:15:00.184 I/HwLauncher( 1421): DynamicUpdater unregisterReceiver
05-07 10:15:00.184 I/HwLauncher( 1421): DynamicIcon onPause  isvisible = true   mAttachedToWindow:true    mWindowVisible:truecom.android.deskclock
05-07 10:15:00.184 I/HwLauncher( 1421): DynamicUpdater unregisterReceiver
05-07 10:15:00.184 I/HwLauncher( 1421): DynamicIcon onPause  isvisible = true   mAttachedToWindow:true    mWindowVisible:truecom.android.calendar
05-07 10:15:00.184 I/HwLauncher( 1421): DynamicUpdater unregisterReceiver
