05-07 10:15:32.134 D/TelephonyRegistry(  923): validateEventsAndUserLocked: valid=false r.callerUid=0 foregroundUser=0 r.events=272 events=1024
05-07 10:15:32.134 D/TelephonyRegistry(  923): validateEventsAndUserLocked: valid=false r.callerUid=0 foregroundUser=0 r.events=256 events=1024
05-07 10:15:32.134 D/TelephonyRegistry(  923): validateEventsAndUserLocked: valid=false r.callerUid=0 foregroundUser=0 r.events=32 events=1024
05-07 10:15:32.134 D/TelephonyRegistry(  923): validateEventsAndUserLocked: valid=false r.callerUid=0 foregroundUser=0 r.events=256 events=1024
05-07 10:15:32.134 D/TelephonyRegistry(  923): validateEventsAndUserLocked: valid=false r.callerUid=0 foregroundUser=0 r.events=256 events=1024
05-07 10:15:32.134 D/TelephonyRegistry(  923): validateEventsAndUserLocked: valid=false r.callerUid=0 foregroundUser=0 r.events=256 events=1024
05-07 10:15:32.134 D/TelephonyRegistry(  923): validateEventsAndUserLocked: valid=false r.callerUid=0 foregroundUser=0 r.events=256 events=1024
05-07 10:15:32.134 D/TelephonyRegistry(  923): validateEventsAndUserLocked: valid=false r.callerUid=0 foregroundUser=0 r.events=256 events=1024
05-07 10:15:32.134 D/TelephonyRegistry(  923): validateEventsAndUserLocked: valid=false r.callerUid=0 foregroundUser=0 r.events=256 events=1024
05-07 10:15:32.134 D/TelephonyRegistry(  923): validateEventsAndUserLocked: valid=false r.callerUid=0 foregroundUser=0 r.events=256 events=1024
05-07 10:15:32.134 D/TelephonyRegistry(  923): validateEventsAndUserLocked: valid=false r.callerUid=0 foregroundUser=0 r.events=256 events=1024
05-07 10:15:32.134 D/TelephonyRegistry(  923): validateEventsAndUserLocked: valid=false r.callerUid=0 foregroundUser=0 r.events=256 events=1024
05-07 10:15:32.134 D/TelephonyRegistry(  923): validateEventsAndUserLocked: valid=false r.callerUid=0 foregroundUser=0 r.events=256 events=1024
05-07 10:15:32.134 D/TelephonyRegistry(  923): validateEventsAndUserLocked: valid=false r.callerUid=0 foregroundUser=0 r.events=256 events=1024
05-07 10:15:32.134 D/TelephonyRegistry(  923): validateEventsAndUserLocked: valid=false r.callerUid=0 foregroundUser=0 r.events=256 events=1024
05-07 10:15:32.134 D/TelephonyRegistry(  923): validateEventsAndUserLocked: valid=false r.callerUid=0 foregroundUser=0 r.events=256 events=1024
05-07 10:15:32.134 D/TelephonyRegistry(  923): validateEventsAndUserLocked: valid=false r.callerUid=0 foregroundUser=0 r.events=256 events=1024
05-07 10:15:32.134 D/TelephonyRegistry(  923): validateEventsAndUserLocked: valid=false r.callerUid=0 foregroundUser=0 r.events=256 events=1024
05-07 10:15:32.134 D/TelephonyRegistry(  923): validateEventsAndUserLocked: valid=false r.callerUid=0 foregroundUser=0 r.events=1 events=1024
05-07 10:15:32.134 D/TelephonyRegistry(  923): validateEventsAndUserLocked: valid=false r.callerUid=0 foregroundUser=0 r.events=256 events=1024
05-07 10:15:32.134 D/TelephonyRegistry(  923): validateEventsAndUserLocked: valid=false r.callerUid=0 foregroundUser=0 r.events=256 events=1024
05-07 10:15:32.134 D/TelephonyRegistry(  923): validateEventsAndUserLocked: valid=false r.callerUid=0 foregroundUser=0 r.events=256 events=1024
05-07 10:15:32.134 D/TelephonyRegistry(  923): validateEventsAndUserLocked: valid=false r.callerUid=0 foregroundUser=0 r.events=256 events=1024
05-07 10:15:32.134 D/TelephonyRegistry(  923): validateEventsAndUserLocked: valid=false r.callerUid=0 foregroundUser=0 r.events=256 events=1024
05-07 10:15:32.134 D/TelephonyRegistry(  923): validateEventsAndUserLocked: valid=false r.callerUid=0 foregroundUser=0 r.events=256 events=1024
05-07 10:15:32.134 D/TelephonyRegistry(  923): validateEventsAndUserLocked: valid=false r.callerUid=0 foregroundUser=0 r.events=256 events=1024
05-07 10:15:32.134 D/TelephonyRegistry(  923): validateEventsAndUserLocked: valid=false r.callerUid=0 foregroundUser=0 r.events=256 events=1024
05-07 10:15:32.134 D/TelephonyRegistry(  923): validateEventsAndUserLocked: valid=false r.callerUid=0 foregroundUser=0 r.events=256 events=1024
05-07 10:15:32.134 D/TelephonyRegistry(  923): validateEventsAndUserLocked: valid=false r.callerUid=0 foregroundUser=0 r.events=256 events=1024
05-07 10:15:32.134 D/TelephonyRegistry(  923): validateEventsAndUserLocked: valid=false r.callerUid=0 foregroundUser=0 r.events=256 events=1024
05-07 10:15:32.134 D/TelephonyRegistry(  923): validateEventsAndUserLocked: valid=false r.callerUid=0 foregroundUser=0 r.events=256 events=1024
05-07 10:15:32.134 D/TelephonyRegistry(  923): validateEventsAndUserLocked: valid=false r.callerUid=0 foregroundUser=0 r.events=256 events=1024
05-07 10:15:32.134 D/TelephonyRegistry(  923): validateEventsAndUserLocked: valid=false r.callerUid=0 foregroundUser=0 r.events=256 events=1024
05-07 10:15:32.134 D/TelephonyRegistry(  923): validateEventsAndUserLocked: valid=false r.callerUid=0 foregroundUser=0 r.events=256 events=1024
05-07 10:15:32.134 D/TelephonyRegistry(  923): validateEventsAndUserLocked: valid=false r.callerUid=0 foregroundUser=0 r.events=256 events=1024
05-07 10:15:32.134 D/TelephonyRegistry(  923): validateEventsAndUserLocked: valid=false r.callerUid=0 foregroundUser=0 r.events=256 events=1024
05-07 10:15:32.134 D/TelephonyRegistry(  923): validateEventsAndUserLocked: valid=false r.callerUid=0 foregroundUser=0 r.events=256 events=1024
05-07 10:15:32.134 D/TelephonyRegistry(  923): validateEventsAndUserLocked: valid=false r.callerUid=0 foregroundUser=0 r.events=256 events=1024
05-07 10:15:32.134 D/TelephonyRegistry(  923): validateEventsAndUserLocked: valid=false r.callerUid=0 foregroundUser=0 r.events=256 events=1024
05-07 10:15:32.134 D/TelephonyRegistry(  923): validateEventsAndUserLocked: valid=false r.callerUid=0 foregroundUser=0 r.events=256 events=1024
05-07 10:15:32.134 D/TelephonyRegistry(  923): validateEventsAndUserLocked: valid=false r.callerUid=0 foregroundUser=0 r.events=256 events=1024
05-07 10:15:32.134 D/TelephonyRegistry(  923): validateEventsAndUserLocked: valid=false r.callerUid=0 foregroundUser=0 r.events=256 events=1024
05-07 10:15:32.134 D/TelephonyRegistry(  923): validateEventsAndUserLocked: valid=false r.callerUid=0 foregroundUser=0 r.events=256 events=1024
05-07 10:15:32.134 D/TelephonyRegistry(  923): validateEventsAndUserLocked: valid=false r.callerUid=0 foregroundUser=0 r.events=256 events=1024
05-07 10:15:32.134 D/TelephonyRegistry(  923): validateEventsAndUserLocked: valid=false r.callerUid=0 foregroundUser=0 r.events=256 events=1024
05-07 10:15:32.134 D/TelephonyRegistry(  923): validateEventsAndUserLocked: valid=false r.callerUid=0 foregroundUser=0 r.events=256 events=1024
05-07 10:15:32.134 D/TelephonyRegistry(  923): validateEventsAndUserLocked: valid=false r.callerUid=0 foregroundUser=0 r.events=256 events=1024
05-07 10:15:32.134 D/TelephonyRegistry(  923): validateEventsAndUserLocked: valid=false r.callerUid=0 foregroundUser=0 r.events=256 events=1024
05-07 10:15:32.134 D/TelephonyRegistry(  923): validateEventsAndUserLocked: valid=false r.callerUid=0 foregroundUser=0 r.events=256 events=1024
05-07 10:15:32.134 D/TelephonyRegistry(  923): validateEventsAndUserLocked: valid=false r.callerUid=0 foregroundUser=0 r.events=256 events=1024
05-07 10:15:32.134 D/TelephonyRegistry(  923): validateEventsAndUserLocked: valid=false r.callerUid=0 foregroundUser=0 r.events=256 events=1024
05-07 10:15:32.134 D/TelephonyRegistry(  923): validateEventsAndUserLocked: valid=false r.callerUid=0 foregroundUser=0 r.events=256 events=1024
05-07 10:15:32.134 D/TelephonyRegistry(  923): validateEventsAndUserLocked: valid=false r.callerUid=0 foregroundUser=0 r.events=256 events=1024
05-07 10:15:32.134 D/TelephonyRegistry(  923): validateEventsAndUserLocked: valid=false r.callerUid=0 foregroundUser=0 r.events=256 events=1024
05-07 10:15:32.134 D/TelephonyRegistry(  923): validateEventsAndUserLocked: valid=false r.callerUid=0 foregroundUser=0 r.events=256 events=1024
05-07 10:15:32.134 D/TelephonyRegistry(  923): validateEventsAndUserLocked: valid=false r.callerUid=0 foregroundUser=0 r.events=256 events=1024
05-07 10:15:32.134 D/TelephonyRegistry(  923): validateEventsAndUserLocked: valid=false r.callerUid=0 foregroundUser=0 r.events=256 events=1024
05-07 10:15:32.134 D/TelephonyRegistry(  923): validateEventsAndUserLocked: valid=false r.callerUid=0 foregroundUser=0 r.events=256 events=1024
05-07 10:15:32.134 D/TelephonyRegistry(  923): validateEventsAndUserLocked: valid=false r.callerUid=0 foregroundUser=0 r.events=256 events=1024
05-07 10:15:32.134 D/TelephonyRegistry(  923): validateEventsAndUserLocked: valid=false r.callerUid=0 foregroundUser=0 r.events=256 events=1024
05-07 10:15:32.134 D/TelephonyRegistry(  923): validateEventsAndUserLocked: valid=false r.callerUid=0 foregroundUser=0 r.events=256 events=1024
05-07 10:15:32.134 D/TelephonyRegistry(  923): validateEventsAndUserLocked: valid=false r.callerUid=0 foregroundUser=0 r.events=256 events=1024
05-07 10:15:32.134 D/TelephonyRegistry(  923): validateEventsAndUserLocked: valid=false r.callerUid=0 foregroundUser=0 r.events=256 events=1024
05-07 10:15:32.134 D/TelephonyRegistry(  923): validateEventsAndUserLocked: valid=false r.callerUid=0 foregroundUser=0 r.events=256 events=1024
05-07 10:15:32.134 D/TelephonyRegistry(  923): validateEventsAndUserLocked: valid=false r.callerUid=0 foregroundUser=0 r.events=256 events=1024
05-07 10:15:32.134 D/TelephonyRegistry(  923): validateEventsAndUserLocked: valid=false r.callerUid=0 foregroundUser=0 r.events=256 events=1024
05-07 10:15:32.134 D/TelephonyRegistry(  923): validateEventsAndUserLocked: valid=false r.callerUid=0 foregroundUser=0 r.events=256 events=1024
05-07 10:15:32.134 D/TelephonyRegistry(  923): validateEventsAndUserLocked: valid=false r.callerUid=0 foregroundUser=0 r.events=256 events=1024
05-07 10:15:32.134 D/TelephonyRegistry(  923): validateEventsAndUserLocked: valid=false r.callerUid=0 foregroundUser=0 r.events=256 events=1024
05-07 10:15:32.134 D/TelephonyRegistry(  923): validateEventsAndUserLocked: valid=false r.callerUid=0 foregroundUser=0 r.events=256 events=1024
05-07 10:15:32.134 D/TelephonyRegistry(  923): validateEventsAndUserLocked: valid=false r.callerUid=0 foregroundUser=0 r.events=256 events=1024
05-07 10:15:32.134 D/TelephonyRegistry(  923): validateEventsAndUserLocked: valid=false r.callerUid=0 foregroundUser=0 r.events=256 events=1024
05-07 10:15:32.134 D/TelephonyRegistry(  923): validateEventsAndUserLocked: valid=false r.callerUid=0 foregroundUser=0 r.events=256 events=1024
05-07 10:15:32.134 D/TelephonyRegistry(  923): validateEventsAndUserLocked: valid=false r.callerUid=0 foregroundUser=0 r.events=256 events=1024
05-07 10:15:32.134 D/TelephonyRegistry(  923): validateEventsAndUserLocked: valid=false r.callerUid=0 foregroundUser=0 r.events=256 events=1024
05-07 10:15:32.134 D/TelephonyRegistry(  923): validateEventsAndUserLocked: valid=false r.callerUid=0 foregroundUser=0 r.events=256 events=1024
05-07 10:15:32.134 D/TelephonyRegistry(  923): validateEventsAndUserLocked: valid=false r.callerUid=0 foregroundUser=0 r.events=256 events=1024
05-07 10:15:32.134 D/TelephonyRegistry(  923): validateEventsAndUserLocked: valid=false r.callerUid=0 foregroundUser=0 r.events=256 events=1024
05-07 10:15:32.134 D/TelephonyRegistry(  923): validateEventsAndUserLocked: valid=false r.callerUid=0 foregroundUser=0 r.events=256 events=1024
05-07 10:15:32.134 D/TelephonyRegistry(  923): validateEventsAndUserLocked: valid=false r.callerUid=0 foregroundUser=0 r.events=256 events=1024
05-07 10:15:32.134 D/TelephonyRegistry(  923): validateEventsAndUserLocked: valid=false r.callerUid=0 foregroundUser=0 r.events=256 events=1024
05-07 10:15:32.134 D/TelephonyRegistry(  923): validateEventsAndUserLocked: valid=false r.callerUid=0 foregroundUser=0 r.events=256 events=1024
05-07 10:15:32.134 D/TelephonyRegistry(  923): validateEventsAndUserLocked: valid=false r.callerUid=0 foregroundUser=0 r.events=256 events=1024
05-07 10:15:32.134 D/TelephonyRegistry(  923): validateEventsAndUserLocked: valid=false r.callerUid=0 foregroundUser=0 r.events=256 events=1024
05-07 10:15:32.134 D/TelephonyRegistry(  923): validateEventsAndUserLocked: valid=false r.callerUid=0 foregroundUser=0 r.events=256 events=1024
05-07 10:15:32.134 D/TelephonyRegistry(  923): validateEventsAndUserLocked: valid=false r.callerUid=0 foregroundUser=0 r.events=256 events=1024
05-07 10:15:32.134 D/TelephonyRegistry(  923): validateEventsAndUserLocked: valid=false r.callerUid=0 foregroundUser=0 r.events=256 events=1024
05-07 10:15:32.134 D/TelephonyRegistry(  923): validateEventsAndUserLocked: valid=false r.callerUid=0 foregroundUser=0 r.events=256 events=1024
05-07 10:15:32.134 D/TelephonyRegistry(  923): validateEventsAndUserLocked: valid=false r.callerUid=0 foregroundUser=0 r.events=256 events=1024
05-07 10:15:32.134 D/TelephonyRegistry(  923): validateEventsAndUserLocked: valid=false r.callerUid=0 foregroundUser=0 r.events=256 events=1024
05-07 10:15:32.134 D/TelephonyRegistry(  923): validateEventsAndUserLocked: valid=false r.callerUid=0 foregroundUser=0 r.events=256 events=1024
05-07 10:15:32.134 D/TelephonyRegistry(  923): validateEventsAndUserLocked: valid=false r.callerUid=0 foregroundUser=0 r.events=256 events=1024
05-07 10:15:32.134 D/TelephonyRegistry(  923): validateEventsAndUserLocked: valid=false r.callerUid=0 foregroundUser=0 r.events=256 events=1024
05-07 10:15:32.134 D/TelephonyRegistry(  923): validateEventsAndUserLocked: valid=false r.callerUid=0 foregroundUser=0 r.events=256 events=1024
05-07 10:15:32.134 D/TelephonyRegistry(  923): validateEventsAndUserLocked: valid=false r.callerUid=0 foregroundUser=0 r.events=256 events=1024
05-07 10:15:32.134 D/TelephonyRegistry(  923): validateEventsAndUserLocked: valid=false r.callerUid=0 foregroundUser=0 r.events=256 events=1024
05-07 10:15:32.144 D/SystemUI( 1143): MSimSignalClusterViewwifi: GONE sig=0 act=2130903746
05-07 10:15:32.144 D/SystemUI( 1143): MSimSignalClusterViewwifi: GONE sig=0 act=2130903746
05-07 10:15:32.144 D/SystemUI( 1143): MSimSignalClusterViewwifi: GONE sig=0 act=2130903746
05-07 10:15:32.144 D/SystemUI( 1143): StatusBar.MSimNetworkController changing data overlay icon id to 2130903681
05-07 10:15:32.144 D/SystemUI( 1143): StatusBar.MSimNetworkController onSignalStrengthsChanged received on subscription :0signalStrength=SignalStrength:GW:99 -1 -1 -1 0,CDMA:-60 -70,EVDO:-50 -10 8,LTE:99 2147483647 2147483647 2147483647 2147483647,TD:2147483647;cdma level=4
05-07 10:15:32.144 D/SystemUI( 1143): StatusBar.MSimNetworkController refreshViews connected={ data } level=4 mMSimcombinedSignalIconId=0x7f030269/com.android.systemui:drawable/stat_sys_signal_4 mMSimcombinedActivityIconId=0x7f030281 mAirplaneMode=false mMSimDataActivity=4 mMSimPhoneSignalIconId=0x7f030269 mMSimDataDirectionIconId=0x7f0301ec mMSimDataSignalIconId=0x7f030269 mMSimDataTypeIconId=0x7f0301ec mNoSimIconVisible false mWifiIconId=0x0 mBluetoothTetherIconId=0x10805cc
05-07 10:15:32.144 D/SystemUI( 1143): StatusBar.MSimNetworkController changing data overlay icon id to 2130903681
05-07 10:15:32.144 D/StatusBar.MSimNetworkController ( 1143): updateTelephonySignalStrength: subscription =0
05-07 10:15:32.144 I/StatusBar.MSimNetworkController ( 1143): sub:0 phoneType:2 networktype:6 targetClass:2 isRoam:false masterLevel:4 slaveLevel:4
05-07 10:15:32.144 D/StatusBar.MSimNetworkController ( 1143): subscription:0 SlotId===0
05-07 10:15:32.144 D/StatusBar.MSimNetworkController ( 1143): refreshViews subscription=0 mMSimDataConnected=true
05-07 10:15:32.144 D/StatusBar.MSimNetworkController ( 1143): refreshViews mMSimDataActivity=4
05-07 10:15:32.144 D/StatusBar.MSimNetworkController ( 1143): updateDataNetType subscription =0mMSimDataNetType =6
05-07 10:15:32.144 D/StatusBar.MSimNetworkController ( 1143): refreshViews update icon subscription===0 mMSimPhoneSignalIconId[subscription]===2130903657 mMSimPhoneSignalTypeIconId[subscription]===2130903711 mMSimMobileActivityIconId[subscription]===2130903681 mMSimDataTypeIconId[subscription]===2130903532
05-07 10:15:34.194 W/System.err(28538): android.os.DeadObjectException
05-07 10:15:34.194 W/System.err(28538): 	at android.os.BinderProxy.transact(Native Method)
05-07 10:15:34.194 W/System.err(28538): 	at android.os.IMessenger$Stub$Proxy.send(IMessenger.java:89)
05-07 10:15:34.194 W/System.err(28538): 	at android.os.Messenger.send(Messenger.java:50)
05-07 10:15:34.194 W/System.err(28538): 	at com.baidu.location.LocationClient.byte(Unknown Source)
05-07 10:15:34.194 W/System.err(28538): 	at com.baidu.location.LocationClient.a(Unknown Source)
05-07 10:15:34.194 W/System.err(28538): 	at com.baidu.location.LocationClient$a.handleMessage(Unknown Source)
05-07 10:15:34.194 W/System.err(28538): 	at android.os.Handler.dispatchMessage(Handler.java:102)
05-07 10:15:34.194 W/System.err(28538): 	at android.os.Looper.loop(Looper.java:136)
05-07 10:15:34.194 W/System.err(28538): 	at android.app.ActivityThread.main(ActivityThread.java:5291)
05-07 10:15:34.194 W/System.err(28538): 	at java.lang.reflect.Method.invokeNative(Native Method)
05-07 10:15:34.194 W/System.err(28538): 	at java.lang.reflect.Method.invoke(Method.java:515)
05-07 10:15:34.194 W/System.err(28538): 	at com.android.internal.os.ZygoteInit$MethodAndArgsCaller.run(ZygoteInit.java:865)
05-07 10:15:34.194 W/System.err(28538): 	at com.android.internal.os.ZygoteInit.main(ZygoteInit.java:681)
05-07 10:15:34.194 W/System.err(28538): 	at dalvik.system.NativeStart.main(Native Method)
05-07 10:15:36.104 D/PowerManagerService(  923): handleUserActivityTimeout
05-07 10:15:36.104 D/PowerManagerService(  923): updateUserActivitySummaryLocked: mWakefulness=Awake, mUserActivitySummary=0x0, nextTimeout=51327760 (2001125 ms ago)
05-07 10:15:36.104 D/PowerManagerService(  923): updateScreenStateLocked: mDisplayReady=true, newScreenState=1, mWakefulness=1, mWakeLockSummary=0x0, mUserActivitySummary=0x0, mBootCompleted=true, useProximitySensor=false, blockScreenOn=false, mRequestWaitForNegativeProximity=false
05-07 10:15:36.154 D/PowerManagerService(  923): handleSandman: canDream=false, mWakefulness=Awake
05-07 10:15:36.364 D/ThermalStateManager( 1395): Thermal type: 0 cur_temperature:39
05-07 10:15:36.364 I/ThermalStateManager( 1395): thermal action: battery policy:1500
05-07 10:15:36.364 D/ThermalStateManager( 1395): Thermal type: 1 cur_temperature:39
05-07 10:15:36.364 W/ThermalStateManager( 1395): warning: no config thermal type:1 temperature:39
05-07 10:15:36.524 V/UsbDeviceManager(  923): power_state is false usb_state is false
05-07 10:15:36.584 D/KeyguardUpdateMonitor( 1117): received broadcast android.intent.action.BATTERY_CHANGED
05-07 10:15:36.584 D/KeyguardUpdateMonitor( 1117): handleBatteryUpdate
05-07 10:15:36.584 D/PowerManagerService(  923): updateIsPoweredLocked: wasPowered=true, mIsPowered=true, oldPlugType=2, mPlugType=2, mBatteryLevel=56
05-07 10:15:36.594 D/HeadsetStateMachine( 4397): Disconnected process message: 10
05-07 10:15:36.594 D/WifiController(  923): handleMessage: E msg.what=155652
05-07 10:15:36.594 D/WifiController(  923): processMsg: ApStaDisabledState
05-07 10:15:36.594 D/WifiController(  923): processMsg: DefaultState
05-07 10:15:36.594 D/WifiController(  923): handleMessage: X
05-07 10:15:36.594 D/charger_monitor(  400): vchg_loop stable: 0, is_settled = 0,usb_target_ua = 500000, usbin_current_now = 500000,fastchg_sts = 1, num_attempts = 0
05-07 10:15:36.594 E/StatusBar.BatteryController( 1143): BatteryController receive ACTION_BATTERY_CHANGED; Battery level = 56; Battery scale = 100
05-07 10:15:36.594 V/UsbDeviceManager(  923): mBatteryChangedReceiver plugType is 2
05-07 10:15:36.594 D/WifiController(  923): battery changed pluggedType: 2
05-07 10:15:36.614 D/HwSystemManager( 1687): BgPowerManagerService:BgPowerManagerSerivce plugged =2 currentThreshold = 8 mRawLevel = 56mLastRawLevel56
05-07 10:15:36.614 D/BgPowerManagerService( 1687):  mTimes = 0 firstTime = 137124619 firstmBatteryCapacity =1680
05-07 10:15:36.624 D/IconMerger( 1143): moreView.visibility = GONE
05-07 10:15:36.634 D/PowerManagerService(  923): handleSandman: canDream=false, mWakefulness=Awake
05-07 10:15:37.694 D/SystemUI( 1143): StatusBar.MSimNetworkController onSignalStrengthsChanged received on subscription :0signalStrength=SignalStrength:GW:99 -1 -1 -1 0,CDMA:-63 -70,EVDO:-50 -10 8,LTE:99 2147483647 2147483647 2147483647 2147483647,TD:2147483647;cdma level=4
05-07 10:15:37.694 D/StatusBar.MSimNetworkController ( 1143): updateTelephonySignalStrength: subscription =0
05-07 10:15:37.714 D/cell strength( 1354): ===== cell singal strength changed : -63
05-07 10:15:37.714 I/StatusBar.MSimNetworkController ( 1143): sub:0 phoneType:2 networktype:6 targetClass:2 isRoam:false masterLevel:4 slaveLevel:4
05-07 10:15:37.714 D/StatusBar.MSimNetworkController ( 1143): subscription:0 SlotId===0
05-07 10:15:37.724 D/SystemUI( 1143): StatusBar.MSimNetworkController refreshViews connected={ data } level=4 mMSimcombinedSignalIconId=0x7f030269/com.android.systemui:drawable/stat_sys_signal_4 mMSimcombinedActivityIconId=0x7f030281 mAirplaneMode=false mMSimDataActivity=4 mMSimPhoneSignalIconId=0x7f030269 mMSimDataDirectionIconId=0x7f0301ec mMSimDataSignalIconId=0x7f030269 mMSimDataTypeIconId=0x7f0301ec mNoSimIconVisible false mWifiIconId=0x0 mBluetoothTetherIconId=0x10805cc
05-07 10:15:37.724 D/SystemUI( 1143): MSimSignalClusterViewwifi: GONE sig=0 act=2130903746
05-07 10:15:37.724 D/StatusBar.MSimNetworkController ( 1143): refreshViews subscription=0 mMSimDataConnected=true
05-07 10:15:37.724 D/StatusBar.MSimNetworkController ( 1143): refreshViews mMSimDataActivity=4
05-07 10:15:37.724 D/StatusBar.MSimNetworkController ( 1143): updateDataNetType subscription =0mMSimDataNetType =6
05-07 10:15:37.724 D/StatusBar.MSimNetworkController ( 1143): refreshViews update icon subscription===0 mMSimPhoneSignalIconId[subscription]===2130903657 mMSimPhoneSignalTypeIconId[subscription]===2130903711 mMSimMobileActivityIconId[subscription]===2130903681 mMSimDataTypeIconId[subscription]===2130903532
05-07 10:15:37.744 D/SystemUI( 1143): MSimSignalClusterViewwifi: GONE sig=0 act=2130903746
05-07 10:15:37.744 D/SystemUI( 1143): MSimSignalClusterViewwifi: GONE sig=0 act=2130903746
05-07 10:15:37.754 D/SystemUI( 1143): MSimSignalClusterViewwifi: GONE sig=0 act=2130903746
05-07 10:15:37.754 D/SystemUI( 1143): MSimSignalClusterViewwifi: GONE sig=0 act=2130903746
05-07 10:15:37.754 D/SystemUI( 1143): MSimSignalClusterViewwifi: GONE sig=0 act=2130903746
05-07 10:15:37.764 D/SystemUI( 1143): MSimSignalClusterViewwifi: GONE sig=0 act=2130903746
05-07 10:15:37.764 D/MSimTelephonyRegistry(  923): validateEventsAndUserLocked: valid=false r.callerUid=0 foregroundUser=0 r.events=1 events=1024
05-07 10:15:37.764 D/MSimTelephonyRegistry(  923): validateEventsAndUserLocked: valid=false r.callerUid=0 foregroundUser=0 r.events=1 events=1024
05-07 10:15:37.764 D/MSimTelephonyRegistry(  923): validateEventsAndUserLocked: valid=false r.callerUid=0 foregroundUser=0 r.events=481 events=1024
05-07 10:15:37.764 D/MSimTelephonyRegistry(  923): validateEventsAndUserLocked: valid=false r.callerUid=0 foregroundUser=0 r.events=481 events=1024
05-07 10:15:37.764 D/MSimTelephonyRegistry(  923): validateEventsAndUserLocked: valid=false r.callerUid=0 foregroundUser=0 r.events=481 events=1024
05-07 10:15:37.764 D/MSimTelephonyRegistry(  923): validateEventsAndUserLocked: valid=false r.callerUid=0 foregroundUser=0 r.events=481 events=1024
05-07 10:15:37.764 D/MSimTelephonyRegistry(  923): validateEventsAndUserLocked: valid=false r.callerUid=0 foregroundUser=0 r.events=12 events=1024
05-07 10:15:37.764 D/MSimTelephonyRegistry(  923): validateEventsAndUserLocked: valid=false r.callerUid=0 foregroundUser=0 r.events=12 events=1024
05-07 10:15:37.764 D/TelephonyRegistry(  923): validateEventsAndUserLocked: valid=false r.callerUid=0 foregroundUser=0 r.events=256 events=1024
05-07 10:15:37.764 D/TelephonyRegistry(  923): validateEventsAndUserLocked: valid=false r.callerUid=0 foregroundUser=0 r.events=256 events=1024
05-07 10:15:37.764 D/TelephonyRegistry(  923): validateEventsAndUserLocked: valid=false r.callerUid=0 foregroundUser=0 r.events=256 events=1024
05-07 10:15:37.764 D/TelephonyRegistry(  923): validateEventsAndUserLocked: valid=false r.callerUid=0 foregroundUser=0 r.events=256 events=1024
05-07 10:15:37.764 D/TelephonyRegistry(  923): validateEventsAndUserLocked: valid=false r.callerUid=0 foregroundUser=0 r.events=256 events=1024
05-07 10:15:37.764 D/TelephonyRegistry(  923): validateEventsAndUserLocked: valid=false r.callerUid=0 foregroundUser=0 r.events=256 events=1024
05-07 10:15:37.764 D/TelephonyRegistry(  923): validateEventsAndUserLocked: valid=false r.callerUid=0 foregroundUser=0 r.events=256 events=1024
05-07 10:15:37.764 D/TelephonyRegistry(  923): validateEventsAndUserLocked: valid=false r.callerUid=0 foregroundUser=0 r.events=256 events=1024
05-07 10:15:37.764 D/TelephonyRegistry(  923): validateEventsAndUserLocked: valid=false r.callerUid=0 foregroundUser=0 r.events=449 events=1024
05-07 10:15:37.764 D/TelephonyRegistry(  923): validateEventsAndUserLocked: valid=false r.callerUid=0 foregroundUser=0 r.events=32 events=1024
05-07 10:15:37.764 D/TelephonyRegistry(  923): validateEventsAndUserLocked: valid=false r.callerUid=0 foregroundUser=0 r.events=32 events=1024
05-07 10:15:37.764 D/TelephonyRegistry(  923): validateEventsAndUserLocked: valid=false r.callerUid=0 foregroundUser=0 r.events=64 events=1024
05-07 10:15:37.764 D/TelephonyRegistry(  923): validateEventsAndUserLocked: valid=false r.callerUid=0 foregroundUser=0 r.events=1 events=1024
05-07 10:15:37.764 D/TelephonyRegistry(  923): validateEventsAndUserLocked: valid=false r.callerUid=0 foregroundUser=0 r.events=1 events=1024
05-07 10:15:37.764 D/TelephonyRegistry(  923): validateEventsAndUserLocked: valid=false r.callerUid=0 foregroundUser=0 r.events=32 events=1024
05-07 10:15:37.764 D/TelephonyRegistry(  923): validateEventsAndUserLocked: valid=false r.callerUid=0 foregroundUser=0 r.events=1 events=1024
05-07 10:15:37.764 D/TelephonyRegistry(  923): validateEventsAndUserLocked: valid=false r.callerUid=0 foregroundUser=0 r.events=33 events=1024
05-07 10:15:37.764 D/TelephonyRegistry(  923): validateEventsAndUserLocked: valid=false r.callerUid=0 foregroundUser=0 r.events=225 events=1024
05-07 10:15:37.764 D/TelephonyRegistry(  923): validateEventsAndUserLocked: valid=false r.callerUid=0 foregroundUser=0 r.events=512 events=1024
05-07 10:15:37.764 D/TelephonyRegistry(  923): validateEventsAndUserLocked: valid=false r.callerUid=0 foregroundUser=0 r.events=272 events=1024
05-07 10:15:37.764 D/TelephonyRegistry(  923): validateEventsAndUserLocked: valid=false r.callerUid=0 foregroundUser=0 r.events=256 events=1024
05-07 10:15:37.764 D/TelephonyRegistry(  923): validateEventsAndUserLocked: valid=false r.callerUid=0 foregroundUser=0 r.events=32 events=1024
05-07 10:15:37.764 D/TelephonyRegistry(  923): validateEventsAndUserLocked: valid=false r.callerUid=0 foregroundUser=0 r.events=256 events=1024
05-07 10:15:37.764 D/TelephonyRegistry(  923): validateEventsAndUserLocked: valid=false r.callerUid=0 foregroundUser=0 r.events=256 events=1024
05-07 10:15:37.764 D/TelephonyRegistry(  923): validateEventsAndUserLocked: valid=false r.callerUid=0 foregroundUser=0 r.events=256 events=1024
05-07 10:15:37.764 D/TelephonyRegistry(  923): validateEventsAndUserLocked: valid=false r.callerUid=0 foregroundUser=0 r.events=256 events=1024
05-07 10:15:37.764 D/TelephonyRegistry(  923): validateEventsAndUserLocked: valid=false r.callerUid=0 foregroundUser=0 r.events=256 events=1024
05-07 10:15:37.764 D/TelephonyRegistry(  923): validateEventsAndUserLocked: valid=false r.callerUid=0 foregroundUser=0 r.events=256 events=1024
05-07 10:15:37.764 D/TelephonyRegistry(  923): validateEventsAndUserLocked: valid=false r.callerUid=0 foregroundUser=0 r.events=256 events=1024
05-07 10:15:37.764 D/TelephonyRegistry(  923): validateEventsAndUserLocked: valid=false r.callerUid=0 foregroundUser=0 r.events=256 events=1024
05-07 10:15:37.764 D/TelephonyRegistry(  923): validateEventsAndUserLocked: valid=false r.callerUid=0 foregroundUser=0 r.events=256 events=1024
05-07 10:15:37.764 D/TelephonyRegistry(  923): validateEventsAndUserLocked: valid=false r.callerUid=0 foregroundUser=0 r.events=256 events=1024
05-07 10:15:37.764 D/TelephonyRegistry(  923): validateEventsAndUserLocked: valid=false r.callerUid=0 foregroundUser=0 r.events=256 events=1024
05-07 10:15:37.764 D/TelephonyRegistry(  923): validateEventsAndUserLocked: valid=false r.callerUid=0 foregroundUser=0 r.events=256 events=1024
05-07 10:15:37.764 D/TelephonyRegistry(  923): validateEventsAndUserLocked: valid=false r.callerUid=0 foregroundUser=0 r.events=256 events=1024
05-07 10:15:37.764 D/TelephonyRegistry(  923): validateEventsAndUserLocked: valid=false r.callerUid=0 foregroundUser=0 r.events=256 events=1024
05-07 10:15:37.764 D/TelephonyRegistry(  923): validateEventsAndUserLocked: valid=false r.callerUid=0 foregroundUser=0 r.events=256 events=1024
05-07 10:15:37.764 D/TelephonyRegistry(  923): validateEventsAndUserLocked: valid=false r.callerUid=0 foregroundUser=0 r.events=1 events=1024
05-07 10:15:37.764 D/TelephonyRegistry(  923): validateEventsAndUserLocked: valid=false r.callerUid=0 foregroundUser=0 r.events=256 events=1024
05-07 10:15:37.764 D/TelephonyRegistry(  923): validateEventsAndUserLocked: valid=false r.callerUid=0 foregroundUser=0 r.events=256 events=1024
05-07 10:15:37.764 D/TelephonyRegistry(  923): validateEventsAndUserLocked: valid=false r.callerUid=0 foregroundUser=0 r.events=256 events=1024
05-07 10:15:37.764 D/TelephonyRegistry(  923): validateEventsAndUserLocked: valid=false r.callerUid=0 foregroundUser=0 r.events=256 events=1024
05-07 10:15:37.764 D/TelephonyRegistry(  923): validateEventsAndUserLocked: valid=false r.callerUid=0 foregroundUser=0 r.events=256 events=1024
05-07 10:15:37.764 D/TelephonyRegistry(  923): validateEventsAndUserLocked: valid=false r.callerUid=0 foregroundUser=0 r.events=256 events=1024
05-07 10:15:37.764 D/TelephonyRegistry(  923): validateEventsAndUserLocked: valid=false r.callerUid=0 foregroundUser=0 r.events=256 events=1024
05-07 10:15:37.764 D/TelephonyRegistry(  923): validateEventsAndUserLocked: valid=false r.callerUid=0 foregroundUser=0 r.events=256 events=1024
05-07 10:15:37.764 D/TelephonyRegistry(  923): validateEventsAndUserLocked: valid=false r.callerUid=0 foregroundUser=0 r.events=256 events=1024
05-07 10:15:37.764 D/TelephonyRegistry(  923): validateEventsAndUserLocked: valid=false r.callerUid=0 foregroundUser=0 r.events=256 events=1024
05-07 10:15:37.764 D/TelephonyRegistry(  923): validateEventsAndUserLocked: valid=false r.callerUid=0 foregroundUser=0 r.events=256 events=1024
05-07 10:15:37.764 D/TelephonyRegistry(  923): validateEventsAndUserLocked: valid=false r.callerUid=0 foregroundUser=0 r.events=256 events=1024
05-07 10:15:37.764 D/TelephonyRegistry(  923): validateEventsAndUserLocked: valid=false r.callerUid=0 foregroundUser=0 r.events=256 events=1024
05-07 10:15:37.764 D/TelephonyRegistry(  923): validateEventsAndUserLocked: valid=false r.callerUid=0 foregroundUser=0 r.events=256 events=1024
05-07 10:15:37.764 D/TelephonyRegistry(  923): validateEventsAndUserLocked: valid=false r.callerUid=0 foregroundUser=0 r.events=256 events=1024
05-07 10:15:37.764 D/TelephonyRegistry(  923): validateEventsAndUserLocked: valid=false r.callerUid=0 foregroundUser=0 r.events=256 events=1024
05-07 10:15:37.764 D/TelephonyRegistry(  923): validateEventsAndUserLocked: valid=false r.callerUid=0 foregroundUser=0 r.events=256 events=1024
05-07 10:15:37.764 D/TelephonyRegistry(  923): validateEventsAndUserLocked: valid=false r.callerUid=0 foregroundUser=0 r.events=256 events=1024
05-07 10:15:37.764 D/TelephonyRegistry(  923): validateEventsAndUserLocked: valid=false r.callerUid=0 foregroundUser=0 r.events=256 events=1024
05-07 10:15:37.764 D/TelephonyRegistry(  923): validateEventsAndUserLocked: valid=false r.callerUid=0 foregroundUser=0 r.events=256 events=1024
05-07 10:15:37.764 D/TelephonyRegistry(  923): validateEventsAndUserLocked: valid=false r.callerUid=0 foregroundUser=0 r.events=256 events=1024
05-07 10:15:37.764 D/TelephonyRegistry(  923): validateEventsAndUserLocked: valid=false r.callerUid=0 foregroundUser=0 r.events=256 events=1024
05-07 10:15:37.764 D/TelephonyRegistry(  923): validateEventsAndUserLocked: valid=false r.callerUid=0 foregroundUser=0 r.events=256 events=1024
05-07 10:15:37.764 D/TelephonyRegistry(  923): validateEventsAndUserLocked: valid=false r.callerUid=0 foregroundUser=0 r.events=256 events=1024
05-07 10:15:37.764 D/TelephonyRegistry(  923): validateEventsAndUserLocked: valid=false r.callerUid=0 foregroundUser=0 r.events=256 events=1024
05-07 10:15:37.764 D/TelephonyRegistry(  923): validateEventsAndUserLocked: valid=false r.callerUid=0 foregroundUser=0 r.events=256 events=1024
05-07 10:15:37.764 D/TelephonyRegistry(  923): validateEventsAndUserLocked: valid=false r.callerUid=0 foregroundUser=0 r.events=256 events=1024
05-07 10:15:37.764 D/TelephonyRegistry(  923): validateEventsAndUserLocked: valid=false r.callerUid=0 foregroundUser=0 r.events=256 events=1024
05-07 10:15:37.764 D/TelephonyRegistry(  923): validateEventsAndUserLocked: valid=false r.callerUid=0 foregroundUser=0 r.events=256 events=1024
05-07 10:15:37.764 D/TelephonyRegistry(  923): validateEventsAndUserLocked: valid=false r.callerUid=0 foregroundUser=0 r.events=256 events=1024
05-07 10:15:37.764 D/TelephonyRegistry(  923): validateEventsAndUserLocked: valid=false r.callerUid=0 foregroundUser=0 r.events=256 events=1024
05-07 10:15:37.764 D/TelephonyRegistry(  923): validateEventsAndUserLocked: valid=false r.callerUid=0 foregroundUser=0 r.events=256 events=1024
05-07 10:15:37.764 D/TelephonyRegistry(  923): validateEventsAndUserLocked: valid=false r.callerUid=0 foregroundUser=0 r.events=256 events=1024
05-07 10:15:37.764 D/TelephonyRegistry(  923): validateEventsAndUserLocked: valid=false r.callerUid=0 foregroundUser=0 r.events=256 events=1024
05-07 10:15:37.764 D/TelephonyRegistry(  923): validateEventsAndUserLocked: valid=false r.callerUid=0 foregroundUser=0 r.events=256 events=1024
05-07 10:15:37.764 D/TelephonyRegistry(  923): validateEventsAndUserLocked: valid=false r.callerUid=0 foregroundUser=0 r.events=256 events=1024
05-07 10:15:37.764 D/TelephonyRegistry(  923): validateEventsAndUserLocked: valid=false r.callerUid=0 foregroundUser=0 r.events=256 events=1024
05-07 10:15:37.764 D/TelephonyRegistry(  923): validateEventsAndUserLocked: valid=false r.callerUid=0 foregroundUser=0 r.events=256 events=1024
05-07 10:15:37.764 D/TelephonyRegistry(  923): validateEventsAndUserLocked: valid=false r.callerUid=0 foregroundUser=0 r.events=256 events=1024
05-07 10:15:37.764 D/TelephonyRegistry(  923): validateEventsAndUserLocked: valid=false r.callerUid=0 foregroundUser=0 r.events=256 events=1024
05-07 10:15:37.764 D/TelephonyRegistry(  923): validateEventsAndUserLocked: valid=false r.callerUid=0 foregroundUser=0 r.events=256 events=1024
05-07 10:15:37.764 D/TelephonyRegistry(  923): validateEventsAndUserLocked: valid=false r.callerUid=0 foregroundUser=0 r.events=256 events=1024
05-07 10:15:37.764 D/TelephonyRegistry(  923): validateEventsAndUserLocked: valid=false r.callerUid=0 foregroundUser=0 r.events=256 events=1024
05-07 10:15:37.764 D/TelephonyRegistry(  923): validateEventsAndUserLocked: valid=false r.callerUid=0 foregroundUser=0 r.events=256 events=1024
05-07 10:15:37.764 D/TelephonyRegistry(  923): validateEventsAndUserLocked: valid=false r.callerUid=0 foregroundUser=0 r.events=256 events=1024
05-07 10:15:37.764 D/TelephonyRegistry(  923): validateEventsAndUserLocked: valid=false r.callerUid=0 foregroundUser=0 r.events=256 events=1024
05-07 10:15:37.764 D/TelephonyRegistry(  923): validateEventsAndUserLocked: valid=false r.callerUid=0 foregroundUser=0 r.events=256 events=1024
05-07 10:15:37.764 D/TelephonyRegistry(  923): validateEventsAndUserLocked: valid=false r.callerUid=0 foregroundUser=0 r.events=256 events=1024
05-07 10:15:37.764 D/TelephonyRegistry(  923): validateEventsAndUserLocked: valid=false r.callerUid=0 foregroundUser=0 r.events=256 events=1024
05-07 10:15:37.764 D/TelephonyRegistry(  923): validateEventsAndUserLocked: valid=false r.callerUid=0 foregroundUser=0 r.events=256 events=1024
05-07 10:15:37.764 D/TelephonyRegistry(  923): validateEventsAndUserLocked: valid=false r.callerUid=0 foregroundUser=0 r.events=256 events=1024
05-07 10:15:37.764 D/TelephonyRegistry(  923): validateEventsAndUserLocked: valid=false r.callerUid=0 foregroundUser=0 r.events=256 events=1024
05-07 10:15:37.764 D/TelephonyRegistry(  923): validateEventsAndUserLocked: valid=false r.callerUid=0 foregroundUser=0 r.events=256 events=1024
05-07 10:15:37.764 D/TelephonyRegistry(  923): validateEventsAndUserLocked: valid=false r.callerUid=0 foregroundUser=0 r.events=256 events=1024
05-07 10:15:37.764 D/TelephonyRegistry(  923): validateEventsAndUserLocked: valid=false r.callerUid=0 foregroundUser=0 r.events=256 events=1024
05-07 10:15:37.764 D/TelephonyRegistry(  923): validateEventsAndUserLocked: valid=false r.callerUid=0 foregroundUser=0 r.events=256 events=1024
05-07 10:15:37.764 D/TelephonyRegistry(  923): validateEventsAndUserLocked: valid=false r.callerUid=0 foregroundUser=0 r.events=256 events=1024
05-07 10:15:37.764 D/TelephonyRegistry(  923): validateEventsAndUserLocked: valid=false r.callerUid=0 foregroundUser=0 r.events=256 events=1024
05-07 10:15:37.764 D/TelephonyRegistry(  923): validateEventsAndUserLocked: valid=false r.callerUid=0 foregroundUser=0 r.events=256 events=1024
05-07 10:15:37.764 D/TelephonyRegistry(  923): validateEventsAndUserLocked: valid=false r.callerUid=0 foregroundUser=0 r.events=256 events=1024
05-07 10:15:37.764 D/TelephonyRegistry(  923): validateEventsAndUserLocked: valid=false r.callerUid=0 foregroundUser=0 r.events=256 events=1024
05-07 10:15:37.764 D/TelephonyRegistry(  923): validateEventsAndUserLocked: valid=false r.callerUid=0 foregroundUser=0 r.events=256 events=1024
05-07 10:15:37.764 D/TelephonyRegistry(  923): validateEventsAndUserLocked: valid=false r.callerUid=0 foregroundUser=0 r.events=256 events=1024
05-07 10:15:37.764 D/TelephonyRegistry(  923): validateEventsAndUserLocked: valid=false r.callerUid=0 foregroundUser=0 r.events=256 events=1024
05-07 10:15:37.764 D/TelephonyRegistry(  923): validateEventsAndUserLocked: valid=false r.callerUid=0 foregroundUser=0 r.events=256 events=1024
05-07 10:15:37.764 D/TelephonyRegistry(  923): validateEventsAndUserLocked: valid=false r.callerUid=0 foregroundUser=0 r.events=256 events=1024
05-07 10:15:37.764 D/TelephonyRegistry(  923): validateEventsAndUserLocked: valid=false r.callerUid=0 foregroundUser=0 r.events=256 events=1024
05-07 10:15:37.764 D/TelephonyRegistry(  923): validateEventsAndUserLocked: valid=false r.callerUid=0 foregroundUser=0 r.events=256 events=1024
05-07 10:15:37.764 D/TelephonyRegistry(  923): validateEventsAndUserLocked: valid=false r.callerUid=0 foregroundUser=0 r.events=256 events=1024
05-07 10:15:37.764 D/TelephonyRegistry(  923): validateEventsAndUserLocked: valid=false r.callerUid=0 foregroundUser=0 r.events=256 events=1024
05-07 10:15:37.764 D/TelephonyRegistry(  923): validateEventsAndUserLocked: valid=false r.callerUid=0 foregroundUser=0 r.events=256 events=1024
05-07 10:15:37.764 D/TelephonyRegistry(  923): validateEventsAndUserLocked: valid=false r.callerUid=0 foregroundUser=0 r.events=256 events=1024
05-07 10:15:37.764 D/TelephonyRegistry(  923): validateEventsAndUserLocked: valid=false r.callerUid=0 foregroundUser=0 r.events=256 events=1024
05-07 10:15:37.764 D/TelephonyRegistry(  923): validateEventsAndUserLocked: valid=false r.callerUid=0 foregroundUser=0 r.events=256 events=1024
05-07 10:15:37.764 D/TelephonyRegistry(  923): validateEventsAndUserLocked: valid=false r.callerUid=0 foregroundUser=0 r.events=256 events=1024
05-07 10:15:37.764 D/TelephonyRegistry(  923): validateEventsAndUserLocked: valid=false r.callerUid=0 foregroundUser=0 r.events=256 events=1024
05-07 10:15:37.764 D/TelephonyRegistry(  923): validateEventsAndUserLocked: valid=false r.callerUid=0 foregroundUser=0 r.events=256 events=1024
05-07 10:15:37.774 D/SystemUI( 1143): MSimSignalClusterViewwifi: GONE sig=0 act=2130903746
05-07 10:15:37.774 D/SystemUI( 1143): StatusBar.MSimNetworkController onSignalStrengthsChanged received on subscription :0signalStrength=SignalStrength:GW:99 -1 -1 -1 0,CDMA:-63 -70,EVDO:-50 -10 8,LTE:99 2147483647 2147483647 2147483647 2147483647,TD:2147483647;cdma level=4
05-07 10:15:37.774 D/SystemUI( 1143): StatusBar.MSimNetworkController refreshViews connected={ data } level=4 mMSimcombinedSignalIconId=0x7f030269/com.android.systemui:drawable/stat_sys_signal_4 mMSimcombinedActivityIconId=0x7f030281 mAirplaneMode=false mMSimDataActivity=4 mMSimPhoneSignalIconId=0x7f030269 mMSimDataDirectionIconId=0x7f0301ec mMSimDataSignalIconId=0x7f030269 mMSimDataTypeIconId=0x7f0301ec mNoSimIconVisible false mWifiIconId=0x0 mBluetoothTetherIconId=0x10805cc
05-07 10:15:37.774 D/StatusBar.MSimNetworkController ( 1143): updateTelephonySignalStrength: subscription =0
05-07 10:15:37.774 I/StatusBar.MSimNetworkController ( 1143): sub:0 phoneType:2 networktype:6 targetClass:2 isRoam:false masterLevel:4 slaveLevel:4
05-07 10:15:37.774 D/StatusBar.MSimNetworkController ( 1143): subscription:0 SlotId===0
05-07 10:15:37.774 D/StatusBar.MSimNetworkController ( 1143): refreshViews subscription=0 mMSimDataConnected=true
05-07 10:15:37.774 D/StatusBar.MSimNetworkController ( 1143): refreshViews mMSimDataActivity=4
05-07 10:15:37.774 D/StatusBar.MSimNetworkController ( 1143): updateDataNetType subscription =0mMSimDataNetType =6
05-07 10:15:37.774 D/StatusBar.MSimNetworkController ( 1143): refreshViews update icon subscription===0 mMSimPhoneSignalIconId[subscription]===2130903657 mMSimPhoneSignalTypeIconId[subscription]===2130903711 mMSimMobileActivityIconId[subscription]===2130903681 mMSimDataTypeIconId[subscription]===2130903532
05-07 10:15:39.204 W/System.err(28538): android.os.DeadObjectException
05-07 10:15:39.204 W/System.err(28538): 	at android.os.BinderProxy.transact(Native Method)
05-07 10:15:39.204 W/System.err(28538): 	at android.os.IMessenger$Stub$Proxy.send(IMessenger.java:89)
05-07 10:15:39.204 W/System.err(28538): 	at android.os.Messenger.send(Messenger.java:50)
05-07 10:15:39.204 W/System.err(28538): 	at com.baidu.location.LocationClient.byte(Unknown Source)
05-07 10:15:39.204 W/System.err(28538): 	at com.baidu.location.LocationClient.a(Unknown Source)
05-07 10:15:39.204 W/System.err(28538): 	at com.baidu.location.LocationClient$a.handleMessage(Unknown Source)
05-07 10:15:39.204 W/System.err(28538): 	at android.os.Handler.dispatchMessage(Handler.java:102)
05-07 10:15:39.204 W/System.err(28538): 	at android.os.Looper.loop(Looper.java:136)
05-07 10:15:39.204 W/System.err(28538): 	at android.app.ActivityThread.main(ActivityThread.java:5291)
05-07 10:15:39.204 W/System.err(28538): 	at java.lang.reflect.Method.invokeNative(Native Method)
05-07 10:15:39.204 W/System.err(28538): 	at java.lang.reflect.Method.invoke(Method.java:515)
05-07 10:15:39.204 W/System.err(28538): 	at com.android.internal.os.ZygoteInit$MethodAndArgsCaller.run(ZygoteInit.java:865)
05-07 10:15:39.204 W/System.err(28538): 	at com.android.internal.os.ZygoteInit.main(ZygoteInit.java:681)
05-07 10:15:39.204 W/System.err(28538): 	at dalvik.system.NativeStart.main(Native Method)
05-07 10:15:42.184 V/AlarmManager(  923): set(PendingIntent{4334f870: PendingIntentRecord{43041db8 com.android.phone broadcastIntent}}) : type=2 triggerAtTime=137190191 win=0 tElapsed=137190191 maxElapsed=137190191 interval=0 standalone=false
05-07 10:15:42.184 D/AlarmManager(  923): add a alarm to a original batch
05-07 10:15:42.194 W/Settings( 1143): Setting multi_sim_data_call has moved from android.provider.Settings.System to android.provider.Settings.Global, returning read-only value.
05-07 10:15:42.194 D/SystemUI( 1143): StatusBar.MSimNetworkController onDataActivity received on subscription:0 direction=0 dataSub=0
05-07 10:15:42.194 W/Settings( 1143): Setting multi_sim_data_call has moved from android.provider.Settings.System to android.provider.Settings.Global, returning read-only value.
05-07 10:15:42.194 D/SystemUI( 1143): StatusBar.MSimNetworkController updateDataIcon subscription=0 dataSub=0 simState=UNKNOWN
05-07 10:15:42.194 D/SystemUI( 1143): StatusBar.MSimNetworkController refreshViews connected={ data } level=4 mMSimcombinedSignalIconId=0x7f030269/com.android.systemui:drawable/stat_sys_signal_4 mMSimcombinedActivityIconId=0x7f030281 mAirplaneMode=false mMSimDataActivity=0 mMSimPhoneSignalIconId=0x7f030269 mMSimDataDirectionIconId=0x7f0301ec mMSimDataSignalIconId=0x7f030269 mMSimDataTypeIconId=0x7f0301ec mNoSimIconVisible false mWifiIconId=0x0 mBluetoothTetherIconId=0x10805cc
05-07 10:15:42.194 D/SystemUI( 1143): MSimSignalClusterViewwifi: GONE sig=0 act=2130903746
05-07 10:15:42.194 D/StatusBar.MSimNetworkController ( 1143): updateDataIcon mMSimDataConnected=true
05-07 10:15:42.194 D/StatusBar.MSimNetworkController ( 1143): refreshViews subscription=0 mMSimDataConnected=true
05-07 10:15:42.194 D/StatusBar.MSimNetworkController ( 1143): refreshViews mMSimDataActivity=0
05-07 10:15:42.194 D/StatusBar.MSimNetworkController ( 1143): updateDataNetType subscription =0mMSimDataNetType =6
05-07 10:15:42.194 D/StatusBar.MSimNetworkController ( 1143): refreshViews update icon subscription===0 mMSimPhoneSignalIconId[subscription]===2130903657 mMSimPhoneSignalTypeIconId[subscription]===2130903711 mMSimMobileActivityIconId[subscription]===2130903681 mMSimDataTypeIconId[subscription]===2130903532
05-07 10:15:42.204 D/SystemUI( 1143): MSimSignalClusterViewwifi: GONE sig=0 act=2130903746
05-07 10:15:42.204 D/SystemUI( 1143): MSimSignalClusterViewwifi: GONE sig=0 act=2130903746
05-07 10:15:42.214 D/SystemUI( 1143): MSimSignalClusterViewwifi: GONE sig=0 act=2130903746
05-07 10:15:42.214 D/SystemUI( 1143): MSimSignalClusterViewwifi: GONE sig=0 act=2130903746
05-07 10:15:42.224 D/SystemUI( 1143): MSimSignalClusterViewwifi: GONE sig=0 act=2130903746
05-07 10:15:42.224 D/SystemUI( 1143): MSimSignalClusterViewwifi: GONE sig=0 act=2130903746
05-07 10:15:42.224 D/SystemUI( 1143): MSimSignalClusterViewwifi: GONE sig=0 act=2130903746
05-07 10:15:42.224 W/Settings( 1143): Setting multi_sim_data_call has moved from android.provider.Settings.System to android.provider.Settings.Global, returning read-only value.
05-07 10:15:42.224 D/SystemUI( 1143): StatusBar.MSimNetworkController onDataActivity received on subscription:1 direction=0 dataSub=0
05-07 10:15:42.224 W/Settings( 1143): Setting multi_sim_data_call has moved from android.provider.Settings.System to android.provider.Settings.Global, returning read-only value.
05-07 10:15:42.224 D/SystemUI( 1143): StatusBar.MSimNetworkController updateDataIcon subscription=1 dataSub=0 simState=UNKNOWN
05-07 10:15:42.224 D/SystemUI( 1143): StatusBar.MSimNetworkController refreshViews connected={ } level=4 mMSimcombinedSignalIconId=0x7f030269/com.android.systemui:drawable/stat_sys_signal_4 mMSimcombinedActivityIconId=0x7f0302c2 mAirplaneMode=false mMSimDataActivity=0 mMSimPhoneSignalIconId=0x7f030269 mMSimDataDirectionIconId=0x0 mMSimDataSignalIconId=0x7f030269 mMSimDataTypeIconId=0x0 mNoSimIconVisible false mWifiIconId=0x0 mBluetoothTetherIconId=0x10805cc
05-07 10:15:42.224 D/SystemUI( 1143): MSimSignalClusterViewwifi: GONE sig=0 act=2130903746
05-07 10:15:42.224 D/SystemUI( 1143): MSimSignalClusterViewwifi: GONE sig=0 act=2130903746
05-07 10:15:42.224 D/SystemUI( 1143): MSimSignalClusterViewwifi: GONE sig=0 act=2130903746
05-07 10:15:42.224 D/SystemUI( 1143): MSimSignalClusterViewwifi: GONE sig=0 act=2130903746
05-07 10:15:42.224 D/StatusBar.MSimNetworkController ( 1143): updateDataIconi: SUB1 is not DDS.  Clear the mMSimDataConnected Flag and return
05-07 10:15:42.224 D/StatusBar.MSimNetworkController ( 1143): refreshViews subscription=1 mMSimDataConnected=false
05-07 10:15:42.224 D/StatusBar.MSimNetworkController ( 1143): refreshViews mMSimDataActivity=0
05-07 10:15:42.224 D/StatusBar.MSimNetworkController ( 1143): refreshViews update icon subscription===1 mMSimPhoneSignalIconId[subscription]===2130903657 mMSimPhoneSignalTypeIconId[subscription]===2130903712 mMSimMobileActivityIconId[subscription]===0 mMSimDataTypeIconId[subscription]===0
05-07 10:15:42.234 D/SystemUI( 1143): MSimSignalClusterViewwifi: GONE sig=0 act=2130903746
05-07 10:15:42.234 D/SystemUI( 1143): MSimSignalClusterViewwifi: GONE sig=0 act=2130903746
05-07 10:15:42.234 D/SystemUI( 1143): MSimSignalClusterViewwifi: GONE sig=0 act=2130903746
05-07 10:15:42.234 D/SystemUI( 1143): MSimSignalClusterViewwifi: GONE sig=0 act=2130903746
05-07 10:15:42.234 D/SystemUI( 1143): StatusBar.MSimNetworkController changing data overlay icon id to 2130903746
05-07 10:15:42.234 W/Settings( 1143): Setting multi_sim_data_call has moved from android.provider.Settings.System to android.provider.Settings.Global, returning read-only value.
05-07 10:15:42.234 D/SystemUI( 1143): StatusBar.MSimNetworkController onDataActivity received on subscription:0 direction=0 dataSub=0
05-07 10:15:42.234 W/Settings( 1143): Setting multi_sim_data_call has moved from android.provider.Settings.System to android.provider.Settings.Global, returning read-only value.
