05-07 10:15:09.814 D/MSimTelephonyRegistry(  923): validateEventsAndUserLocked: valid=false r.callerUid=0 foregroundUser=0 r.events=12 events=1024
05-07 10:15:09.814 D/StatusBar.MSimNetworkController ( 1143): refreshViews update icon subscription===0 mMSimPhoneSignalIconId[subscription]===2130903657 mMSimPhoneSignalTypeIconId[subscription]===2130903711 mMSimMobileActivityIconId[subscription]===2130903681 mMSimDataTypeIconId[subscription]===2130903532
05-07 10:15:09.814 D/TelephonyRegistry(  923): validateEventsAndUserLocked: valid=false r.callerUid=0 foregroundUser=0 r.events=256 events=1024
05-07 10:15:09.814 D/TelephonyRegistry(  923): validateEventsAndUserLocked: valid=false r.callerUid=0 foregroundUser=0 r.events=256 events=1024
05-07 10:15:09.814 D/TelephonyRegistry(  923): validateEventsAndUserLocked: valid=false r.callerUid=0 foregroundUser=0 r.events=256 events=1024
05-07 10:15:09.814 D/TelephonyRegistry(  923): validateEventsAndUserLocked: valid=false r.callerUid=0 foregroundUser=0 r.events=256 events=1024
05-07 10:15:09.814 D/TelephonyRegistry(  923): validateEventsAndUserLocked: valid=false r.callerUid=0 foregroundUser=0 r.events=256 events=1024
05-07 10:15:09.814 D/TelephonyRegistry(  923): validateEventsAndUserLocked: valid=false r.callerUid=0 foregroundUser=0 r.events=256 events=1024
05-07 10:15:09.814 D/TelephonyRegistry(  923): validateEventsAndUserLocked: valid=false r.callerUid=0 foregroundUser=0 r.events=256 events=1024
05-07 10:15:09.814 D/TelephonyRegistry(  923): validateEventsAndUserLocked: valid=false r.callerUid=0 foregroundUser=0 r.events=256 events=1024
05-07 10:15:09.814 D/TelephonyRegistry(  923): validateEventsAndUserLocked: valid=false r.callerUid=0 foregroundUser=0 r.events=449 events=1024
05-07 10:15:09.814 D/TelephonyRegistry(  923): validateEventsAndUserLocked: valid=false r.callerUid=0 foregroundUser=0 r.events=32 events=1024
05-07 10:15:09.814 D/TelephonyRegistry(  923): validateEventsAndUserLocked: valid=false r.callerUid=0 foregroundUser=0 r.events=32 events=1024
05-07 10:15:09.814 D/TelephonyRegistry(  923): validateEventsAndUserLocked: valid=false r.callerUid=0 foregroundUser=0 r.events=64 events=1024
05-07 10:15:09.814 D/TelephonyRegistry(  923): validateEventsAndUserLocked: valid=false r.callerUid=0 foregroundUser=0 r.events=1 events=1024
05-07 10:15:09.814 D/TelephonyRegistry(  923): validateEventsAndUserLocked: valid=false r.callerUid=0 foregroundUser=0 r.events=1 events=1024
05-07 10:15:09.814 D/TelephonyRegistry(  923): validateEventsAndUserLocked: valid=false r.callerUid=0 foregroundUser=0 r.events=32 events=1024
05-07 10:15:09.814 D/TelephonyRegistry(  923): validateEventsAndUserLocked: valid=false r.callerUid=0 foregroundUser=0 r.events=1 events=1024
05-07 10:15:09.814 D/TelephonyRegistry(  923): validateEventsAndUserLocked: valid=false r.callerUid=0 foregroundUser=0 r.events=33 events=1024
05-07 10:15:09.814 D/TelephonyRegistry(  923): validateEventsAndUserLocked: valid=false r.callerUid=0 foregroundUser=0 r.events=225 events=1024
05-07 10:15:09.814 D/TelephonyRegistry(  923): validateEventsAndUserLocked: valid=false r.callerUid=0 foregroundUser=0 r.events=512 events=1024
05-07 10:15:09.814 D/TelephonyRegistry(  923): validateEventsAndUserLocked: valid=false r.callerUid=0 foregroundUser=0 r.events=272 events=1024
05-07 10:15:09.814 D/TelephonyRegistry(  923): validateEventsAndUserLocked: valid=false r.callerUid=0 foregroundUser=0 r.events=256 events=1024
05-07 10:15:09.814 D/TelephonyRegistry(  923): validateEventsAndUserLocked: valid=false r.callerUid=0 foregroundUser=0 r.events=32 events=1024
05-07 10:15:09.814 D/TelephonyRegistry(  923): validateEventsAndUserLocked: valid=false r.callerUid=0 foregroundUser=0 r.events=256 events=1024
05-07 10:15:09.814 D/TelephonyRegistry(  923): validateEventsAndUserLocked: valid=false r.callerUid=0 foregroundUser=0 r.events=256 events=1024
05-07 10:15:09.814 D/TelephonyRegistry(  923): validateEventsAndUserLocked: valid=false r.callerUid=0 foregroundUser=0 r.events=256 events=1024
05-07 10:15:09.814 D/TelephonyRegistry(  923): validateEventsAndUserLocked: valid=false r.callerUid=0 foregroundUser=0 r.events=256 events=1024
05-07 10:15:09.814 D/TelephonyRegistry(  923): validateEventsAndUserLocked: valid=false r.callerUid=0 foregroundUser=0 r.events=256 events=1024
05-07 10:15:09.814 D/TelephonyRegistry(  923): validateEventsAndUserLocked: valid=false r.callerUid=0 foregroundUser=0 r.events=256 events=1024
05-07 10:15:09.814 D/TelephonyRegistry(  923): validateEventsAndUserLocked: valid=false r.callerUid=0 foregroundUser=0 r.events=256 events=1024
05-07 10:15:09.814 D/TelephonyRegistry(  923): validateEventsAndUserLocked: valid=false r.callerUid=0 foregroundUser=0 r.events=256 events=1024
05-07 10:15:09.814 D/TelephonyRegistry(  923): validateEventsAndUserLocked: valid=false r.callerUid=0 foregroundUser=0 r.events=256 events=1024
05-07 10:15:09.814 D/TelephonyRegistry(  923): validateEventsAndUserLocked: valid=false r.callerUid=0 foregroundUser=0 r.events=256 events=1024
05-07 10:15:09.814 D/TelephonyRegistry(  923): validateEventsAndUserLocked: valid=false r.callerUid=0 foregroundUser=0 r.events=256 events=1024
05-07 10:15:09.814 D/TelephonyRegistry(  923): validateEventsAndUserLocked: valid=false r.callerUid=0 foregroundUser=0 r.events=256 events=1024
05-07 10:15:09.814 D/TelephonyRegistry(  923): validateEventsAndUserLocked: valid=false r.callerUid=0 foregroundUser=0 r.events=256 events=1024
05-07 10:15:09.814 D/TelephonyRegistry(  923): validateEventsAndUserLocked: valid=false r.callerUid=0 foregroundUser=0 r.events=256 events=1024
05-07 10:15:09.814 D/TelephonyRegistry(  923): validateEventsAndUserLocked: valid=false r.callerUid=0 foregroundUser=0 r.events=256 events=1024
05-07 10:15:09.814 D/TelephonyRegistry(  923): validateEventsAndUserLocked: valid=false r.callerUid=0 foregroundUser=0 r.events=1 events=1024
05-07 10:15:09.814 D/TelephonyRegistry(  923): validateEventsAndUserLocked: valid=false r.callerUid=0 foregroundUser=0 r.events=256 events=1024
05-07 10:15:09.814 D/TelephonyRegistry(  923): validateEventsAndUserLocked: valid=false r.callerUid=0 foregroundUser=0 r.events=256 events=1024
05-07 10:15:09.814 D/TelephonyRegistry(  923): validateEventsAndUserLocked: valid=false r.callerUid=0 foregroundUser=0 r.events=256 events=1024
05-07 10:15:09.814 D/TelephonyRegistry(  923): validateEventsAndUserLocked: valid=false r.callerUid=0 foregroundUser=0 r.events=256 events=1024
05-07 10:15:09.814 D/TelephonyRegistry(  923): validateEventsAndUserLocked: valid=false r.callerUid=0 foregroundUser=0 r.events=256 events=1024
05-07 10:15:09.814 D/TelephonyRegistry(  923): validateEventsAndUserLocked: valid=false r.callerUid=0 foregroundUser=0 r.events=256 events=1024
05-07 10:15:09.814 D/TelephonyRegistry(  923): validateEventsAndUserLocked: valid=false r.callerUid=0 foregroundUser=0 r.events=256 events=1024
05-07 10:15:09.814 D/TelephonyRegistry(  923): validateEventsAndUserLocked: valid=false r.callerUid=0 foregroundUser=0 r.events=256 events=1024
05-07 10:15:09.814 D/TelephonyRegistry(  923): validateEventsAndUserLocked: valid=false r.callerUid=0 foregroundUser=0 r.events=256 events=1024
05-07 10:15:09.814 D/TelephonyRegistry(  923): validateEventsAndUserLocked: valid=false r.callerUid=0 foregroundUser=0 r.events=256 events=1024
05-07 10:15:09.814 D/TelephonyRegistry(  923): validateEventsAndUserLocked: valid=false r.callerUid=0 foregroundUser=0 r.events=256 events=1024
05-07 10:15:09.814 D/TelephonyRegistry(  923): validateEventsAndUserLocked: valid=false r.callerUid=0 foregroundUser=0 r.events=256 events=1024
05-07 10:15:09.814 D/TelephonyRegistry(  923): validateEventsAndUserLocked: valid=false r.callerUid=0 foregroundUser=0 r.events=256 events=1024
05-07 10:15:09.814 D/TelephonyRegistry(  923): validateEventsAndUserLocked: valid=false r.callerUid=0 foregroundUser=0 r.events=256 events=1024
05-07 10:15:09.814 D/TelephonyRegistry(  923): validateEventsAndUserLocked: valid=false r.callerUid=0 foregroundUser=0 r.events=256 events=1024
05-07 10:15:09.814 D/TelephonyRegistry(  923): validateEventsAndUserLocked: valid=false r.callerUid=0 foregroundUser=0 r.events=256 events=1024
05-07 10:15:09.814 D/TelephonyRegistry(  923): validateEventsAndUserLocked: valid=false r.callerUid=0 foregroundUser=0 r.events=256 events=1024
05-07 10:15:09.814 D/TelephonyRegistry(  923): validateEventsAndUserLocked: valid=false r.callerUid=0 foregroundUser=0 r.events=256 events=1024
05-07 10:15:09.814 D/TelephonyRegistry(  923): validateEventsAndUserLocked: valid=false r.callerUid=0 foregroundUser=0 r.events=256 events=1024
05-07 10:15:09.814 D/TelephonyRegistry(  923): validateEventsAndUserLocked: valid=false r.callerUid=0 foregroundUser=0 r.events=256 events=1024
05-07 10:15:09.824 D/SystemUI( 1143): MSimSignalClusterViewwifi: GONE sig=0 act=2130903746
05-07 10:15:09.824 D/SystemUI( 1143): MSimSignalClusterViewwifi: GONE sig=0 act=2130903746
05-07 10:15:09.824 D/TelephonyRegistry(  923): validateEventsAndUserLocked: valid=false r.callerUid=0 foregroundUser=0 r.events=256 events=1024
05-07 10:15:09.824 D/TelephonyRegistry(  923): validateEventsAndUserLocked: valid=false r.callerUid=0 foregroundUser=0 r.events=256 events=1024
05-07 10:15:09.824 D/TelephonyRegistry(  923): validateEventsAndUserLocked: valid=false r.callerUid=0 foregroundUser=0 r.events=256 events=1024
05-07 10:15:09.824 D/TelephonyRegistry(  923): validateEventsAndUserLocked: valid=false r.callerUid=0 foregroundUser=0 r.events=256 events=1024
05-07 10:15:09.824 D/TelephonyRegistry(  923): validateEventsAndUserLocked: valid=false r.callerUid=0 foregroundUser=0 r.events=256 events=1024
05-07 10:15:09.824 D/TelephonyRegistry(  923): validateEventsAndUserLocked: valid=false r.callerUid=0 foregroundUser=0 r.events=256 events=1024
05-07 10:15:09.824 D/TelephonyRegistry(  923): validateEventsAndUserLocked: valid=false r.callerUid=0 foregroundUser=0 r.events=256 events=1024
05-07 10:15:09.824 D/TelephonyRegistry(  923): validateEventsAndUserLocked: valid=false r.callerUid=0 foregroundUser=0 r.events=256 events=1024
05-07 10:15:09.824 D/TelephonyRegistry(  923): validateEventsAndUserLocked: valid=false r.callerUid=0 foregroundUser=0 r.events=256 events=1024
05-07 10:15:09.824 D/TelephonyRegistry(  923): validateEventsAndUserLocked: valid=false r.callerUid=0 foregroundUser=0 r.events=256 events=1024
05-07 10:15:09.824 D/TelephonyRegistry(  923): validateEventsAndUserLocked: valid=false r.callerUid=0 foregroundUser=0 r.events=256 events=1024
05-07 10:15:09.824 D/TelephonyRegistry(  923): validateEventsAndUserLocked: valid=false r.callerUid=0 foregroundUser=0 r.events=256 events=1024
05-07 10:15:09.824 D/TelephonyRegistry(  923): validateEventsAndUserLocked: valid=false r.callerUid=0 foregroundUser=0 r.events=256 events=1024
05-07 10:15:09.824 D/TelephonyRegistry(  923): validateEventsAndUserLocked: valid=false r.callerUid=0 foregroundUser=0 r.events=256 events=1024
05-07 10:15:09.824 D/TelephonyRegistry(  923): validateEventsAndUserLocked: valid=false r.callerUid=0 foregroundUser=0 r.events=256 events=1024
05-07 10:15:09.824 D/TelephonyRegistry(  923): validateEventsAndUserLocked: valid=false r.callerUid=0 foregroundUser=0 r.events=256 events=1024
05-07 10:15:09.824 D/TelephonyRegistry(  923): validateEventsAndUserLocked: valid=false r.callerUid=0 foregroundUser=0 r.events=256 events=1024
05-07 10:15:09.824 D/TelephonyRegistry(  923): validateEventsAndUserLocked: valid=false r.callerUid=0 foregroundUser=0 r.events=256 events=1024
05-07 10:15:09.824 D/TelephonyRegistry(  923): validateEventsAndUserLocked: valid=false r.callerUid=0 foregroundUser=0 r.events=256 events=1024
05-07 10:15:09.824 D/TelephonyRegistry(  923): validateEventsAndUserLocked: valid=false r.callerUid=0 foregroundUser=0 r.events=256 events=1024
05-07 10:15:09.824 D/TelephonyRegistry(  923): validateEventsAndUserLocked: valid=false r.callerUid=0 foregroundUser=0 r.events=256 events=1024
05-07 10:15:09.824 D/TelephonyRegistry(  923): validateEventsAndUserLocked: valid=false r.callerUid=0 foregroundUser=0 r.events=256 events=1024
05-07 10:15:09.824 D/TelephonyRegistry(  923): validateEventsAndUserLocked: valid=false r.callerUid=0 foregroundUser=0 r.events=256 events=1024
05-07 10:15:09.824 D/TelephonyRegistry(  923): validateEventsAndUserLocked: valid=false r.callerUid=0 foregroundUser=0 r.events=256 events=1024
05-07 10:15:09.824 D/TelephonyRegistry(  923): validateEventsAndUserLocked: valid=false r.callerUid=0 foregroundUser=0 r.events=256 events=1024
05-07 10:15:09.824 D/TelephonyRegistry(  923): validateEventsAndUserLocked: valid=false r.callerUid=0 foregroundUser=0 r.events=256 events=1024
05-07 10:15:09.824 D/TelephonyRegistry(  923): validateEventsAndUserLocked: valid=false r.callerUid=0 foregroundUser=0 r.events=256 events=1024
05-07 10:15:09.824 D/TelephonyRegistry(  923): validateEventsAndUserLocked: valid=false r.callerUid=0 foregroundUser=0 r.events=256 events=1024
05-07 10:15:09.824 D/TelephonyRegistry(  923): validateEventsAndUserLocked: valid=false r.callerUid=0 foregroundUser=0 r.events=256 events=1024
05-07 10:15:09.824 D/TelephonyRegistry(  923): validateEventsAndUserLocked: valid=false r.callerUid=0 foregroundUser=0 r.events=256 events=1024
05-07 10:15:09.824 D/TelephonyRegistry(  923): validateEventsAndUserLocked: valid=false r.callerUid=0 foregroundUser=0 r.events=256 events=1024
05-07 10:15:09.824 D/TelephonyRegistry(  923): validateEventsAndUserLocked: valid=false r.callerUid=0 foregroundUser=0 r.events=256 events=1024
05-07 10:15:09.824 D/TelephonyRegistry(  923): validateEventsAndUserLocked: valid=false r.callerUid=0 foregroundUser=0 r.events=256 events=1024
05-07 10:15:09.824 D/TelephonyRegistry(  923): validateEventsAndUserLocked: valid=false r.callerUid=0 foregroundUser=0 r.events=256 events=1024
05-07 10:15:09.824 D/TelephonyRegistry(  923): validateEventsAndUserLocked: valid=false r.callerUid=0 foregroundUser=0 r.events=256 events=1024
05-07 10:15:09.824 D/TelephonyRegistry(  923): validateEventsAndUserLocked: valid=false r.callerUid=0 foregroundUser=0 r.events=256 events=1024
05-07 10:15:09.824 D/TelephonyRegistry(  923): validateEventsAndUserLocked: valid=false r.callerUid=0 foregroundUser=0 r.events=256 events=1024
05-07 10:15:09.824 D/TelephonyRegistry(  923): validateEventsAndUserLocked: valid=false r.callerUid=0 foregroundUser=0 r.events=256 events=1024
05-07 10:15:09.824 D/TelephonyRegistry(  923): validateEventsAndUserLocked: valid=false r.callerUid=0 foregroundUser=0 r.events=256 events=1024
05-07 10:15:09.824 D/TelephonyRegistry(  923): validateEventsAndUserLocked: valid=false r.callerUid=0 foregroundUser=0 r.events=256 events=1024
05-07 10:15:09.824 D/TelephonyRegistry(  923): validateEventsAndUserLocked: valid=false r.callerUid=0 foregroundUser=0 r.events=256 events=1024
05-07 10:15:09.824 D/TelephonyRegistry(  923): validateEventsAndUserLocked: valid=false r.callerUid=0 foregroundUser=0 r.events=256 events=1024
05-07 10:15:09.824 D/TelephonyRegistry(  923): validateEventsAndUserLocked: valid=false r.callerUid=0 foregroundUser=0 r.events=256 events=1024
05-07 10:15:09.824 D/TelephonyRegistry(  923): validateEventsAndUserLocked: valid=false r.callerUid=0 foregroundUser=0 r.events=256 events=1024
05-07 10:15:09.824 D/TelephonyRegistry(  923): validateEventsAndUserLocked: valid=false r.callerUid=0 foregroundUser=0 r.events=256 events=1024
05-07 10:15:09.824 D/TelephonyRegistry(  923): validateEventsAndUserLocked: valid=false r.callerUid=0 foregroundUser=0 r.events=256 events=1024
05-07 10:15:09.824 D/TelephonyRegistry(  923): validateEventsAndUserLocked: valid=false r.callerUid=0 foregroundUser=0 r.events=256 events=1024
05-07 10:15:09.824 D/TelephonyRegistry(  923): validateEventsAndUserLocked: valid=false r.callerUid=0 foregroundUser=0 r.events=256 events=1024
05-07 10:15:09.824 D/TelephonyRegistry(  923): validateEventsAndUserLocked: valid=false r.callerUid=0 foregroundUser=0 r.events=256 events=1024
05-07 10:15:09.824 D/TelephonyRegistry(  923): validateEventsAndUserLocked: valid=false r.callerUid=0 foregroundUser=0 r.events=256 events=1024
05-07 10:15:09.824 D/TelephonyRegistry(  923): validateEventsAndUserLocked: valid=false r.callerUid=0 foregroundUser=0 r.events=256 events=1024
05-07 10:15:09.824 D/TelephonyRegistry(  923): validateEventsAndUserLocked: valid=false r.callerUid=0 foregroundUser=0 r.events=256 events=1024
05-07 10:15:09.824 D/TelephonyRegistry(  923): validateEventsAndUserLocked: valid=false r.callerUid=0 foregroundUser=0 r.events=256 events=1024
05-07 10:15:09.824 D/TelephonyRegistry(  923): validateEventsAndUserLocked: valid=false r.callerUid=0 foregroundUser=0 r.events=256 events=1024
05-07 10:15:09.824 D/TelephonyRegistry(  923): validateEventsAndUserLocked: valid=false r.callerUid=0 foregroundUser=0 r.events=256 events=1024
05-07 10:15:09.824 D/TelephonyRegistry(  923): validateEventsAndUserLocked: valid=false r.callerUid=0 foregroundUser=0 r.events=256 events=1024
05-07 10:15:09.824 D/TelephonyRegistry(  923): validateEventsAndUserLocked: valid=false r.callerUid=0 foregroundUser=0 r.events=256 events=1024
05-07 10:15:09.834 D/SystemUI( 1143): MSimSignalClusterViewwifi: GONE sig=0 act=2130903746
05-07 10:15:09.834 D/SystemUI( 1143): MSimSignalClusterViewwifi: GONE sig=0 act=2130903746
05-07 10:15:09.834 D/SystemUI( 1143): MSimSignalClusterViewwifi: GONE sig=0 act=2130903746
05-07 10:15:09.834 D/SystemUI( 1143): MSimSignalClusterViewwifi: GONE sig=0 act=2130903746
05-07 10:15:09.834 D/SystemUI( 1143): MSimSignalClusterViewwifi: GONE sig=0 act=2130903746
05-07 10:15:09.834 D/SystemUI( 1143): StatusBar.MSimNetworkController changing data overlay icon id to 2130903681
05-07 10:15:09.834 D/SystemUI( 1143): StatusBar.MSimNetworkController onSignalStrengthsChanged received on subscription :0signalStrength=SignalStrength:GW:99 -1 -1 -1 0,CDMA:-64 -70,EVDO:-54 -10 8,LTE:99 2147483647 2147483647 2147483647 2147483647,TD:2147483647;cdma level=4
05-07 10:15:09.834 D/StatusBar.MSimNetworkController ( 1143): updateTelephonySignalStrength: subscription =0
05-07 10:15:09.844 D/SystemUI( 1143): StatusBar.MSimNetworkController refreshViews connected={ data } level=4 mMSimcombinedSignalIconId=0x7f030269/com.android.systemui:drawable/stat_sys_signal_4 mMSimcombinedActivityIconId=0x7f030281 mAirplaneMode=false mMSimDataActivity=0 mMSimPhoneSignalIconId=0x7f030269 mMSimDataDirectionIconId=0x7f0301ec mMSimDataSignalIconId=0x7f030269 mMSimDataTypeIconId=0x7f0301ec mNoSimIconVisible false mWifiIconId=0x0 mBluetoothTetherIconId=0x10805cc
05-07 10:15:09.844 D/SystemUI( 1143): StatusBar.MSimNetworkController changing data overlay icon id to 2130903681
05-07 10:15:09.844 I/StatusBar.MSimNetworkController ( 1143): sub:0 phoneType:2 networktype:6 targetClass:2 isRoam:false masterLevel:4 slaveLevel:4
05-07 10:15:09.844 D/StatusBar.MSimNetworkController ( 1143): subscription:0 SlotId===0
05-07 10:15:09.844 D/StatusBar.MSimNetworkController ( 1143): refreshViews subscription=0 mMSimDataConnected=true
05-07 10:15:09.844 D/StatusBar.MSimNetworkController ( 1143): refreshViews mMSimDataActivity=0
05-07 10:15:09.844 D/StatusBar.MSimNetworkController ( 1143): updateDataNetType subscription =0mMSimDataNetType =6
05-07 10:15:09.844 D/StatusBar.MSimNetworkController ( 1143): refreshViews update icon subscription===0 mMSimPhoneSignalIconId[subscription]===2130903657 mMSimPhoneSignalTypeIconId[subscription]===2130903711 mMSimMobileActivityIconId[subscription]===2130903681 mMSimDataTypeIconId[subscription]===2130903532
05-07 10:15:11.224 D/AlarmManager(  923): add a alarm to a original batch
05-07 10:15:11.224 D/AlarmManager(  923): add a alarm to a original batch
05-07 10:15:11.224 D/AlarmManager(  923): add a alarm to a original batch
05-07 10:15:11.224 D/AlarmManager(  923): add a alarm to a original batch
05-07 10:15:11.224 D/AlarmManager(  923): add a alarm to a original batch
05-07 10:15:11.224 D/AlarmManager(  923): add a alarm to a original batch
05-07 10:15:11.224 D/AlarmManager(  923): add a alarm to a original batch
05-07 10:15:11.224 D/AlarmManager(  923): add a alarm to a original batch
05-07 10:15:11.224 D/AlarmManager(  923): add a alarm to a original batch
05-07 10:15:11.224 D/AlarmManager(  923): add a alarm to a original batch
05-07 10:15:11.224 D/AlarmManager(  923): add a alarm to a original batch
05-07 10:15:11.234 D/AlarmManager(  923): add a alarm to a original batch
05-07 10:15:11.234 D/AlarmManager(  923): add a alarm to a original batch
05-07 10:15:11.234 D/AlarmManager(  923): add a alarm to a original batch
05-07 10:15:11.234 D/AlarmManager(  923): add a alarm to a original batch
05-07 10:15:11.234 D/AlarmManager(  923): add a alarm to a original batch
05-07 10:15:11.234 D/AlarmManager(  923): add a alarm to a original batch
05-07 10:15:11.234 D/AlarmManager(  923): add a alarm to a original batch
05-07 10:15:11.234 D/AlarmManager(  923): add a alarm to a original batch
05-07 10:15:11.234 D/AlarmManager(  923): add a alarm to a original batch
05-07 10:15:11.234 D/AlarmManager(  923): add a alarm to a original batch
05-07 10:15:11.234 D/AlarmManager(  923): add a alarm to a original batch
05-07 10:15:11.234 D/AlarmManager(  923): add a alarm to a original batch
05-07 10:15:11.234 D/AlarmManager(  923): add a alarm to a original batch
05-07 10:15:11.234 D/AlarmManager(  923): add a alarm to a original batch
05-07 10:15:11.244 D/PowerManagerService(  923): acquireWakeLockInternal: lock=1121752472, flags=0x1, tag="!32@/B4Tb64lLpLSCksk5w/QSxQTciH9sVsR", ws=null, uid=10078, pid=7447
05-07 10:15:11.244 D/PowerManagerService(  923): updateWakeLockSummaryLocked: mWakefulness=Awake, mWakeLockSummary=0x1
05-07 10:15:11.244 D/PowerManagerService(  923): updateScreenStateLocked: mDisplayReady=true, newScreenState=2, mWakefulness=1, mWakeLockSummary=0x1, mUserActivitySummary=0x1, mBootCompleted=true, useProximitySensor=false, blockScreenOn=false, mRequestWaitForNegativeProximity=false
05-07 10:15:11.294 D/PowerManagerService(  923): handleSandman: canDream=false, mWakefulness=Awake
05-07 10:15:11.734 W/Settings( 1143): Setting multi_sim_data_call has moved from android.provider.Settings.System to android.provider.Settings.Global, returning read-only value.
05-07 10:15:11.734 D/SystemUI( 1143): StatusBar.MSimNetworkController onDataActivity received on subscription:0 direction=3 dataSub=0
05-07 10:15:11.734 W/Settings( 1143): Setting multi_sim_data_call has moved from android.provider.Settings.System to android.provider.Settings.Global, returning read-only value.
05-07 10:15:11.734 D/SystemUI( 1143): StatusBar.MSimNetworkController updateDataIcon subscription=0 dataSub=0 simState=UNKNOWN
05-07 10:15:11.734 D/SystemUI( 1143): StatusBar.MSimNetworkController refreshViews connected={ data } level=4 mMSimcombinedSignalIconId=0x7f030269/com.android.systemui:drawable/stat_sys_signal_4 mMSimcombinedActivityIconId=0x7f030286 mAirplaneMode=false mMSimDataActivity=3 mMSimPhoneSignalIconId=0x7f030269 mMSimDataDirectionIconId=0x7f0301ec mMSimDataSignalIconId=0x7f030269 mMSimDataTypeIconId=0x7f0301ec mNoSimIconVisible false mWifiIconId=0x0 mBluetoothTetherIconId=0x10805cc
05-07 10:15:11.734 D/SystemUI( 1143): MSimSignalClusterViewwifi: GONE sig=0 act=2130903746
05-07 10:15:11.734 D/StatusBar.MSimNetworkController ( 1143): updateDataIcon mMSimDataConnected=true
05-07 10:15:11.734 D/StatusBar.MSimNetworkController ( 1143): refreshViews subscription=0 mMSimDataConnected=true
05-07 10:15:11.734 D/StatusBar.MSimNetworkController ( 1143): refreshViews mMSimDataActivity=3
05-07 10:15:11.734 D/StatusBar.MSimNetworkController ( 1143): updateDataNetType subscription =0mMSimDataNetType =6
05-07 10:15:11.734 D/StatusBar.MSimNetworkController ( 1143): refreshViews update icon subscription===0 mMSimPhoneSignalIconId[subscription]===2130903657 mMSimPhoneSignalTypeIconId[subscription]===2130903711 mMSimMobileActivityIconId[subscription]===2130903686 mMSimDataTypeIconId[subscription]===2130903532
05-07 10:15:11.744 D/SystemUI( 1143): MSimSignalClusterViewwifi: GONE sig=0 act=2130903746
05-07 10:15:11.754 D/SystemUI( 1143): MSimSignalClusterViewwifi: GONE sig=0 act=2130903746
05-07 10:15:11.754 D/SystemUI( 1143): MSimSignalClusterViewwifi: GONE sig=0 act=2130903746
05-07 10:15:11.754 D/PowerManagerService(  923): releaseWakeLockInternal: lock=1121752472 [!32@/B4Tb64lLpLSCksk5w/QSxQTciH9sVsR], flags=0x0
05-07 10:15:11.754 D/PowerManagerNotifier(  923): onWakeLockReleased: flags=1, tag="!32@/B4Tb64lLpLSCksk5w/QSxQTciH9sVsR", packageName=com.tencent.mm, ownerUid=10078, ownerPid=7447, workSource=null
05-07 10:15:11.754 D/PowerManagerService(  923): updateWakeLockSummaryLocked: mWakefulness=Awake, mWakeLockSummary=0x0
05-07 10:15:11.754 D/PowerManagerService(  923): updateScreenStateLocked: mDisplayReady=true, newScreenState=2, mWakefulness=1, mWakeLockSummary=0x0, mUserActivitySummary=0x1, mBootCompleted=true, useProximitySensor=false, blockScreenOn=false, mRequestWaitForNegativeProximity=false
05-07 10:15:11.754 D/PowerManagerService(  923): Releasing suspend blocker "PowerManagerService.WakeLocks".
05-07 10:15:11.764 D/SystemUI( 1143): MSimSignalClusterViewwifi: GONE sig=0 act=2130903746
05-07 10:15:11.764 D/SystemUI( 1143): MSimSignalClusterViewwifi: GONE sig=0 act=2130903746
05-07 10:15:11.764 D/SystemUI( 1143): MSimSignalClusterViewwifi: GONE sig=0 act=2130903746
05-07 10:15:11.774 D/SystemUI( 1143): MSimSignalClusterViewwifi: GONE sig=0 act=2130903746
05-07 10:15:11.774 D/SystemUI( 1143): StatusBar.MSimNetworkController changing data overlay icon id to 2130903686
05-07 10:15:11.774 W/Settings( 1143): Setting multi_sim_data_call has moved from android.provider.Settings.System to android.provider.Settings.Global, returning read-only value.
05-07 10:15:11.774 D/SystemUI( 1143): StatusBar.MSimNetworkController onDataActivity received on subscription:1 direction=3 dataSub=0
05-07 10:15:11.774 W/Settings( 1143): Setting multi_sim_data_call has moved from android.provider.Settings.System to android.provider.Settings.Global, returning read-only value.
05-07 10:15:11.774 D/SystemUI( 1143): StatusBar.MSimNetworkController updateDataIcon subscription=1 dataSub=0 simState=UNKNOWN
05-07 10:15:11.774 D/SystemUI( 1143): StatusBar.MSimNetworkController refreshViews connected={ } level=4 mMSimcombinedSignalIconId=0x7f030269/com.android.systemui:drawable/stat_sys_signal_4 mMSimcombinedActivityIconId=0x7f0302c2 mAirplaneMode=false mMSimDataActivity=3 mMSimPhoneSignalIconId=0x7f030269 mMSimDataDirectionIconId=0x0 mMSimDataSignalIconId=0x7f030269 mMSimDataTypeIconId=0x0 mNoSimIconVisible false mWifiIconId=0x0 mBluetoothTetherIconId=0x10805cc
05-07 10:15:11.774 D/SystemUI( 1143): MSimSignalClusterViewwifi: GONE sig=0 act=2130903746
05-07 10:15:11.774 D/StatusBar.MSimNetworkController ( 1143): updateDataIconi: SUB1 is not DDS.  Clear the mMSimDataConnected Flag and return
05-07 10:15:11.774 D/StatusBar.MSimNetworkController ( 1143): refreshViews subscription=1 mMSimDataConnected=false
05-07 10:15:11.774 D/StatusBar.MSimNetworkController ( 1143): refreshViews mMSimDataActivity=3
05-07 10:15:11.774 D/StatusBar.MSimNetworkController ( 1143): refreshViews update icon subscription===1 mMSimPhoneSignalIconId[subscription]===2130903657 mMSimPhoneSignalTypeIconId[subscription]===2130903712 mMSimMobileActivityIconId[subscription]===0 mMSimDataTypeIconId[subscription]===0
05-07 10:15:11.784 D/SystemUI( 1143): MSimSignalClusterViewwifi: GONE sig=0 act=2130903746
05-07 10:15:11.784 D/SystemUI( 1143): MSimSignalClusterViewwifi: GONE sig=0 act=2130903746
05-07 10:15:11.784 D/SystemUI( 1143): MSimSignalClusterViewwifi: GONE sig=0 act=2130903746
05-07 10:15:11.784 D/SystemUI( 1143): MSimSignalClusterViewwifi: GONE sig=0 act=2130903746
05-07 10:15:11.784 D/SystemUI( 1143): MSimSignalClusterViewwifi: GONE sig=0 act=2130903746
05-07 10:15:11.784 D/SystemUI( 1143): MSimSignalClusterViewwifi: GONE sig=0 act=2130903746
05-07 10:15:11.794 D/SystemUI( 1143): MSimSignalClusterViewwifi: GONE sig=0 act=2130903746
05-07 10:15:11.794 D/SystemUI( 1143): StatusBar.MSimNetworkController changing data overlay icon id to 2130903746
05-07 10:15:11.794 W/Settings( 1143): Setting multi_sim_data_call has moved from android.provider.Settings.System to android.provider.Settings.Global, returning read-only value.
05-07 10:15:11.794 D/SystemUI( 1143): StatusBar.MSimNetworkController onDataActivity received on subscription:0 direction=3 dataSub=0
05-07 10:15:11.794 W/Settings( 1143): Setting multi_sim_data_call has moved from android.provider.Settings.System to android.provider.Settings.Global, returning read-only value.
05-07 10:15:11.794 D/SystemUI( 1143): StatusBar.MSimNetworkController updateDataIcon subscription=0 dataSub=0 simState=UNKNOWN
05-07 10:15:11.794 D/SystemUI( 1143): StatusBar.MSimNetworkController refreshViews connected={ data } level=4 mMSimcombinedSignalIconId=0x7f030269/com.android.systemui:drawable/stat_sys_signal_4 mMSimcombinedActivityIconId=0x7f030286 mAirplaneMode=false mMSimDataActivity=3 mMSimPhoneSignalIconId=0x7f030269 mMSimDataDirectionIconId=0x7f0301ec mMSimDataSignalIconId=0x7f030269 mMSimDataTypeIconId=0x7f0301ec mNoSimIconVisible false mWifiIconId=0x0 mBluetoothTetherIconId=0x10805cc
05-07 10:15:11.794 D/SystemUI( 1143): StatusBar.MSimNetworkController changing data overlay icon id to 2130903686
05-07 10:15:11.794 W/Settings( 1143): Setting multi_sim_data_call has moved from android.provider.Settings.System to android.provider.Settings.Global, returning read-only value.
05-07 10:15:11.794 D/SystemUI( 1143): StatusBar.MSimNetworkController onDataActivity received on subscription:1 direction=3 dataSub=0
05-07 10:15:11.794 W/Settings( 1143): Setting multi_sim_data_call has moved from android.provider.Settings.System to android.provider.Settings.Global, returning read-only value.
05-07 10:15:11.794 D/SystemUI( 1143): StatusBar.MSimNetworkController updateDataIcon subscription=1 dataSub=0 simState=UNKNOWN
05-07 10:15:11.794 D/SystemUI( 1143): StatusBar.MSimNetworkController refreshViews connected={ } level=4 mMSimcombinedSignalIconId=0x7f030269/com.android.systemui:drawable/stat_sys_signal_4 mMSimcombinedActivityIconId=0x7f0302c2 mAirplaneMode=false mMSimDataActivity=3 mMSimPhoneSignalIconId=0x7f030269 mMSimDataDirectionIconId=0x0 mMSimDataSignalIconId=0x7f030269 mMSimDataTypeIconId=0x0 mNoSimIconVisible false mWifiIconId=0x0 mBluetoothTetherIconId=0x10805cc
05-07 10:15:11.794 D/SystemUI( 1143): StatusBar.MSimNetworkController changing data overlay icon id to 2130903746
05-07 10:15:11.794 D/StatusBar.MSimNetworkController ( 1143): updateDataIcon mMSimDataConnected=true
05-07 10:15:11.794 D/StatusBar.MSimNetworkController ( 1143): refreshViews subscription=0 mMSimDataConnected=true
05-07 10:15:11.794 D/StatusBar.MSimNetworkController ( 1143): refreshViews mMSimDataActivity=3
05-07 10:15:11.794 D/StatusBar.MSimNetworkController ( 1143): updateDataNetType subscription =0mMSimDataNetType =6
05-07 10:15:11.794 D/StatusBar.MSimNetworkController ( 1143): refreshViews update icon subscription===0 mMSimPhoneSignalIconId[subscription]===2130903657 mMSimPhoneSignalTypeIconId[subscription]===2130903711 mMSimMobileActivityIconId[subscription]===2130903686 mMSimDataTypeIconId[subscription]===2130903532
05-07 10:15:11.794 D/StatusBar.MSimNetworkController ( 1143): updateDataIconi: SUB1 is not DDS.  Clear the mMSimDataConnected Flag and return
05-07 10:15:11.794 D/StatusBar.MSimNetworkController ( 1143): refreshViews subscription=1 mMSimDataConnected=false
05-07 10:15:11.794 D/StatusBar.MSimNetworkController ( 1143): refreshViews mMSimDataActivity=3
05-07 10:15:11.794 D/StatusBar.MSimNetworkController ( 1143): refreshViews update icon subscription===1 mMSimPhoneSignalIconId[subscription]===2130903657 mMSimPhoneSignalTypeIconId[subscription]===2130903712 mMSimMobileActivityIconId[subscription]===0 mMSimDataTypeIconId[subscription]===0
05-07 10:15:11.804 D/IconMerger( 1143): moreView.visibility = GONE
05-07 10:15:11.804 D/PowerManagerService(  923): handleSandman: canDream=false, mWakefulness=Awake
05-07 10:15:11.994 I/AndroidRuntime(32742): VM exiting with result code 0, cleanup skipped.
05-07 10:15:12.024 I/ActivityManager(  923): Process com.vlife.huawei.wallpaper:main (pid 32742) has died.
05-07 10:15:12.744 W/Settings( 1143): Setting multi_sim_data_call has moved from android.provider.Settings.System to android.provider.Settings.Global, returning read-only value.
05-07 10:15:12.744 D/SystemUI( 1143): StatusBar.MSimNetworkController onDataActivity received on subscription:0 direction=0 dataSub=0
05-07 10:15:12.744 W/Settings( 1143): Setting multi_sim_data_call has moved from android.provider.Settings.System to android.provider.Settings.Global, returning read-only value.
05-07 10:15:12.744 D/SystemUI( 1143): StatusBar.MSimNetworkController updateDataIcon subscription=0 dataSub=0 simState=UNKNOWN
05-07 10:15:12.744 D/SystemUI( 1143): StatusBar.MSimNetworkController refreshViews connected={ data } level=4 mMSimcombinedSignalIconId=0x7f030269/com.android.systemui:drawable/stat_sys_signal_4 mMSimcombinedActivityIconId=0x7f030281 mAirplaneMode=false mMSimDataActivity=0 mMSimPhoneSignalIconId=0x7f030269 mMSimDataDirectionIconId=0x7f0301ec mMSimDataSignalIconId=0x7f030269 mMSimDataTypeIconId=0x7f0301ec mNoSimIconVisible false mWifiIconId=0x0 mBluetoothTetherIconId=0x10805cc
05-07 10:15:12.744 D/StatusBar.MSimNetworkController ( 1143): updateDataIcon mMSimDataConnected=true
05-07 10:15:12.744 D/StatusBar.MSimNetworkController ( 1143): refreshViews subscription=0 mMSimDataConnected=true
05-07 10:15:12.744 D/StatusBar.MSimNetworkController ( 1143): refreshViews mMSimDataActivity=0
05-07 10:15:12.744 D/StatusBar.MSimNetworkController ( 1143): updateDataNetType subscription =0mMSimDataNetType =6
05-07 10:15:12.744 D/StatusBar.MSimNetworkController ( 1143): refreshViews update icon subscription===0 mMSimPhoneSignalIconId[subscription]===2130903657 mMSimPhoneSignalTypeIconId[subscription]===2130903711 mMSimMobileActivityIconId[subscription]===2130903681 mMSimDataTypeIconId[subscription]===2130903532
05-07 10:15:12.754 D/SystemUI( 1143): MSimSignalClusterViewwifi: GONE sig=0 act=2130903746
05-07 10:15:12.754 D/SystemUI( 1143): MSimSignalClusterViewwifi: GONE sig=0 act=2130903746
05-07 10:15:12.764 D/SystemUI( 1143): MSimSignalClusterViewwifi: GONE sig=0 act=2130903746
05-07 10:15:12.764 D/SystemUI( 1143): MSimSignalClusterViewwifi: GONE sig=0 act=2130903746
05-07 10:15:12.764 D/SystemUI( 1143): MSimSignalClusterViewwifi: GONE sig=0 act=2130903746
05-07 10:15:12.774 D/SystemUI( 1143): MSimSignalClusterViewwifi: GONE sig=0 act=2130903746
05-07 10:15:12.774 D/SystemUI( 1143): MSimSignalClusterViewwifi: GONE sig=0 act=2130903746
05-07 10:15:12.774 D/SystemUI( 1143): MSimSignalClusterViewwifi: GONE sig=0 act=2130903746
05-07 10:15:12.784 D/SystemUI( 1143): StatusBar.MSimNetworkController changing data overlay icon id to 2130903681
05-07 10:15:12.784 W/Settings( 1143): Setting multi_sim_data_call has moved from android.provider.Settings.System to android.provider.Settings.Global, returning read-only value.
05-07 10:15:12.784 D/SystemUI( 1143): StatusBar.MSimNetworkController onDataActivity received on subscription:1 direction=0 dataSub=0
05-07 10:15:12.784 W/Settings( 1143): Setting multi_sim_data_call has moved from android.provider.Settings.System to android.provider.Settings.Global, returning read-only value.
05-07 10:15:12.784 D/SystemUI( 1143): StatusBar.MSimNetworkController updateDataIcon subscription=1 dataSub=0 simState=UNKNOWN
05-07 10:15:12.784 D/SystemUI( 1143): StatusBar.MSimNetworkController refreshViews connected={ } level=4 mMSimcombinedSignalIconId=0x7f030269/com.android.systemui:drawable/stat_sys_signal_4 mMSimcombinedActivityIconId=0x7f0302c2 mAirplaneMode=false mMSimDataActivity=0 mMSimPhoneSignalIconId=0x7f030269 mMSimDataDirectionIconId=0x0 mMSimDataSignalIconId=0x7f030269 mMSimDataTypeIconId=0x0 mNoSimIconVisible false mWifiIconId=0x0 mBluetoothTetherIconId=0x10805cc
05-07 10:15:12.784 D/SystemUI( 1143): MSimSignalClusterViewwifi: GONE sig=0 act=2130903746
05-07 10:15:12.784 D/SystemUI( 1143): MSimSignalClusterViewwifi: GONE sig=0 act=2130903746
05-07 10:15:12.784 D/StatusBar.MSimNetworkController ( 1143): updateDataIconi: SUB1 is not DDS.  Clear the mMSimDataConnected Flag and return
05-07 10:15:12.784 D/StatusBar.MSimNetworkController ( 1143): refreshViews subscription=1 mMSimDataConnected=false
05-07 10:15:12.784 D/StatusBar.MSimNetworkController ( 1143): refreshViews mMSimDataActivity=0
05-07 10:15:12.784 D/StatusBar.MSimNetworkController ( 1143): refreshViews update icon subscription===1 mMSimPhoneSignalIconId[subscription]===2130903657 mMSimPhoneSignalTypeIconId[subscription]===2130903712 mMSimMobileActivityIconId[subscription]===0 mMSimDataTypeIconId[subscription]===0
05-07 10:15:12.794 D/SystemUI( 1143): MSimSignalClusterViewwifi: GONE sig=0 act=2130903746
05-07 10:15:12.794 D/SystemUI( 1143): MSimSignalClusterViewwifi: GONE sig=0 act=2130903746
05-07 10:15:12.804 D/SystemUI( 1143): MSimSignalClusterViewwifi: GONE sig=0 act=2130903746
05-07 10:15:12.804 D/SystemUI( 1143): MSimSignalClusterViewwifi: GONE sig=0 act=2130903746
05-07 10:15:12.804 D/SystemUI( 1143): MSimSignalClusterViewwifi: GONE sig=0 act=2130903746
05-07 10:15:12.804 D/SystemUI( 1143): MSimSignalClusterViewwifi: GONE sig=0 act=2130903746
05-07 10:15:12.804 D/SystemUI( 1143): StatusBar.MSimNetworkController changing data overlay icon id to 2130903746
05-07 10:15:12.804 W/Settings( 1143): Setting multi_sim_data_call has moved from android.provider.Settings.System to android.provider.Settings.Global, returning read-only value.
05-07 10:15:12.804 D/SystemUI( 1143): StatusBar.MSimNetworkController onDataActivity received on subscription:0 direction=0 dataSub=0
05-07 10:15:12.804 W/Settings( 1143): Setting multi_sim_data_call has moved from android.provider.Settings.System to android.provider.Settings.Global, returning read-only value.
05-07 10:15:12.804 D/SystemUI( 1143): StatusBar.MSimNetworkController updateDataIcon subscription=0 dataSub=0 simState=UNKNOWN
05-07 10:15:12.804 D/SystemUI( 1143): StatusBar.MSimNetworkController refreshViews connected={ data } level=4 mMSimcombinedSignalIconId=0x7f030269/com.android.systemui:drawable/stat_sys_signal_4 mMSimcombinedActivityIconId=0x7f030281 mAirplaneMode=false mMSimDataActivity=0 mMSimPhoneSignalIconId=0x7f030269 mMSimDataDirectionIconId=0x7f0301ec mMSimDataSignalIconId=0x7f030269 mMSimDataTypeIconId=0x7f0301ec mNoSimIconVisible false mWifiIconId=0x0 mBluetoothTetherIconId=0x10805cc
05-07 10:15:12.804 D/SystemUI( 1143): StatusBar.MSimNetworkController changing data overlay icon id to 2130903681
05-07 10:15:12.804 W/Settings( 1143): Setting multi_sim_data_call has moved from android.provider.Settings.System to android.provider.Settings.Global, returning read-only value.
05-07 10:15:12.804 D/SystemUI( 1143): StatusBar.MSimNetworkController onDataActivity received on subscription:1 direction=0 dataSub=0
05-07 10:15:12.804 W/Settings( 1143): Setting multi_sim_data_call has moved from android.provider.Settings.System to android.provider.Settings.Global, returning read-only value.
05-07 10:15:12.804 D/SystemUI( 1143): StatusBar.MSimNetworkController updateDataIcon subscription=1 dataSub=0 simState=UNKNOWN
05-07 10:15:12.804 D/SystemUI( 1143): StatusBar.MSimNetworkController refreshViews connected={ } level=4 mMSimcombinedSignalIconId=0x7f030269/com.android.systemui:drawable/stat_sys_signal_4 mMSimcombinedActivityIconId=0x7f0302c2 mAirplaneMode=false mMSimDataActivity=0 mMSimPhoneSignalIconId=0x7f030269 mMSimDataDirectionIconId=0x0 mMSimDataSignalIconId=0x7f030269 mMSimDataTypeIconId=0x0 mNoSimIconVisible false mWifiIconId=0x0 mBluetoothTetherIconId=0x10805cc
05-07 10:15:12.804 D/SystemUI( 1143): StatusBar.MSimNetworkController changing data overlay icon id to 2130903746
05-07 10:15:12.804 D/StatusBar.MSimNetworkController ( 1143): updateDataIcon mMSimDataConnected=true
05-07 10:15:12.804 D/StatusBar.MSimNetworkController ( 1143): refreshViews subscription=0 mMSimDataConnected=true
05-07 10:15:12.804 D/StatusBar.MSimNetworkController ( 1143): refreshViews mMSimDataActivity=0
05-07 10:15:12.804 D/StatusBar.MSimNetworkController ( 1143): updateDataNetType subscription =0mMSimDataNetType =6
05-07 10:15:12.804 D/StatusBar.MSimNetworkController ( 1143): refreshViews update icon subscription===0 mMSimPhoneSignalIconId[subscription]===2130903657 mMSimPhoneSignalTypeIconId[subscription]===2130903711 mMSimMobileActivityIconId[subscription]===2130903681 mMSimDataTypeIconId[subscription]===2130903532
05-07 10:15:12.804 D/StatusBar.MSimNetworkController ( 1143): updateDataIconi: SUB1 is not DDS.  Clear the mMSimDataConnected Flag and return
05-07 10:15:12.804 D/StatusBar.MSimNetworkController ( 1143): refreshViews subscription=1 mMSimDataConnected=false
05-07 10:15:12.804 D/StatusBar.MSimNetworkController ( 1143): refreshViews mMSimDataActivity=0
05-07 10:15:12.804 D/StatusBar.MSimNetworkController ( 1143): refreshViews update icon subscription===1 mMSimPhoneSignalIconId[subscription]===2130903657 mMSimPhoneSignalTypeIconId[subscription]===2130903712 mMSimMobileActivityIconId[subscription]===0 mMSimDataTypeIconId[subscription]===0
05-07 10:15:12.814 D/IconMerger( 1143): moreView.visibility = GONE
05-07 10:15:14.154 W/System.err(28538): android.os.DeadObjectException
05-07 10:15:14.154 W/System.err(28538): 	at android.os.BinderProxy.transact(Native Method)
05-07 10:15:14.154 W/System.err(28538): 	at android.os.IMessenger$Stub$Proxy.send(IMessenger.java:89)
05-07 10:15:14.154 W/System.err(28538): 	at android.os.Messenger.send(Messenger.java:50)
05-07 10:15:14.154 W/System.err(28538): 	at com.baidu.location.LocationClient.byte(Unknown Source)
05-07 10:15:14.154 W/System.err(28538): 	at com.baidu.location.LocationClient.a(Unknown Source)
05-07 10:15:14.154 W/System.err(28538): 	at com.baidu.location.LocationClient$a.handleMessage(Unknown Source)
05-07 10:15:14.154 W/System.err(28538): 	at android.os.Handler.dispatchMessage(Handler.java:102)
05-07 10:15:14.154 W/System.err(28538): 	at android.os.Looper.loop(Looper.java:136)
05-07 10:15:14.154 W/System.err(28538): 	at android.app.ActivityThread.main(ActivityThread.java:5291)
05-07 10:15:14.154 W/System.err(28538): 	at java.lang.reflect.Method.invokeNative(Native Method)
05-07 10:15:14.154 W/System.err(28538): 	at java.lang.reflect.Method.invoke(Method.java:515)
05-07 10:15:14.154 W/System.err(28538): 	at com.android.internal.os.ZygoteInit$MethodAndArgsCaller.run(ZygoteInit.java:865)
05-07 10:15:14.154 W/System.err(28538): 	at com.android.internal.os.ZygoteInit.main(ZygoteInit.java:681)
05-07 10:15:14.154 W/System.err(28538): 	at dalvik.system.NativeStart.main(Native Method)
05-07 10:15:14.734 D/SystemUI( 1143): StatusBar.MSimNetworkController onSignalStrengthsChanged received on subscription :0signalStrength=SignalStrength:GW:99 -1 -1 -1 0,CDMA:-64 -70,EVDO:-54 -10 8,LTE:99 2147483647 2147483647 2147483647 2147483647,TD:2147483647;cdma level=4
05-07 10:15:14.734 D/StatusBar.MSimNetworkController ( 1143): updateTelephonySignalStrength: subscription =0
05-07 10:15:14.744 D/cell strength( 1354): ===== cell singal strength changed : -64
05-07 10:15:14.744 I/StatusBar.MSimNetworkController ( 1143): sub:0 phoneType:2 networktype:6 targetClass:2 isRoam:false masterLevel:4 slaveLevel:4
05-07 10:15:14.754 D/SystemUI( 1143): StatusBar.MSimNetworkController refreshViews connected={ data } level=4 mMSimcombinedSignalIconId=0x7f030269/com.android.systemui:drawable/stat_sys_signal_4 mMSimcombinedActivityIconId=0x7f030281 mAirplaneMode=false mMSimDataActivity=0 mMSimPhoneSignalIconId=0x7f030269 mMSimDataDirectionIconId=0x7f0301ec mMSimDataSignalIconId=0x7f030269 mMSimDataTypeIconId=0x7f0301ec mNoSimIconVisible false mWifiIconId=0x0 mBluetoothTetherIconId=0x10805cc
05-07 10:15:14.754 D/SystemUI( 1143): MSimSignalClusterViewwifi: GONE sig=0 act=2130903746
05-07 10:15:14.754 D/StatusBar.MSimNetworkController ( 1143): subscription:0 SlotId===0
05-07 10:15:14.754 D/StatusBar.MSimNetworkController ( 1143): refreshViews subscription=0 mMSimDataConnected=true
05-07 10:15:14.754 D/StatusBar.MSimNetworkController ( 1143): refreshViews mMSimDataActivity=0
05-07 10:15:14.754 D/StatusBar.MSimNetworkController ( 1143): updateDataNetType subscription =0mMSimDataNetType =6
05-07 10:15:14.754 D/StatusBar.MSimNetworkController ( 1143): refreshViews update icon subscription===0 mMSimPhoneSignalIconId[subscription]===2130903657 mMSimPhoneSignalTypeIconId[subscription]===2130903711 mMSimMobileActivityIconId[subscription]===2130903681 mMSimDataTypeIconId[subscription]===2130903532
05-07 10:15:14.774 D/SystemUI( 1143): MSimSignalClusterViewwifi: GONE sig=0 act=2130903746
05-07 10:15:14.784 D/MSimTelephonyRegistry(  923): validateEventsAndUserLocked: valid=false r.callerUid=0 foregroundUser=0 r.events=1 events=1024
05-07 10:15:14.784 D/MSimTelephonyRegistry(  923): validateEventsAndUserLocked: valid=false r.callerUid=0 foregroundUser=0 r.events=1 events=1024
05-07 10:15:14.784 D/MSimTelephonyRegistry(  923): validateEventsAndUserLocked: valid=false r.callerUid=0 foregroundUser=0 r.events=481 events=1024
05-07 10:15:14.784 D/MSimTelephonyRegistry(  923): validateEventsAndUserLocked: valid=false r.callerUid=0 foregroundUser=0 r.events=481 events=1024
05-07 10:15:14.784 D/MSimTelephonyRegistry(  923): validateEventsAndUserLocked: valid=false r.callerUid=0 foregroundUser=0 r.events=481 events=1024
05-07 10:15:14.784 D/MSimTelephonyRegistry(  923): validateEventsAndUserLocked: valid=false r.callerUid=0 foregroundUser=0 r.events=481 events=1024
05-07 10:15:14.784 D/MSimTelephonyRegistry(  923): validateEventsAndUserLocked: valid=false r.callerUid=0 foregroundUser=0 r.events=12 events=1024
05-07 10:15:14.784 D/MSimTelephonyRegistry(  923): validateEventsAndUserLocked: valid=false r.callerUid=0 foregroundUser=0 r.events=12 events=1024
05-07 10:15:14.784 D/TelephonyRegistry(  923): validateEventsAndUserLocked: valid=false r.callerUid=0 foregroundUser=0 r.events=256 events=1024
05-07 10:15:14.784 D/TelephonyRegistry(  923): validateEventsAndUserLocked: valid=false r.callerUid=0 foregroundUser=0 r.events=256 events=1024
05-07 10:15:14.784 D/TelephonyRegistry(  923): validateEventsAndUserLocked: valid=false r.callerUid=0 foregroundUser=0 r.events=256 events=1024
05-07 10:15:14.784 D/TelephonyRegistry(  923): validateEventsAndUserLocked: valid=false r.callerUid=0 foregroundUser=0 r.events=256 events=1024
05-07 10:15:14.784 D/TelephonyRegistry(  923): validateEventsAndUserLocked: valid=false r.callerUid=0 foregroundUser=0 r.events=256 events=1024
05-07 10:15:14.784 D/TelephonyRegistry(  923): validateEventsAndUserLocked: valid=false r.callerUid=0 foregroundUser=0 r.events=256 events=1024
05-07 10:15:14.784 D/TelephonyRegistry(  923): validateEventsAndUserLocked: valid=false r.callerUid=0 foregroundUser=0 r.events=256 events=1024
05-07 10:15:14.784 D/TelephonyRegistry(  923): validateEventsAndUserLocked: valid=false r.callerUid=0 foregroundUser=0 r.events=256 events=1024
05-07 10:15:14.784 D/TelephonyRegistry(  923): validateEventsAndUserLocked: valid=false r.callerUid=0 foregroundUser=0 r.events=449 events=1024
05-07 10:15:14.784 D/TelephonyRegistry(  923): validateEventsAndUserLocked: valid=false r.callerUid=0 foregroundUser=0 r.events=32 events=1024
05-07 10:15:14.784 D/TelephonyRegistry(  923): validateEventsAndUserLocked: valid=false r.callerUid=0 foregroundUser=0 r.events=32 events=1024
05-07 10:15:14.784 D/TelephonyRegistry(  923): validateEventsAndUserLocked: valid=false r.callerUid=0 foregroundUser=0 r.events=64 events=1024
05-07 10:15:14.784 D/TelephonyRegistry(  923): validateEventsAndUserLocked: valid=false r.callerUid=0 foregroundUser=0 r.events=1 events=1024
05-07 10:15:14.784 D/TelephonyRegistry(  923): validateEventsAndUserLocked: valid=false r.callerUid=0 foregroundUser=0 r.events=1 events=1024
05-07 10:15:14.784 D/TelephonyRegistry(  923): validateEventsAndUserLocked: valid=false r.callerUid=0 foregroundUser=0 r.events=32 events=1024
05-07 10:15:14.784 D/TelephonyRegistry(  923): validateEventsAndUserLocked: valid=false r.callerUid=0 foregroundUser=0 r.events=1 events=1024
05-07 10:15:14.784 D/TelephonyRegistry(  923): validateEventsAndUserLocked: valid=false r.callerUid=0 foregroundUser=0 r.events=33 events=1024
05-07 10:15:14.784 D/TelephonyRegistry(  923): validateEventsAndUserLocked: valid=false r.callerUid=0 foregroundUser=0 r.events=225 events=1024
05-07 10:15:14.784 D/TelephonyRegistry(  923): validateEventsAndUserLocked: valid=false r.callerUid=0 foregroundUser=0 r.events=512 events=1024
05-07 10:15:14.784 D/TelephonyRegistry(  923): validateEventsAndUserLocked: valid=false r.callerUid=0 foregroundUser=0 r.events=272 events=1024
05-07 10:15:14.784 D/TelephonyRegistry(  923): validateEventsAndUserLocked: valid=false r.callerUid=0 foregroundUser=0 r.events=256 events=1024
05-07 10:15:14.784 D/TelephonyRegistry(  923): validateEventsAndUserLocked: valid=false r.callerUid=0 foregroundUser=0 r.events=32 events=1024
05-07 10:15:14.784 D/TelephonyRegistry(  923): validateEventsAndUserLocked: valid=false r.callerUid=0 foregroundUser=0 r.events=256 events=1024
05-07 10:15:14.784 D/TelephonyRegistry(  923): validateEventsAndUserLocked: valid=false r.callerUid=0 foregroundUser=0 r.events=256 events=1024
